###############################################################################
#
# IAR ELF Linker V7.40.1.8447/W32 for ARM                 31/Aug/2015  13:45:50
# Copyright 2007-2015 IAR Systems AB.
#
#    Output file  =  
#        D:\My
#        Projects\elevator_emergency_communicator\stm32_test_component\SDCard_stm32f407\EWARM\STM32CubeMX_UCOSIII_f407_Template
#        Configuration\Exe\STM32CubeMX_UCOSIII_f407_Template Configuration.out
#    Map file     =  
#        D:\My
#        Projects\elevator_emergency_communicator\stm32_test_component\SDCard_stm32f407\EWARM\STM32CubeMX_UCOSIII_f407_Template
#        Configuration/List\STM32CubeMX_UCOSIII_f407_Template Configuration.map
#    Command line =  
#        "D:\My
#        Projects\elevator_emergency_communicator\stm32_test_component\SDCard_stm32f407\EWARM\STM32CubeMX_UCOSIII_f407_Template
#        Configuration\Obj\adc.o" "D:\My
#        Projects\elevator_emergency_communicator\stm32_test_component\SDCard_stm32f407\EWARM\STM32CubeMX_UCOSIII_f407_Template
#        Configuration\Obj\bsp.o" "D:\My
#        Projects\elevator_emergency_communicator\stm32_test_component\SDCard_stm32f407\EWARM\STM32CubeMX_UCOSIII_f407_Template
#        Configuration\Obj\bsp_driver_sd.o" "D:\My
#        Projects\elevator_emergency_communicator\stm32_test_component\SDCard_stm32f407\EWARM\STM32CubeMX_UCOSIII_f407_Template
#        Configuration\Obj\cpu_a.o" "D:\My
#        Projects\elevator_emergency_communicator\stm32_test_component\SDCard_stm32f407\EWARM\STM32CubeMX_UCOSIII_f407_Template
#        Configuration\Obj\cpu_c.o" "D:\My
#        Projects\elevator_emergency_communicator\stm32_test_component\SDCard_stm32f407\EWARM\STM32CubeMX_UCOSIII_f407_Template
#        Configuration\Obj\cpu_core.o" "D:\My
#        Projects\elevator_emergency_communicator\stm32_test_component\SDCard_stm32f407\EWARM\STM32CubeMX_UCOSIII_f407_Template
#        Configuration\Obj\diskio.o" "D:\My
#        Projects\elevator_emergency_communicator\stm32_test_component\SDCard_stm32f407\EWARM\STM32CubeMX_UCOSIII_f407_Template
#        Configuration\Obj\dma.o" "D:\My
#        Projects\elevator_emergency_communicator\stm32_test_component\SDCard_stm32f407\EWARM\STM32CubeMX_UCOSIII_f407_Template
#        Configuration\Obj\fatfs.o" "D:\My
#        Projects\elevator_emergency_communicator\stm32_test_component\SDCard_stm32f407\EWARM\STM32CubeMX_UCOSIII_f407_Template
#        Configuration\Obj\ff.o" "D:\My
#        Projects\elevator_emergency_communicator\stm32_test_component\SDCard_stm32f407\EWARM\STM32CubeMX_UCOSIII_f407_Template
#        Configuration\Obj\ff_gen_drv.o" "D:\My
#        Projects\elevator_emergency_communicator\stm32_test_component\SDCard_stm32f407\EWARM\STM32CubeMX_UCOSIII_f407_Template
#        Configuration\Obj\gpio.o" "D:\My
#        Projects\elevator_emergency_communicator\stm32_test_component\SDCard_stm32f407\EWARM\STM32CubeMX_UCOSIII_f407_Template
#        Configuration\Obj\lib_ascii.o" "D:\My
#        Projects\elevator_emergency_communicator\stm32_test_component\SDCard_stm32f407\EWARM\STM32CubeMX_UCOSIII_f407_Template
#        Configuration\Obj\lib_math.o" "D:\My
#        Projects\elevator_emergency_communicator\stm32_test_component\SDCard_stm32f407\EWARM\STM32CubeMX_UCOSIII_f407_Template
#        Configuration\Obj\lib_mem.o" "D:\My
#        Projects\elevator_emergency_communicator\stm32_test_component\SDCard_stm32f407\EWARM\STM32CubeMX_UCOSIII_f407_Template
#        Configuration\Obj\lib_mem_a.o" "D:\My
#        Projects\elevator_emergency_communicator\stm32_test_component\SDCard_stm32f407\EWARM\STM32CubeMX_UCOSIII_f407_Template
#        Configuration\Obj\lib_str.o" "D:\My
#        Projects\elevator_emergency_communicator\stm32_test_component\SDCard_stm32f407\EWARM\STM32CubeMX_UCOSIII_f407_Template
#        Configuration\Obj\loopback.o" "D:\My
#        Projects\elevator_emergency_communicator\stm32_test_component\SDCard_stm32f407\EWARM\STM32CubeMX_UCOSIII_f407_Template
#        Configuration\Obj\main.o" "D:\My
#        Projects\elevator_emergency_communicator\stm32_test_component\SDCard_stm32f407\EWARM\STM32CubeMX_UCOSIII_f407_Template
#        Configuration\Obj\os_app_hooks.o" "D:\My
#        Projects\elevator_emergency_communicator\stm32_test_component\SDCard_stm32f407\EWARM\STM32CubeMX_UCOSIII_f407_Template
#        Configuration\Obj\os_cfg_app.o" "D:\My
#        Projects\elevator_emergency_communicator\stm32_test_component\SDCard_stm32f407\EWARM\STM32CubeMX_UCOSIII_f407_Template
#        Configuration\Obj\os_core.o" "D:\My
#        Projects\elevator_emergency_communicator\stm32_test_component\SDCard_stm32f407\EWARM\STM32CubeMX_UCOSIII_f407_Template
#        Configuration\Obj\os_cpu_a.o" "D:\My
#        Projects\elevator_emergency_communicator\stm32_test_component\SDCard_stm32f407\EWARM\STM32CubeMX_UCOSIII_f407_Template
#        Configuration\Obj\os_cpu_c.o" "D:\My
#        Projects\elevator_emergency_communicator\stm32_test_component\SDCard_stm32f407\EWARM\STM32CubeMX_UCOSIII_f407_Template
#        Configuration\Obj\os_dbg.o" "D:\My
#        Projects\elevator_emergency_communicator\stm32_test_component\SDCard_stm32f407\EWARM\STM32CubeMX_UCOSIII_f407_Template
#        Configuration\Obj\os_flag.o" "D:\My
#        Projects\elevator_emergency_communicator\stm32_test_component\SDCard_stm32f407\EWARM\STM32CubeMX_UCOSIII_f407_Template
#        Configuration\Obj\os_int.o" "D:\My
#        Projects\elevator_emergency_communicator\stm32_test_component\SDCard_stm32f407\EWARM\STM32CubeMX_UCOSIII_f407_Template
#        Configuration\Obj\os_mem.o" "D:\My
#        Projects\elevator_emergency_communicator\stm32_test_component\SDCard_stm32f407\EWARM\STM32CubeMX_UCOSIII_f407_Template
#        Configuration\Obj\os_msg.o" "D:\My
#        Projects\elevator_emergency_communicator\stm32_test_component\SDCard_stm32f407\EWARM\STM32CubeMX_UCOSIII_f407_Template
#        Configuration\Obj\os_mutex.o" "D:\My
#        Projects\elevator_emergency_communicator\stm32_test_component\SDCard_stm32f407\EWARM\STM32CubeMX_UCOSIII_f407_Template
#        Configuration\Obj\os_pend_multi.o" "D:\My
#        Projects\elevator_emergency_communicator\stm32_test_component\SDCard_stm32f407\EWARM\STM32CubeMX_UCOSIII_f407_Template
#        Configuration\Obj\os_prio.o" "D:\My
#        Projects\elevator_emergency_communicator\stm32_test_component\SDCard_stm32f407\EWARM\STM32CubeMX_UCOSIII_f407_Template
#        Configuration\Obj\os_q.o" "D:\My
#        Projects\elevator_emergency_communicator\stm32_test_component\SDCard_stm32f407\EWARM\STM32CubeMX_UCOSIII_f407_Template
#        Configuration\Obj\os_sem.o" "D:\My
#        Projects\elevator_emergency_communicator\stm32_test_component\SDCard_stm32f407\EWARM\STM32CubeMX_UCOSIII_f407_Template
#        Configuration\Obj\os_stat.o" "D:\My
#        Projects\elevator_emergency_communicator\stm32_test_component\SDCard_stm32f407\EWARM\STM32CubeMX_UCOSIII_f407_Template
#        Configuration\Obj\os_task.o" "D:\My
#        Projects\elevator_emergency_communicator\stm32_test_component\SDCard_stm32f407\EWARM\STM32CubeMX_UCOSIII_f407_Template
#        Configuration\Obj\os_tick.o" "D:\My
#        Projects\elevator_emergency_communicator\stm32_test_component\SDCard_stm32f407\EWARM\STM32CubeMX_UCOSIII_f407_Template
#        Configuration\Obj\os_time.o" "D:\My
#        Projects\elevator_emergency_communicator\stm32_test_component\SDCard_stm32f407\EWARM\STM32CubeMX_UCOSIII_f407_Template
#        Configuration\Obj\os_tmr.o" "D:\My
#        Projects\elevator_emergency_communicator\stm32_test_component\SDCard_stm32f407\EWARM\STM32CubeMX_UCOSIII_f407_Template
#        Configuration\Obj\os_var.o" "D:\My
#        Projects\elevator_emergency_communicator\stm32_test_component\SDCard_stm32f407\EWARM\STM32CubeMX_UCOSIII_f407_Template
#        Configuration\Obj\retarget_iar.o" "D:\My
#        Projects\elevator_emergency_communicator\stm32_test_component\SDCard_stm32f407\EWARM\STM32CubeMX_UCOSIII_f407_Template
#        Configuration\Obj\rtc.o" "D:\My
#        Projects\elevator_emergency_communicator\stm32_test_component\SDCard_stm32f407\EWARM\STM32CubeMX_UCOSIII_f407_Template
#        Configuration\Obj\sd_diskio.o" "D:\My
#        Projects\elevator_emergency_communicator\stm32_test_component\SDCard_stm32f407\EWARM\STM32CubeMX_UCOSIII_f407_Template
#        Configuration\Obj\sdio.o" "D:\My
#        Projects\elevator_emergency_communicator\stm32_test_component\SDCard_stm32f407\EWARM\STM32CubeMX_UCOSIII_f407_Template
#        Configuration\Obj\socket.o" "D:\My
#        Projects\elevator_emergency_communicator\stm32_test_component\SDCard_stm32f407\EWARM\STM32CubeMX_UCOSIII_f407_Template
#        Configuration\Obj\spi.o" "D:\My
#        Projects\elevator_emergency_communicator\stm32_test_component\SDCard_stm32f407\EWARM\STM32CubeMX_UCOSIII_f407_Template
#        Configuration\Obj\startup_stm32f407xx.o" "D:\My
#        Projects\elevator_emergency_communicator\stm32_test_component\SDCard_stm32f407\EWARM\STM32CubeMX_UCOSIII_f407_Template
#        Configuration\Obj\stm32f4xx_hal.o" "D:\My
#        Projects\elevator_emergency_communicator\stm32_test_component\SDCard_stm32f407\EWARM\STM32CubeMX_UCOSIII_f407_Template
#        Configuration\Obj\stm32f4xx_hal_adc.o" "D:\My
#        Projects\elevator_emergency_communicator\stm32_test_component\SDCard_stm32f407\EWARM\STM32CubeMX_UCOSIII_f407_Template
#        Configuration\Obj\stm32f4xx_hal_adc_ex.o" "D:\My
#        Projects\elevator_emergency_communicator\stm32_test_component\SDCard_stm32f407\EWARM\STM32CubeMX_UCOSIII_f407_Template
#        Configuration\Obj\stm32f4xx_hal_cortex.o" "D:\My
#        Projects\elevator_emergency_communicator\stm32_test_component\SDCard_stm32f407\EWARM\STM32CubeMX_UCOSIII_f407_Template
#        Configuration\Obj\stm32f4xx_hal_dma.o" "D:\My
#        Projects\elevator_emergency_communicator\stm32_test_component\SDCard_stm32f407\EWARM\STM32CubeMX_UCOSIII_f407_Template
#        Configuration\Obj\stm32f4xx_hal_dma_ex.o" "D:\My
#        Projects\elevator_emergency_communicator\stm32_test_component\SDCard_stm32f407\EWARM\STM32CubeMX_UCOSIII_f407_Template
#        Configuration\Obj\stm32f4xx_hal_flash.o" "D:\My
#        Projects\elevator_emergency_communicator\stm32_test_component\SDCard_stm32f407\EWARM\STM32CubeMX_UCOSIII_f407_Template
#        Configuration\Obj\stm32f4xx_hal_flash_ex.o" "D:\My
#        Projects\elevator_emergency_communicator\stm32_test_component\SDCard_stm32f407\EWARM\STM32CubeMX_UCOSIII_f407_Template
#        Configuration\Obj\stm32f4xx_hal_flash_ramfunc.o" "D:\My
#        Projects\elevator_emergency_communicator\stm32_test_component\SDCard_stm32f407\EWARM\STM32CubeMX_UCOSIII_f407_Template
#        Configuration\Obj\stm32f4xx_hal_gpio.o" "D:\My
#        Projects\elevator_emergency_communicator\stm32_test_component\SDCard_stm32f407\EWARM\STM32CubeMX_UCOSIII_f407_Template
#        Configuration\Obj\stm32f4xx_hal_msp.o" "D:\My
#        Projects\elevator_emergency_communicator\stm32_test_component\SDCard_stm32f407\EWARM\STM32CubeMX_UCOSIII_f407_Template
#        Configuration\Obj\stm32f4xx_hal_pwr.o" "D:\My
#        Projects\elevator_emergency_communicator\stm32_test_component\SDCard_stm32f407\EWARM\STM32CubeMX_UCOSIII_f407_Template
#        Configuration\Obj\stm32f4xx_hal_pwr_ex.o" "D:\My
#        Projects\elevator_emergency_communicator\stm32_test_component\SDCard_stm32f407\EWARM\STM32CubeMX_UCOSIII_f407_Template
#        Configuration\Obj\stm32f4xx_hal_rcc.o" "D:\My
#        Projects\elevator_emergency_communicator\stm32_test_component\SDCard_stm32f407\EWARM\STM32CubeMX_UCOSIII_f407_Template
#        Configuration\Obj\stm32f4xx_hal_rcc_ex.o" "D:\My
#        Projects\elevator_emergency_communicator\stm32_test_component\SDCard_stm32f407\EWARM\STM32CubeMX_UCOSIII_f407_Template
#        Configuration\Obj\stm32f4xx_hal_rtc.o" "D:\My
#        Projects\elevator_emergency_communicator\stm32_test_component\SDCard_stm32f407\EWARM\STM32CubeMX_UCOSIII_f407_Template
#        Configuration\Obj\stm32f4xx_hal_rtc_ex.o" "D:\My
#        Projects\elevator_emergency_communicator\stm32_test_component\SDCard_stm32f407\EWARM\STM32CubeMX_UCOSIII_f407_Template
#        Configuration\Obj\stm32f4xx_hal_sd.o" "D:\My
#        Projects\elevator_emergency_communicator\stm32_test_component\SDCard_stm32f407\EWARM\STM32CubeMX_UCOSIII_f407_Template
#        Configuration\Obj\stm32f4xx_hal_spi.o" "D:\My
#        Projects\elevator_emergency_communicator\stm32_test_component\SDCard_stm32f407\EWARM\STM32CubeMX_UCOSIII_f407_Template
#        Configuration\Obj\stm32f4xx_hal_uart.o" "D:\My
#        Projects\elevator_emergency_communicator\stm32_test_component\SDCard_stm32f407\EWARM\STM32CubeMX_UCOSIII_f407_Template
#        Configuration\Obj\stm32f4xx_it.o" "D:\My
#        Projects\elevator_emergency_communicator\stm32_test_component\SDCard_stm32f407\EWARM\STM32CubeMX_UCOSIII_f407_Template
#        Configuration\Obj\stm32f4xx_ll_sdmmc.o" "D:\My
#        Projects\elevator_emergency_communicator\stm32_test_component\SDCard_stm32f407\EWARM\STM32CubeMX_UCOSIII_f407_Template
#        Configuration\Obj\syscall.o" "D:\My
#        Projects\elevator_emergency_communicator\stm32_test_component\SDCard_stm32f407\EWARM\STM32CubeMX_UCOSIII_f407_Template
#        Configuration\Obj\system_stm32f4xx.o" "D:\My
#        Projects\elevator_emergency_communicator\stm32_test_component\SDCard_stm32f407\EWARM\STM32CubeMX_UCOSIII_f407_Template
#        Configuration\Obj\usart.o" "D:\My
#        Projects\elevator_emergency_communicator\stm32_test_component\SDCard_stm32f407\EWARM\STM32CubeMX_UCOSIII_f407_Template
#        Configuration\Obj\w5500.o" "D:\My
#        Projects\elevator_emergency_communicator\stm32_test_component\SDCard_stm32f407\EWARM\STM32CubeMX_UCOSIII_f407_Template
#        Configuration\Obj\wizchip_conf.o" --redirect _Printf=_PrintfFull
#        --redirect _Scanf=_ScanfFull -o "D:\My
#        Projects\elevator_emergency_communicator\stm32_test_component\SDCard_stm32f407\EWARM\STM32CubeMX_UCOSIII_f407_Template
#        Configuration\Exe\STM32CubeMX_UCOSIII_f407_Template Configuration.out"
#        --map "D:\My
#        Projects\elevator_emergency_communicator\stm32_test_component\SDCard_stm32f407\EWARM\STM32CubeMX_UCOSIII_f407_Template
#        Configuration/List\STM32CubeMX_UCOSIII_f407_Template
#        Configuration.map" --config "D:\My
#        Projects\elevator_emergency_communicator\stm32_test_component\SDCard_stm32f407\EWARM\stm32f407xx_flash.icf"
#        --semihosting --entry __iar_program_start --vfe
#
###############################################################################

*******************************************************************************
*** RUNTIME MODEL ATTRIBUTES
***

CppFlavor                     = *
__Heap_Handler                = Basic
__SystemLibrary               = DLib
__dlib_dynamic_initialization = normal


*******************************************************************************
*** PLACEMENT SUMMARY
***

"A1":  place at 0x08000000 { ro section .intvec };
"P1":  place in [from 0x08000000 to 0x080fffff] { ro };
"P2":  place in [from 0x20000000 to 0x2001ffff] { rw, block CSTACK, block HEAP };

  Section             Kind        Address     Size  Object
  -------             ----        -------     ----  ------
"A1":                                        0x188
  .intvec             ro code  0x08000000    0x188  startup_stm32f407xx.o [1]
                             - 0x08000188    0x188

"P1":                                      0x112a5
  .text               ro code  0x08000188   0x2976  stm32f4xx_hal_dma.o [1]
  .text               ro code  0x08002afe     0x22  zero_init3.o [5]
  .text               ro code  0x08002b20     0x94  stm32f4xx_hal.o [1]
  .text               ro code  0x08002bb4    0x168  stm32f4xx_hal_cortex.o [1]
  .text               ro code  0x08002d1c     0x16  stm32f4xx_hal_msp.o [1]
  .text               ro code  0x08002d32      0xa  xsprout.o [3]
  .text               ro code  0x08002d3c    0x780  stm32f4xx_hal_rcc.o [1]
  .text               ro code  0x080034bc    0x704  main.o [1]
  .text               ro code  0x08003bc0    0x11c  gpio.o [1]
  .text               ro code  0x08003cdc     0x88  dma.o [1]
  .text               ro code  0x08003d64    0x11c  adc.o [1]
  .text               ro code  0x08003e80     0xb0  rtc.o [1]
  .text               ro code  0x08003f30    0x198  sdio.o [1]
  .text               ro code  0x080040c8    0x19c  spi.o [1]
  .text               ro code  0x08004264     0xa4  usart.o [1]
  .text               ro code  0x08004308     0x1c  fatfs.o [1]
  .text               ro code  0x08004324    0xa82  os_core.o [1]
  .rodata             const    0x08004da6      0x2  os_cfg_app.o [1]
  CODE                ro code  0x08004da8     0x34  cpu_a.o [1]
  .text               ro code  0x08004ddc    0xe90  os_task.o [1]
  .text               ro code  0x08005c6c    0x174  stm32f4xx_hal_rcc_ex.o [1]
  .text               ro code  0x08005de0    0x130  os_time.o [1]
  .text               ro code  0x08005f10     0x4c  cpu_core.o [1]
  .text               ro code  0x08005f5c    0x5c4  os_stat.o [1]
  .text               ro code  0x08006520     0x76  ABImemcpy_unaligned.o [5]
  .rodata             const    0x08006596      0x2  os_cfg_app.o [1]
  .text               ro code  0x08006598     0x24  printf.o [3]
  .text               ro code  0x080065bc    0x410  os_sem.o [1]
  .text               ro code  0x080069cc    0x7ae  wizchip_conf.o [1]
  .rodata             const    0x0800717a      0x2  os_cfg_app.o [1]
  .text               ro code  0x0800717c    0x474  w5500.o [1]
  .text               ro code  0x080075f0    0x6c0  socket.o [1]
  .text               ro code  0x08007cb0     0xf8  loopback.o [1]
  .text               ro code  0x08007da8    0x25c  stm32f4xx_hal_gpio.o [1]
  .text               ro code  0x08008004     0x34  sprintf.o [3]
  .text               ro code  0x08008038   0x1998  ff.o [1]
  .text               ro code  0x080099d0    0x430  stm32f4xx_hal_rtc.o [1]
  .text               ro code  0x08009e00     0x66  ABImemset.o [5]
  .rodata             const    0x08009e66      0x2  os_cfg_app.o [1]
  .text               ro code  0x08009e68    0x348  stm32f4xx_hal_adc.o [1]
  .text               ro code  0x0800a1b0     0x54  stm32f4xx_hal_rtc_ex.o [1]
  .text               ro code  0x0800a204    0xebe  stm32f4xx_hal_spi.o [1]
  .rodata             const    0x0800b0c2      0x2  os_dbg.o [1]
  .text               ro code  0x0800b0c4    0x738  stm32f4xx_hal_uart.o [1]
  .text               ro code  0x0800b7fc     0x54  ff_gen_drv.o [1]
  .text               ro code  0x0800b850    0x33c  os_cpu_c.o [1]
  .text               ro code  0x0800bb8c     0xa0  os_prio.o [1]
  .text               ro code  0x0800bc2c    0x25e  os_flag.o [1]
  .rodata             const    0x0800be8a      0x2  os_dbg.o [1]
  .text               ro code  0x0800be8c     0x1c  os_mem.o [1]
  .text               ro code  0x0800bea8    0x204  os_msg.o [1]
  .text               ro code  0x0800c0ac     0x1c  os_mutex.o [1]
  .text               ro code  0x0800c0c8    0x13c  os_q.o [1]
  .text               ro code  0x0800c204    0x434  os_int.o [1]
  .text               ro code  0x0800c638    0x55c  os_tick.o [1]
  .text               ro code  0x0800cb94    0x344  os_tmr.o [1]
  .text               ro code  0x0800ced8    0x23c  os_dbg.o [1]
  .text               ro code  0x0800d114    0x14c  os_cfg_app.o [1]
  CODE                ro code  0x0800d260     0xc0  os_cpu_a.o [1]
  .text               ro code  0x0800d320     0x4c  bsp.o [1]
  .text               ro code  0x0800d36c     0x86  lib_mem.o [1]
  .rodata             const    0x0800d3f2      0x2  os_dbg.o [1]
  .text               ro code  0x0800d3f4   0x1156  xprintffull.o [3]
  .rodata             const    0x0800e54a      0x2  os_dbg.o [1]
  .text               ro code  0x0800e54c     0xc8  diskio.o [1]
  .text               ro code  0x0800e614     0x20  xmbtowc.o [3]
  .text               ro code  0x0800e634     0x16  strchr.o [5]
  .rodata             const    0x0800e64a      0x2  os_dbg.o [1]
  .text               ro code  0x0800e64c     0x36  strlen.o [5]
  .rodata             const    0x0800e682      0x2  os_dbg.o [1]
  .text               ro code  0x0800e684     0x58  memchr.o [5]
  .text               ro code  0x0800e6dc      0xa  xmbcurmax.o [3]
  .rodata             const    0x0800e6e6      0x2  os_dbg.o [1]
  .text               ro code  0x0800e6e8     0xb0  xxmemxmalloc.o [3]
  .text               ro code  0x0800e798     0x1a  xwctomb.o [3]
  .rodata             const    0x0800e7b2      0x2  os_dbg.o [1]
  .text               ro code  0x0800e7b4     0x80  xxmemxfree.o [3]
  .text               ro code  0x0800e834     0xee  I64DivMod.o [5]
  .text               ro code  0x0800e922     0x42  xdnorm.o [4]
  .text               ro code  0x0800e964     0x2e  DblCmpLe.o [4]
  .rodata             const    0x0800e992      0x2  os_dbg.o [1]
  .text               ro code  0x0800e994     0x2e  DblCmpGe.o [4]
  .rodata             const    0x0800e9c2      0x2  os_dbg.o [1]
  .text               ro code  0x0800e9c4    0x118  xdscale.o [4]
  .text               ro code  0x0800eadc     0x58  DblToI32.o [4]
  .text               ro code  0x0800eb34     0x30  I32ToDbl.o [4]
  .text               ro code  0x0800eb64    0x180  DblSub.o [4]
  .text               ro code  0x0800ece4    0x1a2  DblMul.o [4]
  .rodata             const    0x0800ee86      0x2  os_dbg.o [1]
  .text               ro code  0x0800ee88    0x256  DblDiv.o [4]
  .rodata             const    0x0800f0de      0x2  os_dbg.o [1]
  .text               ro code  0x0800f0e0     0x6c  localeconv.o [3]
  .text               ro code  0x0800f14c      0xe  div.o [3]
  .rodata             const    0x0800f15a      0x2  os_dbg.o [1]
  .text               ro code  0x0800f15c     0x14  setlocale.o [3]
  .text               ro code  0x0800f170     0x60  xencoding_sb.o [3]
  .text               ro code  0x0800f1d0     0x2c  xgetmemchunk.o [3]
  .text               ro code  0x0800f1fc      0x2  I64DivZer.o [5]
  .rodata             const    0x0800f1fe      0x2  os_dbg.o [1]
  .text               ro code  0x0800f200     0xd4  DblAdd.o [4]
  .text               ro code  0x0800f2d4      0x2  xtls.o [3]
  .rodata             const    0x0800f2d6      0x2  os_dbg.o [1]
  .text               ro code  0x0800f2d8   0x12e4  stm32f4xx_hal_sd.o [1]
  .text               ro code  0x080105bc     0xc4  stm32f4xx_ll_sdmmc.o [1]
  .text               ro code  0x08010680    0x160  bsp_driver_sd.o [1]
  .text               ro code  0x080107e0    0x114  sd_diskio.o [1]
  .text               ro code  0x080108f4     0xd0  packbits_init.o [5]
  .text               ro code  0x080109c4      0x6  abort.o [3]
  .rodata             const    0x080109ca      0x2  os_dbg.o [1]
  .text               ro code  0x080109cc     0x14  exit.o [6]
  .rodata             const    0x080109e0     0x80  ff.o [1]
  .text               ro code  0x08010a60     0x80  stm32f4xx_it.o [1]
  .text               ro code  0x08010ae0     0x6c  system_stm32f4xx.o [1]
  .rodata             const    0x08010b4c     0x34  main.o [1]
  .rodata             const    0x08010b80     0x34  os_dbg.o [1]
  .rodata             const    0x08010bb4     0x30  main.o [1]
  .rodata             const    0x08010be4     0x30  os_dbg.o [1]
  .rodata             const    0x08010c14     0x2c  main.o [1]
  .rodata             const    0x08010c40     0x2c  main.o [1]
  .rodata             const    0x08010c6c     0x2c  os_dbg.o [1]
  .rodata             const    0x08010c98     0x28  loopback.o [1]
  .rodata             const    0x08010cc0     0x28  main.o [1]
  .rodata             const    0x08010ce8     0x28  os_dbg.o [1]
  .rodata             const    0x08010d10     0x28  os_dbg.o [1]
  .text               ro code  0x08010d38     0x28  data_init.o [5]
  .rodata             const    0x08010d60     0x24  bsp_driver_sd.o [1]
  .text               ro code  0x08010d84     0x22  fpinit_M.o [4]
  .iar.init_table     const    0x08010da8     0x2c  - Linker created -
  .rodata             const    0x08010dd4      0x2  os_dbg.o [1]
  .rodata             const    0x08010dd8     0x20  main.o [1]
  .rodata             const    0x08010df8     0x20  main.o [1]
  .rodata             const    0x08010e18     0x20  main.o [1]
  .rodata             const    0x08010e38     0x20  os_dbg.o [1]
  .rodata             const    0x08010e58     0x1c  loopback.o [1]
  .rodata             const    0x08010e74     0x1c  main.o [1]
  .rodata             const    0x08010e90     0x1c  main.o [1]
  .rodata             const    0x08010eac     0x1c  main.o [1]
  .rodata             const    0x08010ec8     0x1c  main.o [1]
  .rodata             const    0x08010ee4     0x1c  os_int.o [1]
  .text               ro code  0x08010f00     0x1c  retarget_iar.o [1]
  .text               ro code  0x08010f1c     0x1a  cmain.o [5]
  .text               ro code  0x08010f36      0x4  low_level_init.o [3]
  .text               ro code  0x08010f3a      0x4  exit.o [3]
  .rodata             const    0x08010f3e      0x2  os_dbg.o [1]
  .text               ro code  0x08010f40      0xa  cexit.o [5]
  .rodata             const    0x08010f4a      0x2  os_dbg.o [1]
  .rodata             const    0x08010f4c     0x18  loopback.o [1]
  .rodata             const    0x08010f64     0x18  main.o [1]
  .rodata             const    0x08010f7c     0x18  main.o [1]
  .rodata             const    0x08010f94     0x18  main.o [1]
  .rodata             const    0x08010fac     0x18  main.o [1]
  .rodata             const    0x08010fc4     0x18  main.o [1]
  .rodata             const    0x08010fdc     0x18  main.o [1]
  .rodata             const    0x08010ff4     0x18  main.o [1]
  .rodata             const    0x0801100c     0x18  os_tmr.o [1]
  .text               ro code  0x08011024     0x16  xprout.o [3]
  .rodata             const    0x0801103a      0x2  os_dbg.o [1]
  .text               ro code  0x0801103c      0xc  putchar.o [3]
  .rodata             const    0x08011048     0x14  main.o [1]
  .rodata             const    0x0801105c     0x14  main.o [1]
  .rodata             const    0x08011070     0x14  main.o [1]
  .rodata             const    0x08011084     0x14  main.o [1]
  .rodata             const    0x08011098     0x14  os_core.o [1]
  .rodata             const    0x080110ac     0x14  os_stat.o [1]
  .rodata             const    0x080110c0     0x14  os_tick.o [1]
  .rodata             const    0x080110d4     0x10  bsp_driver_sd.o [1]
  .rodata             const    0x080110e4     0x10  ff.o [1]
  .rodata             const    0x080110f4     0x10  main.o [1]
  .rodata             const    0x08011104     0x10  main.o [1]
  .rodata             const    0x08011114     0x10  stm32f4xx_hal_rcc.o [1]
  .text               ro code  0x08011124     0x10  startup_stm32f407xx.o [1]
  .rodata             const    0x08011134      0xc  main.o [1]
  .rodata             const    0x08011140      0xc  main.o [1]
  .rodata             const    0x0801114c      0xc  main.o [1]
  .rodata             const    0x08011158      0xc  main.o [1]
  .rodata             const    0x08011164      0xc  main.o [1]
  .rodata             const    0x08011170      0xc  main.o [1]
  .rodata             const    0x0801117c      0xc  os_core.o [1]
  .text               ro code  0x08011188      0xc  cstartup_M.o [5]
  .rodata             const    0x08011194      0x8  os_core.o [1]
  .rodata             const    0x0801119c      0x8  os_task.o [1]
  .rodata             const    0x080111a4      0x4  os_cfg_app.o [1]
  .rodata             const    0x080111a8      0x4  os_cfg_app.o [1]
  .rodata             const    0x080111ac      0x4  os_cfg_app.o [1]
  .rodata             const    0x080111b0      0x4  os_cfg_app.o [1]
  .rodata             const    0x080111b4      0x4  os_cfg_app.o [1]
  .rodata             const    0x080111b8      0x4  os_cfg_app.o [1]
  .rodata             const    0x080111bc      0x4  os_cfg_app.o [1]
  .rodata             const    0x080111c0      0x4  os_cfg_app.o [1]
  .rodata             const    0x080111c4      0x4  os_cfg_app.o [1]
  .rodata             const    0x080111c8      0x4  os_cfg_app.o [1]
  .rodata             const    0x080111cc      0x4  os_cfg_app.o [1]
  .rodata             const    0x080111d0      0x4  os_cfg_app.o [1]
  .rodata             const    0x080111d4      0x4  os_cfg_app.o [1]
  .rodata             const    0x080111d8      0x4  os_cfg_app.o [1]
  .rodata             const    0x080111dc      0x4  os_cfg_app.o [1]
  .rodata             const    0x080111e0      0x4  os_cfg_app.o [1]
  .rodata             const    0x080111e4      0x4  os_cfg_app.o [1]
  .rodata             const    0x080111e8      0x4  os_cfg_app.o [1]
  .rodata             const    0x080111ec      0x4  os_cfg_app.o [1]
  .rodata             const    0x080111f0      0x4  os_cfg_app.o [1]
  .rodata             const    0x080111f4      0x4  os_cfg_app.o [1]
  .rodata             const    0x080111f8      0x4  os_cfg_app.o [1]
  .rodata             const    0x080111fc      0x4  os_cfg_app.o [1]
  .rodata             const    0x08011200      0x4  os_cfg_app.o [1]
  .rodata             const    0x08011204      0x4  os_cfg_app.o [1]
  .rodata             const    0x08011208      0x4  os_cfg_app.o [1]
  .rodata             const    0x0801120c      0x4  os_cfg_app.o [1]
  .rodata             const    0x08011210      0x4  os_cfg_app.o [1]
  .rodata             const    0x08011214      0x4  os_cfg_app.o [1]
  .rodata             const    0x08011218      0x4  os_cfg_app.o [1]
  .rodata             const    0x0801121c      0x4  os_cfg_app.o [1]
  .rodata             const    0x08011220      0x4  os_cfg_app.o [1]
  .rodata             const    0x08011224      0x4  os_cfg_app.o [1]
  .rodata             const    0x08011228      0x4  os_cfg_app.o [1]
  .rodata             const    0x0801122c      0x4  os_dbg.o [1]
  .rodata             const    0x08011230      0x4  os_dbg.o [1]
  .rodata             const    0x08011234      0x4  os_dbg.o [1]
  .text               ro code  0x08011238      0x4  startup_stm32f407xx.o [1]
  .text               ro code  0x0801123c      0x4  startup_stm32f407xx.o [1]
  .text               ro code  0x08011240      0x4  startup_stm32f407xx.o [1]
  .text               ro code  0x08011244      0x4  startup_stm32f407xx.o [1]
  .text               ro code  0x08011248      0x4  startup_stm32f407xx.o [1]
  .text               ro code  0x0801124c      0x4  startup_stm32f407xx.o [1]
  .text               ro code  0x08011250      0x4  startup_stm32f407xx.o [1]
  .text               ro code  0x08011254      0x4  startup_stm32f407xx.o [1]
  .text               ro code  0x08011258      0x4  startup_stm32f407xx.o [1]
  .text               ro code  0x0801125c      0x4  startup_stm32f407xx.o [1]
  .text               ro code  0x08011260      0x4  startup_stm32f407xx.o [1]
  .text               ro code  0x08011264      0x4  startup_stm32f407xx.o [1]
  .text               ro code  0x08011268      0x4  startup_stm32f407xx.o [1]
  .text               ro code  0x0801126c      0x4  startup_stm32f407xx.o [1]
  .text               ro code  0x08011270      0x4  startup_stm32f407xx.o [1]
  .text               ro code  0x08011274      0x4  startup_stm32f407xx.o [1]
  .text               ro code  0x08011278      0x4  startup_stm32f407xx.o [1]
  .text               ro code  0x0801127c      0x4  startup_stm32f407xx.o [1]
  .text               ro code  0x08011280      0x4  startup_stm32f407xx.o [1]
  .text               ro code  0x08011284      0x4  startup_stm32f407xx.o [1]
  .text               ro code  0x08011288      0x4  startup_stm32f407xx.o [1]
  .text               ro code  0x0801128c      0x4  startup_stm32f407xx.o [1]
  .text               ro code  0x08011290      0x4  startup_stm32f407xx.o [1]
  .text               ro code  0x08011294      0x4  startup_stm32f407xx.o [1]
  .text               ro code  0x08011298      0x4  startup_stm32f407xx.o [1]
  .text               ro code  0x0801129c      0x4  startup_stm32f407xx.o [1]
  .text               ro code  0x080112a0      0x4  startup_stm32f407xx.o [1]
  .text               ro code  0x080112a4      0x4  startup_stm32f407xx.o [1]
  .text               ro code  0x080112a8      0x4  startup_stm32f407xx.o [1]
  .text               ro code  0x080112ac      0x4  startup_stm32f407xx.o [1]
  .text               ro code  0x080112b0      0x4  startup_stm32f407xx.o [1]
  .text               ro code  0x080112b4      0x4  startup_stm32f407xx.o [1]
  .text               ro code  0x080112b8      0x4  startup_stm32f407xx.o [1]
  .text               ro code  0x080112bc      0x4  startup_stm32f407xx.o [1]
  .text               ro code  0x080112c0      0x4  startup_stm32f407xx.o [1]
  .text               ro code  0x080112c4      0x4  startup_stm32f407xx.o [1]
  .text               ro code  0x080112c8      0x4  startup_stm32f407xx.o [1]
  .text               ro code  0x080112cc      0x4  startup_stm32f407xx.o [1]
  .text               ro code  0x080112d0      0x4  startup_stm32f407xx.o [1]
  .text               ro code  0x080112d4      0x4  startup_stm32f407xx.o [1]
  .text               ro code  0x080112d8      0x4  startup_stm32f407xx.o [1]
  .text               ro code  0x080112dc      0x4  startup_stm32f407xx.o [1]
  .text               ro code  0x080112e0      0x4  startup_stm32f407xx.o [1]
  .text               ro code  0x080112e4      0x4  startup_stm32f407xx.o [1]
  .text               ro code  0x080112e8      0x4  startup_stm32f407xx.o [1]
  .text               ro code  0x080112ec      0x4  startup_stm32f407xx.o [1]
  .text               ro code  0x080112f0      0x4  startup_stm32f407xx.o [1]
  .text               ro code  0x080112f4      0x4  startup_stm32f407xx.o [1]
  .text               ro code  0x080112f8      0x4  startup_stm32f407xx.o [1]
  .text               ro code  0x080112fc      0x4  startup_stm32f407xx.o [1]
  .text               ro code  0x08011300      0x4  startup_stm32f407xx.o [1]
  .text               ro code  0x08011304      0x4  startup_stm32f407xx.o [1]
  .text               ro code  0x08011308      0x4  startup_stm32f407xx.o [1]
  .text               ro code  0x0801130c      0x4  startup_stm32f407xx.o [1]
  .text               ro code  0x08011310      0x4  startup_stm32f407xx.o [1]
  .text               ro code  0x08011314      0x4  startup_stm32f407xx.o [1]
  .text               ro code  0x08011318      0x4  startup_stm32f407xx.o [1]
  .text               ro code  0x0801131c      0x4  startup_stm32f407xx.o [1]
  .text               ro code  0x08011320      0x4  startup_stm32f407xx.o [1]
  .text               ro code  0x08011324      0x4  startup_stm32f407xx.o [1]
  .text               ro code  0x08011328      0x4  startup_stm32f407xx.o [1]
  .text               ro code  0x0801132c      0x4  startup_stm32f407xx.o [1]
  .text               ro code  0x08011330      0x4  startup_stm32f407xx.o [1]
  .text               ro code  0x08011334      0x4  startup_stm32f407xx.o [1]
  .text               ro code  0x08011338      0x4  startup_stm32f407xx.o [1]
  .text               ro code  0x0801133c      0x4  startup_stm32f407xx.o [1]
  .text               ro code  0x08011340      0x4  startup_stm32f407xx.o [1]
  .text               ro code  0x08011344      0x4  startup_stm32f407xx.o [1]
  .text               ro code  0x08011348      0x4  startup_stm32f407xx.o [1]
  .text               ro code  0x0801134c      0x4  startup_stm32f407xx.o [1]
  .text               ro code  0x08011350      0x4  startup_stm32f407xx.o [1]
  .text               ro code  0x08011354      0x4  startup_stm32f407xx.o [1]
  .text               ro code  0x08011358      0x4  startup_stm32f407xx.o [1]
  .text               ro code  0x0801135c      0x4  startup_stm32f407xx.o [1]
  .text               ro code  0x08011360      0x4  startup_stm32f407xx.o [1]
  .text               ro code  0x08011364      0x4  startup_stm32f407xx.o [1]
  .text               ro code  0x08011368      0x4  startup_stm32f407xx.o [1]
  .text               ro code  0x0801136c      0x4  startup_stm32f407xx.o [1]
  .text               ro code  0x08011370      0x4  startup_stm32f407xx.o [1]
  .text               ro code  0x08011374      0x4  startup_stm32f407xx.o [1]
  .rodata             const    0x08011378      0x2  os_dbg.o [1]
  .rodata             const    0x0801137a      0x2  os_dbg.o [1]
  .rodata             const    0x0801137c      0x2  os_dbg.o [1]
  .rodata             const    0x0801137e      0x2  os_dbg.o [1]
  .rodata             const    0x08011380      0x1  os_cfg_app.o [1]
  .rodata             const    0x08011381      0x1  os_cfg_app.o [1]
  .rodata             const    0x08011382      0x1  os_cfg_app.o [1]
  .rodata             const    0x08011383      0x1  os_dbg.o [1]
  .rodata             const    0x08011384      0x1  os_dbg.o [1]
  .rodata             const    0x08011385      0x1  os_dbg.o [1]
  .rodata             const    0x08011386      0x1  os_dbg.o [1]
  .rodata             const    0x08011387      0x1  os_dbg.o [1]
  .rodata             const    0x08011388      0x1  os_dbg.o [1]
  .rodata             const    0x08011389      0x1  os_dbg.o [1]
  .rodata             const    0x0801138a      0x1  os_dbg.o [1]
  .rodata             const    0x0801138b      0x1  os_dbg.o [1]
  .rodata             const    0x0801138c      0x1  os_dbg.o [1]
  .rodata             const    0x0801138d      0x1  os_dbg.o [1]
  .rodata             const    0x0801138e      0x1  os_dbg.o [1]
  .rodata             const    0x0801138f      0x1  os_dbg.o [1]
  .rodata             const    0x08011390      0x1  os_dbg.o [1]
  .rodata             const    0x08011391      0x1  os_dbg.o [1]
  .rodata             const    0x08011392      0x1  os_dbg.o [1]
  .rodata             const    0x08011393      0x1  os_dbg.o [1]
  .rodata             const    0x08011394      0x1  os_dbg.o [1]
  .rodata             const    0x08011395      0x1  os_dbg.o [1]
  .rodata             const    0x08011396      0x1  os_dbg.o [1]
  .rodata             const    0x08011397      0x1  os_dbg.o [1]
  .rodata             const    0x08011398      0x1  os_dbg.o [1]
  .rodata             const    0x08011399      0x1  os_dbg.o [1]
  .rodata             const    0x0801139a      0x1  os_dbg.o [1]
  .rodata             const    0x0801139b      0x1  os_dbg.o [1]
  .rodata             const    0x0801139c      0x1  os_dbg.o [1]
  .rodata             const    0x0801139d      0x1  os_dbg.o [1]
  .rodata             const    0x0801139e      0x1  os_dbg.o [1]
  .rodata             const    0x0801139f      0x1  os_dbg.o [1]
  .rodata             const    0x080113a0      0x1  os_dbg.o [1]
  .rodata             const    0x080113a1      0x1  os_dbg.o [1]
  .rodata             const    0x080113a2      0x1  os_dbg.o [1]
  .rodata             const    0x080113a3      0x1  os_dbg.o [1]
  .rodata             const    0x080113a4      0x1  os_dbg.o [1]
  .rodata             const    0x080113a5      0x1  os_dbg.o [1]
  .rodata             const    0x080113a6      0x1  os_dbg.o [1]
  .rodata             const    0x080113a7      0x1  os_dbg.o [1]
  .rodata             const    0x080113a8      0x1  os_dbg.o [1]
  .rodata             const    0x080113a9      0x0  zero_init3.o [5]
  .rodata             const    0x080113a9      0x0  packbits_init.o [5]
  Initializer bytes   const    0x080113a9     0x84  <for P2 s0>
                             - 0x0801142d  0x112a5

"P2":                                       0x5878
  P2 s0                        0x20000000    0x197  <Init block>
    __DLIB_PERTHREAD  inited   0x20000000     0x88  localeconv.o [3]
    __DLIB_PERTHREAD  inited   0x20000088     0x74  setlocale.o [3]
    .data             inited   0x200000fc     0x40  xfiles.o [3]
    .data             inited   0x2000013c     0x28  wizchip_conf.o [1]
    .data             inited   0x20000164     0x18  main.o [1]
    .data             inited   0x2000017c     0x14  sd_diskio.o [1]
    .data             inited   0x20000190      0x4  system_stm32f4xx.o [1]
    .data             inited   0x20000194      0x2  socket.o [1]
    .data             inited   0x20000196      0x1  sd_diskio.o [1]
  .bss                zero     0x20000198   0x2000  main.o [1]
  .bss                zero     0x20002198    0x800  main.o [1]
  .bss                zero     0x20002998    0x640  os_cfg_app.o [1]
  .bss                zero     0x20002fd8    0x400  main.o [1]
  .bss                zero     0x200033d8    0x300  os_var.o [1]
  .bss                zero     0x200036d8    0x200  main.o [1]
  .bss                zero     0x200038d8    0x200  os_cfg_app.o [1]
  .bss                zero     0x20003ad8    0x200  os_cfg_app.o [1]
  .bss                zero     0x20003cd8    0x200  os_cfg_app.o [1]
  .bss                zero     0x20003ed8    0x200  os_cfg_app.o [1]
  .bss                zero     0x200040d8    0x200  os_cfg_app.o [1]
  .bss                zero     0x200042d8    0x200  os_cfg_app.o [1]
  .bss                zero     0x200044d8    0x140  os_cfg_app.o [1]
  .bss                zero     0x20004618     0xc4  main.o [1]
  .bss                zero     0x200046dc     0xc4  main.o [1]
  .bss                zero     0x200047a0     0xc4  main.o [1]
  .bss                zero     0x20004864     0xc4  os_var.o [1]
  .bss                zero     0x20004928     0xc4  os_var.o [1]
  .bss                zero     0x200049ec     0xc4  os_var.o [1]
  .bss                zero     0x20004ab0     0xc4  os_var.o [1]
  .bss                zero     0x20004b74     0xc4  os_var.o [1]
  .bss                zero     0x20004c38     0x88  os_cfg_app.o [1]
  .bss                zero     0x20004cc0     0x88  os_cfg_app.o [1]
  .bss                zero     0x20004d48     0x60  sdio.o [1]
  .bss                zero     0x20004da8     0x58  sdio.o [1]
  .bss                zero     0x20004e00     0x58  spi.o [1]
  .bss                zero     0x20004e58     0x50  adc.o [1]
  .bss                zero     0x20004ea8     0x50  sdio.o [1]
  .bss                zero     0x20004ef8     0x50  sdio.o [1]
  .bss                zero     0x20004f48     0x50  spi.o [1]
  .bss                zero     0x20004f98     0x50  spi.o [1]
  .bss                zero     0x20004fe8     0x50  xfiles.o [3]
  .bss                zero     0x20005038     0x44  adc.o [1]
  .bss                zero     0x2000507c     0x40  usart.o [1]
  .bss                zero     0x200050bc     0x28  bsp_driver_sd.o [1]
  .bss                zero     0x200050e4     0x28  main.o [1]
  .bss                zero     0x2000510c     0x20  rtc.o [1]
  .bss                zero     0x2000512c     0x18  ff.o [1]
  .bss                zero     0x20005144     0x18  main.o [1]
  .bss                zero     0x2000515c     0x10  cpu_core.o [1]
  .bss                zero     0x2000516c     0x10  socket.o [1]
  .bss                zero     0x2000517c      0xc  ff_gen_drv.o [1]
  .bss                zero     0x20005188      0xc  os_var.o [1]
  .bss                zero     0x20005194      0x8  os_prio.o [1]
  .bss                zero     0x2000519c      0x8  socket.o [1]
  .bss                zero     0x200051a4      0x8  xxmemxmalloc.o [3]
  .bss                zero     0x200051ac      0x4  cpu_core.o [1]
  .bss                zero     0x200051b0      0x4  fatfs.o [1]
  .bss                zero     0x200051b4      0x4  ff.o [1]
  .bss                zero     0x200051b8      0x4  os_cpu_c.o [1]
  .bss                zero     0x200051bc      0x4  os_var.o [1]
  .bss                zero     0x200051c0      0x4  os_var.o [1]
  .bss                zero     0x200051c4      0x4  os_var.o [1]
  .bss                zero     0x200051c8      0x4  os_var.o [1]
  .bss                zero     0x200051cc      0x4  os_var.o [1]
  .bss                zero     0x200051d0      0x4  os_var.o [1]
  .bss                zero     0x200051d4      0x4  os_var.o [1]
  .bss                zero     0x200051d8      0x4  os_var.o [1]
  .bss                zero     0x200051dc      0x4  os_var.o [1]
  .bss                zero     0x200051e0      0x4  os_var.o [1]
  .bss                zero     0x200051e4      0x4  os_var.o [1]
  .bss                zero     0x200051e8      0x4  os_var.o [1]
  .bss                zero     0x200051ec      0x4  os_var.o [1]
  .bss                zero     0x200051f0      0x4  os_var.o [1]
  .bss                zero     0x200051f4      0x4  os_var.o [1]
  .bss                zero     0x200051f8      0x4  os_var.o [1]
  .bss                zero     0x200051fc      0x4  os_var.o [1]
  .bss                zero     0x20005200      0x4  os_var.o [1]
  .bss                zero     0x20005204      0x4  os_var.o [1]
  .bss                zero     0x20005208      0x4  os_var.o [1]
  .bss                zero     0x2000520c      0x4  os_var.o [1]
  .bss                zero     0x20005210      0x4  os_var.o [1]
  .bss                zero     0x20005214      0x4  os_var.o [1]
  .bss                zero     0x20005218      0x4  os_var.o [1]
  .bss                zero     0x2000521c      0x4  os_var.o [1]
  .bss                zero     0x20005220      0x4  os_var.o [1]
  .bss                zero     0x20005224      0x4  os_var.o [1]
  .bss                zero     0x20005228      0x4  os_var.o [1]
  .bss                zero     0x2000522c      0x4  os_var.o [1]
  .bss                zero     0x20005230      0x4  os_var.o [1]
  .bss                zero     0x20005234      0x4  os_var.o [1]
  .bss                zero     0x20005238      0x4  os_var.o [1]
  .bss                zero     0x2000523c      0x4  os_var.o [1]
  .bss                zero     0x20005240      0x4  os_var.o [1]
  .bss                zero     0x20005244      0x4  stm32f4xx_hal.o [1]
  .bss                zero     0x20005248      0x4  wizchip_conf.o [1]
  .bss                zero     0x2000524c      0x4  xgetmemchunk.o [3]
  .bss                zero     0x20005250      0x2  ff.o [1]
  .bss                zero     0x20005252      0x2  os_var.o [1]
  .bss                zero     0x20005254      0x2  os_var.o [1]
  .bss                zero     0x20005256      0x2  os_var.o [1]
  .bss                zero     0x20005258      0x2  os_var.o [1]
  .bss                zero     0x2000525a      0x2  os_var.o [1]
  .bss                zero     0x2000525c      0x2  os_var.o [1]
  .bss                zero     0x2000525e      0x2  os_var.o [1]
  .bss                zero     0x20005260      0x2  os_var.o [1]
  .bss                zero     0x20005262      0x2  os_var.o [1]
  .bss                zero     0x20005264      0x2  os_var.o [1]
  .bss                zero     0x20005266      0x2  os_var.o [1]
  .bss                zero     0x20005268      0x2  socket.o [1]
  .bss                zero     0x2000526a      0x2  socket.o [1]
  .bss                zero     0x2000526c      0x1  fatfs.o [1]
  .bss                zero     0x2000526d      0x1  os_var.o [1]
  .bss                zero     0x2000526e      0x1  os_var.o [1]
  .bss                zero     0x2000526f      0x1  os_var.o [1]
  .bss                zero     0x20005270      0x1  os_var.o [1]
  .bss                zero     0x20005271      0x1  os_var.o [1]
  .bss                zero     0x20005272      0x1  os_var.o [1]
  .bss                zero     0x20005273      0x1  os_var.o [1]
  .bss                zero     0x20005274      0x1  os_var.o [1]
  .bss                zero     0x20005275      0x1  os_var.o [1]
  .bss                zero     0x20005276      0x1  wizchip_conf.o [1]
  CSTACK                       0x20005278    0x400  <Block>
    CSTACK            uninit   0x20005278    0x400  <Block tail>
  HEAP                         0x20005678    0x200  <Block>
    HEAP              uninit   0x20005678    0x200  <Block tail>
                             - 0x20005878   0x5878


*******************************************************************************
*** INIT TABLE
***

          Address     Size
          -------     ----
Zero (__iar_zero_init3)
    1 destination range, total size 0x50df:
          0x20000198  0x50df

Copy/packbits (__iar_packbits_init3)
    1 source range, total size 0x84 (32% of destination):
          0x080113a9    0x84
    1 destination range, total size 0x197:
          0x20000000   0x197



*******************************************************************************
*** MODULE SUMMARY
***

    Module                  ro code  ro data  rw data
    ------                  -------  -------  -------
D:\My Projects\elevator_emergency_communicator\stm32_test_component\SDCard_stm32f407\EWARM\STM32CubeMX_UCOSIII_f407_Template Configuration\Obj: [1]
    adc.o                       284               148
    bsp.o                        76
    bsp_driver_sd.o             352       52       40
    cpu_a.o                      52
    cpu_core.o                   76                20
    diskio.o                    200
    dma.o                       136
    fatfs.o                      28                 5
    ff.o                      6 552      144       30
    ff_gen_drv.o                 84                12
    gpio.o                      284
    lib_mem.o                   134
    loopback.o                  248       92
    main.o                    1 796      796   12 452
    os_cfg_app.o                332      147    5 264
    os_core.o                 2 690       40
    os_cpu_a.o                  192
    os_cpu_c.o                  828                 4
    os_dbg.o                    572      354
    os_flag.o                   606
    os_int.o                  1 076       28
    os_mem.o                     28
    os_msg.o                    516
    os_mutex.o                   28
    os_prio.o                   160                 8
    os_q.o                      316
    os_sem.o                  1 040
    os_stat.o                 1 476       20
    os_task.o                 3 728        8
    os_tick.o                 1 372       20
    os_time.o                   304
    os_tmr.o                    836       24
    os_var.o                                    1 927
    retarget_iar.o               28
    rtc.o                       176                32
    sd_diskio.o                 276        7       21
    sdio.o                      408               344
    socket.o                  1 728                30
    spi.o                       412               248
    startup_stm32f407xx.o       728
    stm32f4xx_hal.o             148                 4
    stm32f4xx_hal_adc.o         840
    stm32f4xx_hal_cortex.o      360
    stm32f4xx_hal_dma.o      10 614
    stm32f4xx_hal_gpio.o        604
    stm32f4xx_hal_msp.o          22
    stm32f4xx_hal_rcc.o       1 920       16
    stm32f4xx_hal_rcc_ex.o      372
    stm32f4xx_hal_rtc.o       1 072
    stm32f4xx_hal_rtc_ex.o       84
    stm32f4xx_hal_sd.o        4 836
    stm32f4xx_hal_spi.o       3 774
    stm32f4xx_hal_uart.o      1 848
    stm32f4xx_it.o              128
    stm32f4xx_ll_sdmmc.o        196
    system_stm32f4xx.o          108        2        4
    usart.o                     164                64
    w5500.o                   1 140
    wizchip_conf.o            1 966       13       45
    -------------------------------------------------
    Total:                   60 354    1 763   20 702

command line: [2]
    -------------------------------------------------
    Total:

dl7M_tlf.a: [3]
    abort.o                       6
    div.o                        14
    exit.o                        4
    localeconv.o                108       44      136
    low_level_init.o              4
    printf.o                     36
    putchar.o                    12
    setlocale.o                  20       37      116
    sprintf.o                    52
    xencoding_sb.o               96
    xfiles.o                              21      144
    xgetmemchunk.o               44                 4
    xmbcurmax.o                  10
    xmbtowc.o                    32
    xprintffull.o             4 438
    xprout.o                     22
    xsprout.o                    10
    xtls.o                        2
    xwctomb.o                    26
    xxmemxfree.o                128
    xxmemxmalloc.o              176                 8
    -------------------------------------------------
    Total:                    5 240      102      408

m7M_tls.a: [4]
    DblAdd.o                    212
    DblCmpGe.o                   46
    DblCmpLe.o                   46
    DblDiv.o                    598
    DblMul.o                    418
    DblSub.o                    384
    DblToI32.o                   88
    I32ToDbl.o                   48
    fpinit_M.o                   34
    xdnorm.o                     66
    xdscale.o                   280
    -------------------------------------------------
    Total:                    2 220

rt7M_tl.a: [5]
    ABImemcpy_unaligned.o       118
    ABImemset.o                 102
    I64DivMod.o                 238
    I64DivZer.o                   2
    cexit.o                      10
    cmain.o                      26
    cstartup_M.o                 12
    data_init.o                  40
    memchr.o                     88
    packbits_init.o             208
    strchr.o                     22
    strlen.o                     54
    zero_init3.o                 34
    -------------------------------------------------
    Total:                      954

shb_l.a: [6]
    exit.o                       20
    -------------------------------------------------
    Total:                       20

    Gaps                                   4        1
    Linker created                        44    1 536
-----------------------------------------------------
    Grand Total:             68 788    1 913   22 647


*******************************************************************************
*** ENTRY LIST
***

Entry                      Address    Size  Type      Object
-----                      -------    ----  ----      ------
.iar.init_table$$Base   0x08010da8           --   Gb  - Linker created -
.iar.init_table$$Limit  0x08010dd4           --   Gb  - Linker created -
?main                   0x08010f1d          Code  Gb  cmain.o [5]
ADC_Init                0x0800a035   0x166  Code  Lc  stm32f4xx_hal_adc.o [1]
APBAHBPrescTable        0x08011114    0x10  Data  Gb  stm32f4xx_hal_rcc.o [1]
BSP_CPU_ClkFreq         0x0800d321     0x8  Code  Gb  bsp.o [1]
BSP_SD_GetCardInfo      0x0801079f     0xe  Code  Gb  bsp_driver_sd.o [1]
BSP_SD_GetStatus        0x08010795     0xa  Code  Gb  bsp_driver_sd.o [1]
BSP_SD_Init             0x08010681    0x64  Code  Gb  bsp_driver_sd.o [1]
BSP_SD_IsDetected       0x080107c5    0x10  Code  Gb  bsp_driver_sd.o [1]
BSP_SD_ReadBlocks_DMA   0x080106e5    0x58  Code  Gb  bsp_driver_sd.o [1]
BSP_SD_WriteBlocks_DMA  0x0801073d    0x58  Code  Gb  bsp_driver_sd.o [1]
CPU_CntLeadZeros        0x08004dc7          Code  Gb  cpu_a.o [1]
CPU_CntTrailZeros       0x08004dcd          Code  Gb  cpu_a.o [1]
CPU_Init                0x08005f11     0xc  Code  Gb  cpu_core.o [1]
CPU_IntDis              0x08004da9          Code  Gb  cpu_a.o [1]
CPU_IntEn               0x08004dad          Code  Gb  cpu_a.o [1]
CPU_Name                0x2000515c    0x10  Data  Gb  cpu_core.o [1]
CPU_NameClr             0x08005f1d    0x1a  Code  Gb  cpu_core.o [1]
CPU_NameInit            0x08005f3d     0x8  Code  Lc  cpu_core.o [1]
CPU_RevBits             0x08004dd7          Code  Gb  cpu_a.o [1]
CPU_SR_Restore          0x08004db9          Code  Gb  cpu_a.o [1]
CPU_SR_Save             0x08004db1          Code  Gb  cpu_a.o [1]
CPU_TS_Init             0x08005f45     0xe  Code  Lc  cpu_core.o [1]
CPU_TS_TmrFreqSet       0x08005f37     0x6  Code  Gb  cpu_core.o [1]
CPU_TS_TmrFreq_Hz       0x200051ac     0x4  Data  Gb  cpu_core.o [1]
CPU_TS_TmrInit          0x0800d329    0x2e  Code  Gb  bsp.o [1]
CPU_TS_TmrRd            0x0800d357     0x8  Code  Gb  bsp.o [1]
CPU_WaitForExcept       0x08004dc3          Code  Gb  cpu_a.o [1]
CPU_WaitForInt          0x08004dbf          Code  Gb  cpu_a.o [1]
CSTACK$$Base            0x20005278           --   Gb  - Linker created -
CSTACK$$Limit           0x20005678           --   Gb  - Linker created -
DMA1_Stream3_IRQHandler
                        0x08010a77    0x12  Code  Gb  stm32f4xx_it.o [1]
DMA1_Stream4_IRQHandler
                        0x08010a89     0xa  Code  Gb  stm32f4xx_it.o [1]
DMA2_Stream0_IRQHandler
                        0x08010aa7     0xa  Code  Gb  stm32f4xx_it.o [1]
DMA2_Stream3_IRQHandler
                        0x08010ab1     0xa  Code  Gb  stm32f4xx_it.o [1]
DMA2_Stream6_IRQHandler
                        0x08010abb     0xa  Code  Gb  stm32f4xx_it.o [1]
DMA_SetConfig           0x08002ad1    0x2e  Code  Lc  stm32f4xx_hal_dma.o [1]
EXTI4_IRQHandler        0x08010a6d     0xa  Code  Gb  stm32f4xx_it.o [1]
ExCvt                   0x080109e0    0x80  Data  Lc  ff.o [1]
FATFS_LinkDriver        0x0800b7fd    0x4e  Code  Gb  ff_gen_drv.o [1]
FatFs                   0x200051b4     0x4  Data  Lc  ff.o [1]
Files                   0x2000512c    0x18  Data  Lc  ff.o [1]
Fsid                    0x20005250     0x2  Data  Lc  ff.o [1]
HAL_ADC_ConfigChannel   0x08009eb1   0x184  Code  Gb  stm32f4xx_hal_adc.o [1]
HAL_ADC_Init            0x08009e69    0x48  Code  Gb  stm32f4xx_hal_adc.o [1]
HAL_ADC_MspInit         0x08003dcb    0x9c  Code  Gb  adc.o [1]
HAL_DMA_Abort           0x0800028f    0x54  Code  Gb  stm32f4xx_hal_dma.o [1]
HAL_DMA_IRQHandler      0x080002e5  0x2798  Code  Gb  stm32f4xx_hal_dma.o [1]
HAL_DMA_Init            0x08000189    0x7c  Code  Gb  stm32f4xx_hal_dma.o [1]
HAL_DMA_Start_IT        0x08000209    0x86  Code  Gb  stm32f4xx_hal_dma.o [1]
HAL_Delay               0x08002b91    0x1a  Code  Wk  stm32f4xx_hal.o [1]
HAL_GPIO_EXTI_Callback  0x08003adb    0x20  Code  Gb  main.o [1]
HAL_GPIO_EXTI_IRQHandler
                        0x08007fa7    0x1e  Code  Gb  stm32f4xx_hal_gpio.o [1]
HAL_GPIO_Init           0x08007da9   0x1ea  Code  Gb  stm32f4xx_hal_gpio.o [1]
HAL_GPIO_WritePin       0x08007f93    0x14  Code  Gb  stm32f4xx_hal_gpio.o [1]
HAL_GetTick             0x08002b8b     0x6  Code  Wk  stm32f4xx_hal.o [1]
HAL_IncTick             0x08002b7f     0xc  Code  Wk  stm32f4xx_hal.o [1]
HAL_Init                0x08002b21    0x3a  Code  Gb  stm32f4xx_hal.o [1]
HAL_InitTick            0x08002b5b    0x24  Code  Wk  stm32f4xx_hal.o [1]
HAL_MspInit             0x08002d1d    0x16  Code  Gb  stm32f4xx_hal_msp.o [1]
HAL_NVIC_EnableIRQ      0x08002cb7     0xe  Code  Gb  stm32f4xx_hal_cortex.o [1]
HAL_NVIC_SetPriority    0x08002c91    0x26  Code  Gb  stm32f4xx_hal_cortex.o [1]
HAL_NVIC_SetPriorityGrouping
                        0x08002c85     0xc  Code  Gb  stm32f4xx_hal_cortex.o [1]
HAL_RCCEx_PeriphCLKConfig
                        0x08005c6d   0x14a  Code  Gb  stm32f4xx_hal_rcc_ex.o [1]
HAL_RCC_ClockConfig     0x080030cd   0x288  Code  Gb  stm32f4xx_hal_rcc.o [1]
HAL_RCC_GetHCLKFreq     0x080033ff    0x2c  Code  Gb  stm32f4xx_hal_rcc.o [1]
HAL_RCC_GetPCLK1Freq    0x0800342b    0x26  Code  Gb  stm32f4xx_hal_rcc.o [1]
HAL_RCC_GetPCLK2Freq    0x08003451    0x26  Code  Gb  stm32f4xx_hal_rcc.o [1]
HAL_RCC_GetSysClockFreq
                        0x08003355    0xaa  Code  Wk  stm32f4xx_hal_rcc.o [1]
HAL_RCC_OscConfig       0x08002d3d   0x390  Code  Wk  stm32f4xx_hal_rcc.o [1]
HAL_RTCEx_SetCalibrationOutPut
                        0x0800a1b1    0x54  Code  Gb  stm32f4xx_hal_rtc_ex.o [1]
HAL_RTC_GetDate         0x08009d07    0x50  Code  Gb  stm32f4xx_hal_rtc.o [1]
HAL_RTC_GetTime         0x08009b9d    0x64  Code  Gb  stm32f4xx_hal_rtc.o [1]
HAL_RTC_Init            0x080099d1    0xac  Code  Gb  stm32f4xx_hal_rtc.o [1]
HAL_RTC_MspInit         0x08003f13    0x10  Code  Gb  rtc.o [1]
HAL_RTC_SetDate         0x08009c01   0x106  Code  Gb  stm32f4xx_hal_rtc.o [1]
HAL_RTC_SetTime         0x08009a7d   0x120  Code  Gb  stm32f4xx_hal_rtc.o [1]
HAL_RTC_WaitForSynchro  0x08009d65    0x34  Code  Gb  stm32f4xx_hal_rtc.o [1]
HAL_SD_CheckReadOperation
                        0x0800f5fb    0x88  Code  Gb  stm32f4xx_hal_sd.o [1]
HAL_SD_CheckWriteOperation
                        0x0800f683    0x92  Code  Gb  stm32f4xx_hal_sd.o [1]
HAL_SD_DMA_RxCpltCallback
                        0x080107d9     0x2  Code  Gb  bsp_driver_sd.o [1]
HAL_SD_DMA_RxErrorCallback
                        0x080107db     0x2  Code  Gb  bsp_driver_sd.o [1]
HAL_SD_DMA_TxCpltCallback
                        0x080107dd     0x2  Code  Gb  bsp_driver_sd.o [1]
HAL_SD_DMA_TxErrorCallback
                        0x080107df     0x2  Code  Gb  bsp_driver_sd.o [1]
HAL_SD_GetStatus        0x0800fbf9    0x26  Code  Gb  stm32f4xx_hal_sd.o [1]
HAL_SD_Get_CardInfo     0x0800f7cb   0x360  Code  Gb  stm32f4xx_hal_sd.o [1]
HAL_SD_IRQHandler       0x0800f715    0xb6  Code  Gb  stm32f4xx_hal_sd.o [1]
HAL_SD_Init             0x0800f2d9    0xb6  Code  Gb  stm32f4xx_hal_sd.o [1]
HAL_SD_MspInit          0x08003f5d   0x146  Code  Gb  sdio.o [1]
HAL_SD_ReadBlocks_DMA   0x0800f38f   0x12e  Code  Gb  stm32f4xx_hal_sd.o [1]
HAL_SD_StopTransfer     0x0800fbbd    0x38  Code  Gb  stm32f4xx_hal_sd.o [1]
HAL_SD_WideBusOperation_Config
                        0x0800fb2b    0x92  Code  Gb  stm32f4xx_hal_sd.o [1]
HAL_SD_WriteBlocks_DMA  0x0800f4bd   0x13e  Code  Gb  stm32f4xx_hal_sd.o [1]
HAL_SD_XferCpltCallback
                        0x080107d5     0x2  Code  Gb  bsp_driver_sd.o [1]
HAL_SD_XferErrorCallback
                        0x080107d7     0x2  Code  Gb  bsp_driver_sd.o [1]
HAL_SPI_ErrorCallback   0x0800ad3d     0x2  Code  Wk  stm32f4xx_hal_spi.o [1]
HAL_SPI_Init            0x0800a205    0x8c  Code  Gb  stm32f4xx_hal_spi.o [1]
HAL_SPI_MspInit         0x0800411f   0x122  Code  Gb  spi.o [1]
HAL_SPI_Receive         0x0800a459   0x240  Code  Gb  stm32f4xx_hal_spi.o [1]
HAL_SPI_Receive_DMA     0x0800aae5   0x100  Code  Gb  stm32f4xx_hal_spi.o [1]
HAL_SPI_RxCpltCallback  0x0800ad33     0x2  Code  Wk  stm32f4xx_hal_spi.o [1]
HAL_SPI_RxHalfCpltCallback
                        0x0800ad39     0x2  Code  Wk  stm32f4xx_hal_spi.o [1]
HAL_SPI_Transmit        0x0800a291   0x1c8  Code  Gb  stm32f4xx_hal_spi.o [1]
HAL_SPI_TransmitReceive
                        0x0800a699   0x372  Code  Gb  stm32f4xx_hal_spi.o [1]
HAL_SPI_TransmitReceive_DMA
                        0x0800abe5   0x14c  Code  Gb  stm32f4xx_hal_spi.o [1]
HAL_SPI_Transmit_DMA    0x0800aa0b    0xda  Code  Gb  stm32f4xx_hal_spi.o [1]
HAL_SPI_TxCpltCallback  0x0800ad31     0x2  Code  Wk  stm32f4xx_hal_spi.o [1]
HAL_SPI_TxHalfCpltCallback
                        0x0800ad37     0x2  Code  Wk  stm32f4xx_hal_spi.o [1]
HAL_SPI_TxRxCpltCallback
                        0x0800ad35     0x2  Code  Wk  stm32f4xx_hal_spi.o [1]
HAL_SPI_TxRxHalfCpltCallback
                        0x0800ad3b     0x2  Code  Wk  stm32f4xx_hal_spi.o [1]
HAL_SYSTICK_CLKSourceConfig
                        0x08002cd1    0x20  Code  Gb  stm32f4xx_hal_cortex.o [1]
HAL_SYSTICK_Callback    0x08003645    0x10  Code  Gb  main.o [1]
HAL_SYSTICK_Config      0x08002cc5     0xc  Code  Gb  stm32f4xx_hal_cortex.o [1]
HAL_SYSTICK_IRQHandler  0x08002d15     0x8  Code  Gb  stm32f4xx_hal_cortex.o [1]
HAL_UART_ErrorCallback  0x0800b38d     0x2  Code  Wk  stm32f4xx_hal_uart.o [1]
HAL_UART_IRQHandler     0x0800b231   0x158  Code  Gb  stm32f4xx_hal_uart.o [1]
HAL_UART_Init           0x0800b0c5    0x70  Code  Gb  stm32f4xx_hal_uart.o [1]
HAL_UART_MspInit        0x080042a1    0x58  Code  Gb  usart.o [1]
HAL_UART_RxCpltCallback
                        0x0800b38b     0x2  Code  Wk  stm32f4xx_hal_uart.o [1]
HAL_UART_Transmit       0x0800b135    0xfc  Code  Gb  stm32f4xx_hal_uart.o [1]
HAL_UART_TxCpltCallback
                        0x0800b389     0x2  Code  Wk  stm32f4xx_hal_uart.o [1]
HEAP$$Base              0x20005678           --   Gb  - Linker created -
HEAP$$Limit             0x20005878           --   Gb  - Linker created -
InStream_Read           0x080108f5    0x22  Code  Lc  packbits_init.o [5]
LED0_TASK_STK           0x20002fd8   0x400  Data  Gb  main.o [1]
LED1_TASK_STK           0x20000198  0x2000  Data  Gb  main.o [1]
Led0TaskTCB             0x200046dc    0xc4  Data  Gb  main.o [1]
Led1TaskTCB             0x200047a0    0xc4  Data  Gb  main.o [1]
LoadInt                 0x0800da29    0x6e  Code  Lc  xprintffull.o [3]
MX_ADC1_Init            0x08003d65    0x66  Code  Gb  adc.o [1]
MX_DMA_Init             0x08003cdd    0x88  Code  Gb  dma.o [1]
MX_FATFS_Init           0x08004309    0x1c  Code  Gb  fatfs.o [1]
MX_GPIO_Init            0x08003bc1   0x11c  Code  Gb  gpio.o [1]
MX_RTC_Init             0x08003e81    0x92  Code  Gb  rtc.o [1]
MX_SDIO_SD_Init         0x08003f31    0x2c  Code  Gb  sdio.o [1]
MX_SPI2_Init            0x080040c9    0x56  Code  Gb  spi.o [1]
MX_USART1_UART_Init     0x08004265    0x3c  Code  Gb  usart.o [1]
Mem_Clr                 0x0800d36d    0x12  Code  Gb  lib_mem.o [1]
Mem_Set                 0x0800d37f    0x74  Code  Gb  lib_mem.o [1]
NVIC_EnableIRQ          0x08002bdd    0x14  Code  Lc  stm32f4xx_hal_cortex.o [1]
NVIC_EncodePriority     0x08002c17    0x3e  Code  Lc  stm32f4xx_hal_cortex.o [1]
NVIC_GetPriorityGrouping
                        0x08002bd3     0xa  Code  Lc  stm32f4xx_hal_cortex.o [1]
NVIC_SetPriority        0x08002bf1    0x26  Code  Lc  stm32f4xx_hal_cortex.o [1]
NVIC_SetPriorityGrouping
                        0x08002bb5    0x1e  Code  Lc  stm32f4xx_hal_cortex.o [1]
OSCfg_DataSizeRAM       0x08011228     0x4  Data  Gb  os_cfg_app.o [1]
OSCfg_ISRStk            0x20003cd8   0x200  Data  Gb  os_cfg_app.o [1]
OSCfg_ISRStkBasePtr     0x080111cc     0x4  Data  Gb  os_cfg_app.o [1]
OSCfg_ISRStkSize        0x080111d0     0x4  Data  Gb  os_cfg_app.o [1]
OSCfg_ISRStkSizeRAM     0x080111d4     0x4  Data  Gb  os_cfg_app.o [1]
OSCfg_IdleTaskStk       0x200038d8   0x200  Data  Gb  os_cfg_app.o [1]
OSCfg_IdleTaskStkBasePtr
                        0x080111a4     0x4  Data  Gb  os_cfg_app.o [1]
OSCfg_IdleTaskStkLimit  0x080111a8     0x4  Data  Gb  os_cfg_app.o [1]
OSCfg_IdleTaskStkSize   0x080111ac     0x4  Data  Gb  os_cfg_app.o [1]
OSCfg_IdleTaskStkSizeRAM
                        0x080111b0     0x4  Data  Gb  os_cfg_app.o [1]
OSCfg_Init              0x0800d115   0x14c  Code  Gb  os_cfg_app.o [1]
OSCfg_IntQ              0x200044d8   0x140  Data  Gb  os_cfg_app.o [1]
OSCfg_IntQBasePtr       0x080111b4     0x4  Data  Gb  os_cfg_app.o [1]
OSCfg_IntQSize          0x08004da6     0x2  Data  Gb  os_cfg_app.o [1]
OSCfg_IntQSizeRAM       0x080111b8     0x4  Data  Gb  os_cfg_app.o [1]
OSCfg_IntQTaskStk       0x20003ad8   0x200  Data  Gb  os_cfg_app.o [1]
OSCfg_IntQTaskStkBasePtr
                        0x080111bc     0x4  Data  Gb  os_cfg_app.o [1]
OSCfg_IntQTaskStkLimit  0x080111c0     0x4  Data  Gb  os_cfg_app.o [1]
OSCfg_IntQTaskStkSize   0x080111c4     0x4  Data  Gb  os_cfg_app.o [1]
OSCfg_IntQTaskStkSizeRAM
                        0x080111c8     0x4  Data  Gb  os_cfg_app.o [1]
OSCfg_MsgPool           0x20002998   0x640  Data  Gb  os_cfg_app.o [1]
OSCfg_MsgPoolBasePtr    0x080111dc     0x4  Data  Gb  os_cfg_app.o [1]
OSCfg_MsgPoolSize       0x08006596     0x2  Data  Gb  os_cfg_app.o [1]
OSCfg_MsgPoolSizeRAM    0x080111d8     0x4  Data  Gb  os_cfg_app.o [1]
OSCfg_StatTaskPrio      0x08011380     0x1  Data  Gb  os_cfg_app.o [1]
OSCfg_StatTaskRate_Hz   0x080111e0     0x4  Data  Gb  os_cfg_app.o [1]
OSCfg_StatTaskStk       0x20003ed8   0x200  Data  Gb  os_cfg_app.o [1]
OSCfg_StatTaskStkBasePtr
                        0x080111e4     0x4  Data  Gb  os_cfg_app.o [1]
OSCfg_StatTaskStkLimit  0x080111e8     0x4  Data  Gb  os_cfg_app.o [1]
OSCfg_StatTaskStkSize   0x080111ec     0x4  Data  Gb  os_cfg_app.o [1]
OSCfg_StatTaskStkSizeRAM
                        0x080111f0     0x4  Data  Gb  os_cfg_app.o [1]
OSCfg_StkSizeMin        0x080111f4     0x4  Data  Gb  os_cfg_app.o [1]
OSCfg_TickRate_Hz       0x080111f8     0x4  Data  Gb  os_cfg_app.o [1]
OSCfg_TickTaskPrio      0x08011381     0x1  Data  Gb  os_cfg_app.o [1]
OSCfg_TickTaskStk       0x200040d8   0x200  Data  Gb  os_cfg_app.o [1]
OSCfg_TickTaskStkBasePtr
                        0x080111fc     0x4  Data  Gb  os_cfg_app.o [1]
OSCfg_TickTaskStkLimit  0x08011200     0x4  Data  Gb  os_cfg_app.o [1]
OSCfg_TickTaskStkSize   0x08011204     0x4  Data  Gb  os_cfg_app.o [1]
OSCfg_TickTaskStkSizeRAM
                        0x08011208     0x4  Data  Gb  os_cfg_app.o [1]
OSCfg_TickWheel         0x20004c38    0x88  Data  Gb  os_cfg_app.o [1]
OSCfg_TickWheelSize     0x0800717a     0x2  Data  Gb  os_cfg_app.o [1]
OSCfg_TickWheelSizeRAM  0x0801120c     0x4  Data  Gb  os_cfg_app.o [1]
OSCfg_TmrTaskPrio       0x08011382     0x1  Data  Gb  os_cfg_app.o [1]
OSCfg_TmrTaskRate_Hz    0x08011210     0x4  Data  Gb  os_cfg_app.o [1]
OSCfg_TmrTaskStk        0x200042d8   0x200  Data  Gb  os_cfg_app.o [1]
OSCfg_TmrTaskStkBasePtr
                        0x08011214     0x4  Data  Gb  os_cfg_app.o [1]
OSCfg_TmrTaskStkLimit   0x08011218     0x4  Data  Gb  os_cfg_app.o [1]
OSCfg_TmrTaskStkSize    0x0801121c     0x4  Data  Gb  os_cfg_app.o [1]
OSCfg_TmrTaskStkSizeRAM
                        0x08011220     0x4  Data  Gb  os_cfg_app.o [1]
OSCfg_TmrWheel          0x20004cc0    0x88  Data  Gb  os_cfg_app.o [1]
OSCfg_TmrWheelSize      0x08009e66     0x2  Data  Gb  os_cfg_app.o [1]
OSCfg_TmrWheelSizeRAM   0x08011224     0x4  Data  Gb  os_cfg_app.o [1]
OSCtxSw                 0x0800d2ab          Code  Gb  os_cpu_a.o [1]
OSDbg_AppHooksEn        0x08011384     0x1  Data  Gb  os_dbg.o [1]
OSDbg_ArgChkEn          0x08011383     0x1  Data  Gb  os_dbg.o [1]
OSDbg_CalledFromISRChkEn
                        0x08011385     0x1  Data  Gb  os_dbg.o [1]
OSDbg_DataSize          0x08011234     0x4  Data  Gb  os_dbg.o [1]
OSDbg_DbgEn             0x0800b0c2     0x2  Data  Gb  os_dbg.o [1]
OSDbg_EndiannessTest    0x0801122c     0x4  Data  Gb  os_dbg.o [1]
OSDbg_FlagDelEn         0x08011387     0x1  Data  Gb  os_dbg.o [1]
OSDbg_FlagEn            0x08011386     0x1  Data  Gb  os_dbg.o [1]
OSDbg_FlagGrp           0x08010ce8    0x28  Data  Gb  os_dbg.o [1]
OSDbg_FlagGrpSize       0x0800be8a     0x2  Data  Gb  os_dbg.o [1]
OSDbg_FlagModeClrEn     0x08011388     0x1  Data  Gb  os_dbg.o [1]
OSDbg_FlagPendAbortEn   0x08011389     0x1  Data  Gb  os_dbg.o [1]
OSDbg_FlagWidth         0x0800d3f2     0x2  Data  Gb  os_dbg.o [1]
OSDbg_ISRPostDeferredEn
                        0x0801138a     0x1  Data  Gb  os_dbg.o [1]
OSDbg_IntQ              0x0800e54a     0x2  Data  Gb  os_dbg.o [1]
OSDbg_Mem               0x08010e38    0x20  Data  Gb  os_dbg.o [1]
OSDbg_MemEn             0x0801138b     0x1  Data  Gb  os_dbg.o [1]
OSDbg_MemSize           0x0800e64a     0x2  Data  Gb  os_dbg.o [1]
OSDbg_MsgEn             0x0801138c     0x1  Data  Gb  os_dbg.o [1]
OSDbg_MsgPoolSize       0x0800e6e6     0x2  Data  Gb  os_dbg.o [1]
OSDbg_MsgQSize          0x0800e7b2     0x2  Data  Gb  os_dbg.o [1]
OSDbg_MsgSize           0x0800e682     0x2  Data  Gb  os_dbg.o [1]
OSDbg_Mutex             0x08010c6c    0x2c  Data  Gb  os_dbg.o [1]
OSDbg_MutexDelEn        0x0801138e     0x1  Data  Gb  os_dbg.o [1]
OSDbg_MutexEn           0x0801138d     0x1  Data  Gb  os_dbg.o [1]
OSDbg_MutexPendAbortEn  0x0801138f     0x1  Data  Gb  os_dbg.o [1]
OSDbg_MutexSize         0x0800e992     0x2  Data  Gb  os_dbg.o [1]
OSDbg_ObjTypeChkEn      0x08011390     0x1  Data  Gb  os_dbg.o [1]
OSDbg_PendDataSize      0x0800e9c2     0x2  Data  Gb  os_dbg.o [1]
OSDbg_PendListSize      0x0800ee86     0x2  Data  Gb  os_dbg.o [1]
OSDbg_PendMultiEn       0x08011391     0x1  Data  Gb  os_dbg.o [1]
OSDbg_PendObjSize       0x0800f0de     0x2  Data  Gb  os_dbg.o [1]
OSDbg_PrioMax           0x0800f15a     0x2  Data  Gb  os_dbg.o [1]
OSDbg_PrioTblSize       0x0800f1fe     0x2  Data  Gb  os_dbg.o [1]
OSDbg_PtrSize           0x0800f2d6     0x2  Data  Gb  os_dbg.o [1]
OSDbg_Q                 0x08010be4    0x30  Data  Gb  os_dbg.o [1]
OSDbg_QDelEn            0x08011393     0x1  Data  Gb  os_dbg.o [1]
OSDbg_QEn               0x08011392     0x1  Data  Gb  os_dbg.o [1]
OSDbg_QFlushEn          0x08011394     0x1  Data  Gb  os_dbg.o [1]
OSDbg_QPendAbortEn      0x08011395     0x1  Data  Gb  os_dbg.o [1]
OSDbg_QSize             0x080109ca     0x2  Data  Gb  os_dbg.o [1]
OSDbg_RdyList           0x08010f3e     0x2  Data  Gb  os_dbg.o [1]
OSDbg_RdyListSize       0x08011230     0x4  Data  Gb  os_dbg.o [1]
OSDbg_SchedRoundRobinEn
                        0x08011396     0x1  Data  Gb  os_dbg.o [1]
OSDbg_Sem               0x08010d10    0x28  Data  Gb  os_dbg.o [1]
OSDbg_SemDelEn          0x08011398     0x1  Data  Gb  os_dbg.o [1]
OSDbg_SemEn             0x08011397     0x1  Data  Gb  os_dbg.o [1]
OSDbg_SemPendAbortEn    0x08011399     0x1  Data  Gb  os_dbg.o [1]
OSDbg_SemSetEn          0x0801139a     0x1  Data  Gb  os_dbg.o [1]
OSDbg_SemSize           0x08010dd4     0x2  Data  Gb  os_dbg.o [1]
OSDbg_StatTaskEn        0x0801139c     0x1  Data  Gb  os_dbg.o [1]
OSDbg_StatTaskStkChkEn  0x0801139d     0x1  Data  Gb  os_dbg.o [1]
OSDbg_StkWidth          0x0801139b     0x1  Data  Gb  os_dbg.o [1]
OSDbg_TCBSize           0x0801103a     0x2  Data  Gb  os_dbg.o [1]
OSDbg_TaskChangePrioEn  0x0801139e     0x1  Data  Gb  os_dbg.o [1]
OSDbg_TaskDelEn         0x0801139f     0x1  Data  Gb  os_dbg.o [1]
OSDbg_TaskProfileEn     0x080113a2     0x1  Data  Gb  os_dbg.o [1]
OSDbg_TaskQEn           0x080113a0     0x1  Data  Gb  os_dbg.o [1]
OSDbg_TaskQPendAbortEn  0x080113a1     0x1  Data  Gb  os_dbg.o [1]
OSDbg_TaskRegTblSize    0x08010f4a     0x2  Data  Gb  os_dbg.o [1]
OSDbg_TaskSemPendAbortEn
                        0x080113a3     0x1  Data  Gb  os_dbg.o [1]
OSDbg_TaskSuspendEn     0x080113a4     0x1  Data  Gb  os_dbg.o [1]
OSDbg_TickSpokeSize     0x08011378     0x2  Data  Gb  os_dbg.o [1]
OSDbg_TimeDlyHMSMEn     0x080113a5     0x1  Data  Gb  os_dbg.o [1]
OSDbg_TimeDlyResumeEn   0x080113a6     0x1  Data  Gb  os_dbg.o [1]
OSDbg_Tmr               0x08010b80    0x34  Data  Gb  os_dbg.o [1]
OSDbg_TmrDelEn          0x080113a8     0x1  Data  Gb  os_dbg.o [1]
OSDbg_TmrEn             0x080113a7     0x1  Data  Gb  os_dbg.o [1]
OSDbg_TmrSize           0x0801137a     0x2  Data  Gb  os_dbg.o [1]
OSDbg_TmrSpokeSize      0x0801137c     0x2  Data  Gb  os_dbg.o [1]
OSDbg_VersionNbr        0x0801137e     0x2  Data  Gb  os_dbg.o [1]
OSFlagDbgListPtr        0x200051e8     0x4  Data  Gb  os_var.o [1]
OSFlagQty               0x20005258     0x2  Data  Gb  os_var.o [1]
OSIdleTaskCtr           0x200051d8     0x4  Data  Gb  os_var.o [1]
OSIdleTaskHook          0x0800b851    0x12  Code  Gb  os_cpu_c.o [1]
OSIdleTaskTCB           0x20004864    0xc4  Data  Gb  os_var.o [1]
OSInit                  0x08004325   0x16e  Code  Gb  os_core.o [1]
OSInitHook              0x0800b863    0x1e  Code  Gb  os_cpu_c.o [1]
OSIntCtxSw              0x0800d2b3          Code  Gb  os_cpu_a.o [1]
OSIntEnter              0x08004493    0x24  Code  Gb  os_core.o [1]
OSIntExit               0x080044b7    0xc2  Code  Gb  os_core.o [1]
OSIntNestingCtr         0x2000526d     0x1  Data  Gb  os_var.o [1]
OSIntQInPtr             0x200051dc     0x4  Data  Gb  os_var.o [1]
OSIntQNbrEntries        0x20005252     0x2  Data  Gb  os_var.o [1]
OSIntQNbrEntriesMax     0x20005254     0x2  Data  Gb  os_var.o [1]
OSIntQOutPtr            0x200051e0     0x4  Data  Gb  os_var.o [1]
OSIntQOvfCtr            0x20005256     0x2  Data  Gb  os_var.o [1]
OSIntQTaskTCB           0x20004928    0xc4  Data  Gb  os_var.o [1]
OSIntQTaskTimeMax       0x200051e4     0x4  Data  Gb  os_var.o [1]
OSMemDbgListPtr         0x200051ec     0x4  Data  Gb  os_var.o [1]
OSMemQty                0x2000525a     0x2  Data  Gb  os_var.o [1]
OSMsgPool               0x20005188     0xc  Data  Gb  os_var.o [1]
OSMutexDbgListPtr       0x200051f0     0x4  Data  Gb  os_var.o [1]
OSMutexQty              0x2000525c     0x2  Data  Gb  os_var.o [1]
OSPrioCur               0x2000526f     0x1  Data  Gb  os_var.o [1]
OSPrioHighRdy           0x20005270     0x1  Data  Gb  os_var.o [1]
OSPrioSaved             0x20005271     0x1  Data  Gb  os_var.o [1]
OSPrioTbl               0x20005194     0x8  Data  Gb  os_prio.o [1]
OSQDbgListPtr           0x200051f4     0x4  Data  Gb  os_var.o [1]
OSQQty                  0x2000525e     0x2  Data  Gb  os_var.o [1]
OSRdyList               0x200033d8   0x300  Data  Gb  os_var.o [1]
OSRunning               0x2000526e     0x1  Data  Gb  os_var.o [1]
OSSched                 0x08004579    0x88  Code  Gb  os_core.o [1]
OSSchedLock             0x08004601    0x60  Code  Gb  os_core.o [1]
OSSchedLockNestingCtr   0x20005272     0x1  Data  Gb  os_var.o [1]
OSSchedLockTimeBegin    0x200051f8     0x4  Data  Gb  os_var.o [1]
OSSchedLockTimeMax      0x200051fc     0x4  Data  Gb  os_var.o [1]
OSSchedLockTimeMaxCur   0x20005200     0x4  Data  Gb  os_var.o [1]
OSSchedUnlock           0x08004661    0x7c  Code  Gb  os_core.o [1]
OSSemCreate             0x080065bd    0x94  Code  Gb  os_sem.o [1]
OSSemDbgListPtr         0x20005204     0x4  Data  Gb  os_var.o [1]
OSSemPend               0x08006651   0x1b4  Code  Gb  os_sem.o [1]
OSSemPost               0x08006805    0x96  Code  Gb  os_sem.o [1]
OSSemQty                0x20005260     0x2  Data  Gb  os_var.o [1]
OSStart                 0x080046dd    0x64  Code  Gb  os_core.o [1]
OSStartHighRdy          0x0800d28d          Code  Gb  os_cpu_a.o [1]
OSStatReset             0x08005f5d   0x102  Code  Gb  os_stat.o [1]
OSStatResetFlag         0x20005273     0x1  Data  Gb  os_var.o [1]
OSStatTaskCPUUsage      0x20005262     0x2  Data  Gb  os_var.o [1]
OSStatTaskCPUUsageInit  0x0800605f    0xda  Code  Gb  os_stat.o [1]
OSStatTaskCPUUsageMax   0x20005264     0x2  Data  Gb  os_var.o [1]
OSStatTaskCtr           0x20005208     0x4  Data  Gb  os_var.o [1]
OSStatTaskCtrMax        0x2000520c     0x4  Data  Gb  os_var.o [1]
OSStatTaskCtrRun        0x20005210     0x4  Data  Gb  os_var.o [1]
OSStatTaskHook          0x0800b881    0x12  Code  Gb  os_cpu_c.o [1]
OSStatTaskRdy           0x20005274     0x1  Data  Gb  os_var.o [1]
OSStatTaskTCB           0x200049ec    0xc4  Data  Gb  os_var.o [1]
OSStatTaskTimeMax       0x20005214     0x4  Data  Gb  os_var.o [1]
OSTCBCurPtr             0x2000523c     0x4  Data  Gb  os_var.o [1]
OSTCBHighRdyPtr         0x20005240     0x4  Data  Gb  os_var.o [1]
OSTaskCreate            0x08004ddd   0x20a  Code  Gb  os_task.o [1]
OSTaskCreateHook        0x0800b893    0x16  Code  Gb  os_cpu_c.o [1]
OSTaskCtxSwCtr          0x20005218     0x4  Data  Gb  os_var.o [1]
OSTaskDbgListPtr        0x2000521c     0x4  Data  Gb  os_var.o [1]
OSTaskDel               0x08004fe7   0x166  Code  Gb  os_task.o [1]
OSTaskDelHook           0x0800b8a9    0x16  Code  Gb  os_cpu_c.o [1]
OSTaskQty               0x20005266     0x2  Data  Gb  os_var.o [1]
OSTaskRegNextAvailID    0x20005275     0x1  Data  Gb  os_var.o [1]
OSTaskResume            0x0800514d    0x5e  Code  Gb  os_task.o [1]
OSTaskReturnHook        0x0800b8bf    0x16  Code  Gb  os_cpu_c.o [1]
OSTaskSemPend           0x080051ab   0x1ec  Code  Gb  os_task.o [1]
OSTaskStkChk            0x080053a9    0xba  Code  Gb  os_task.o [1]
OSTaskStkInit           0x0800b8d5   0x15e  Code  Gb  os_cpu_c.o [1]
OSTaskSuspend           0x08005469    0x58  Code  Gb  os_task.o [1]
OSTaskSwHook            0x0800ba33    0xa6  Code  Gb  os_cpu_c.o [1]
OSTickCtr               0x20005220     0x4  Data  Gb  os_var.o [1]
OSTickTaskTCB           0x20004ab0    0xc4  Data  Gb  os_var.o [1]
OSTickTaskTimeMax       0x20005224     0x4  Data  Gb  os_var.o [1]
OSTimeDly               0x08005de1    0xe2  Code  Gb  os_time.o [1]
OSTimeTick              0x08005ec3    0x36  Code  Gb  os_time.o [1]
OSTimeTickHook          0x0800bad9    0x12  Code  Gb  os_cpu_c.o [1]
OSTmrDbgListPtr         0x20005228     0x4  Data  Gb  os_var.o [1]
OSTmrTaskTCB            0x20004b74    0xc4  Data  Gb  os_var.o [1]
OSTmrTaskTimeMax        0x2000522c     0x4  Data  Gb  os_var.o [1]
[...]
OS_TaskSuspend          0x08005b55    0xf2  Code  Gb  os_task.o [1]
OS_TickListInit         0x0800c6ff    0x2e  Code  Gb  os_tick.o [1]
OS_TickListInsert       0x0800c72d   0x1e8  Code  Gb  os_tick.o [1]
OS_TickListRemove       0x0800c915    0x4e  Code  Gb  os_tick.o [1]
OS_TickListResetPeak    0x0800c963    0x22  Code  Gb  os_tick.o [1]
OS_TickListUpdate       0x0800c985   0x1d0  Code  Gb  os_tick.o [1]
OS_TickTask             0x0800c639    0x28  Code  Gb  os_tick.o [1]
OS_TickTaskInit         0x0800c661    0x9e  Code  Gb  os_tick.o [1]
OS_TmrInit              0x0800cb95    0xe0  Code  Gb  os_tmr.o [1]
OS_TmrLink              0x0800cc75    0xdc  Code  Gb  os_tmr.o [1]
OS_TmrResetPeak         0x0800cd51    0x22  Code  Gb  os_tmr.o [1]
OS_TmrTask              0x0800cdd1    0xc8  Code  Gb  os_tmr.o [1]
OS_TmrUnlink            0x0800cd73    0x5a  Code  Gb  os_tmr.o [1]
PendSV_Handler          0x0800d2bb          Code  Gb  os_cpu_a.o [1]
RTC_Bcd2ToByte          0x08009de7    0x1a  Code  Gb  stm32f4xx_hal_rtc.o [1]
RTC_ByteToBcd2          0x08009dd1    0x16  Code  Gb  stm32f4xx_hal_rtc.o [1]
RTC_EnterInitMode       0x08009d99    0x38  Code  Gb  stm32f4xx_hal_rtc.o [1]
Region$$Table$$Base     0x08010da8           --   Gb  - Linker created -
Region$$Table$$Limit    0x08010dd4           --   Gb  - Linker created -
SDCardInfo              0x20004da8    0x58  Data  Gb  sdio.o [1]
SDIO_DataConfig         0x08010649    0x2e  Code  Gb  stm32f4xx_ll_sdmmc.o [1]
SDIO_GetCommandResponse
                        0x0801062d     0x6  Code  Gb  stm32f4xx_ll_sdmmc.o [1]
SDIO_GetPowerState      0x080105fb     0x8  Code  Gb  stm32f4xx_ll_sdmmc.o [1]
SDIO_GetResponse        0x08010633    0x16  Code  Gb  stm32f4xx_ll_sdmmc.o [1]
SDIO_IRQHandler         0x08010a9d     0xa  Code  Gb  stm32f4xx_it.o [1]
SDIO_Init               0x080105bd    0x2e  Code  Gb  stm32f4xx_ll_sdmmc.o [1]
SDIO_PowerState_ON      0x080105f1     0xa  Code  Gb  stm32f4xx_ll_sdmmc.o [1]
SDIO_ReadFIFO           0x080105eb     0x6  Code  Gb  stm32f4xx_ll_sdmmc.o [1]
SDIO_SendCommand        0x08010603    0x2a  Code  Gb  stm32f4xx_ll_sdmmc.o [1]
SD_CmdError             0x0800ffcb    0x4a  Code  Lc  stm32f4xx_hal_sd.o [1]
SD_CmdResp1Error        0x08010089   0x114  Code  Lc  stm32f4xx_hal_sd.o [1]
SD_CmdResp2Error        0x080101d5    0x46  Code  Lc  stm32f4xx_hal_sd.o [1]
SD_CmdResp3Error        0x080101a5    0x30  Code  Lc  stm32f4xx_hal_sd.o [1]
SD_CmdResp6Error        0x0801021b    0xa4  Code  Lc  stm32f4xx_hal_sd.o [1]
SD_CmdResp7Error        0x08010015    0x74  Code  Lc  stm32f4xx_hal_sd.o [1]
SD_DMA_RxCplt           0x0800fc21    0x1e  Code  Lc  stm32f4xx_hal_sd.o [1]
SD_DMA_RxError          0x0800fc41     0xe  Code  Lc  stm32f4xx_hal_sd.o [1]
SD_DMA_TxCplt           0x0800fc51    0x1e  Code  Lc  stm32f4xx_hal_sd.o [1]
SD_DMA_TxError          0x0800fc71     0xe  Code  Lc  stm32f4xx_hal_sd.o [1]
SD_Driver               0x2000017c    0x14  Data  Gb  sd_diskio.o [1]
SD_FindSCR              0x0801041f   0x190  Code  Lc  stm32f4xx_hal_sd.o [1]
SD_GetState             0x0800fc7f    0x24  Code  Lc  stm32f4xx_hal_sd.o [1]
SD_Initialize_Cards     0x0800fca3   0x118  Code  Lc  stm32f4xx_hal_sd.o [1]
SD_Path                 0x200051b0     0x4  Data  Gb  fatfs.o [1]
SD_PowerON              0x0800fdf5   0x176  Code  Lc  stm32f4xx_hal_sd.o [1]
SD_Select_Deselect      0x0800fdbb    0x3a  Code  Lc  stm32f4xx_hal_sd.o [1]
SD_SendStatus           0x0800ff6d    0x5e  Code  Lc  stm32f4xx_hal_sd.o [1]
SD_WideBus_Disable      0x0801036f    0xb0  Code  Lc  stm32f4xx_hal_sd.o [1]
SD_WideBus_Enable       0x080102bf    0xb0  Code  Lc  stm32f4xx_hal_sd.o [1]
SD_initialize           0x080107e1    0x22  Code  Gb  sd_diskio.o [1]
SD_ioctl                0x08010889    0x68  Code  Gb  sd_diskio.o [1]
SD_read                 0x08010825    0x32  Code  Gb  sd_diskio.o [1]
SD_status               0x08010803    0x22  Code  Gb  sd_diskio.o [1]
SD_write                0x08010857    0x32  Code  Gb  sd_diskio.o [1]
SPI_DMAEndTransmitReceive
                        0x0800ae99    0xac  Code  Lc  stm32f4xx_hal_spi.o [1]
SPI_DMAError            0x0800afad    0x24  Code  Lc  stm32f4xx_hal_spi.o [1]
SPI_DMAHalfReceiveCplt  0x0800af8d     0xe  Code  Lc  stm32f4xx_hal_spi.o [1]
SPI_DMAHalfTransmitCplt
                        0x0800af7d     0xe  Code  Lc  stm32f4xx_hal_spi.o [1]
SPI_DMAHalfTransmitReceiveCplt
                        0x0800af9d     0xe  Code  Lc  stm32f4xx_hal_spi.o [1]
SPI_DMAReceiveCplt      0x0800adc1    0xd8  Code  Lc  stm32f4xx_hal_spi.o [1]
SPI_DMATransmitCplt     0x0800ad41    0x7e  Code  Lc  stm32f4xx_hal_spi.o [1]
SPI_DMATransmitReceiveCplt
                        0x0800af45    0x38  Code  Lc  stm32f4xx_hal_spi.o [1]
SPI_WaitOnFlagUntilTimeout
                        0x0800afd1    0xf2  Code  Lc  stm32f4xx_hal_spi.o [1]
START_TASK_STK          0x200036d8   0x200  Data  Gb  main.o [1]
StartTaskTCB            0x20004618    0xc4  Data  Gb  main.o [1]
Stat                    0x20000196     0x1  Data  Lc  sd_diskio.o [1]
SysTick_Config          0x08002c55    0x30  Code  Lc  stm32f4xx_hal_cortex.o [1]
SysTick_Handler         0x08010a61     0xc  Code  Gb  stm32f4xx_it.o [1]
SystemClock_Config      0x0800358d    0xb8  Code  Gb  main.o [1]
SystemCoreClock         0x20000190     0x4  Data  Gb  system_stm32f4xx.o [1]
SystemInit              0x08010ae1    0x4c  Code  Gb  system_stm32f4xx.o [1]
UART_EndTransmit_IT     0x0800b4eb    0x48  Code  Lc  stm32f4xx_hal_uart.o [1]
UART_Receive_IT         0x0800b533    0xc4  Code  Lc  stm32f4xx_hal_uart.o [1]
UART_SetConfig          0x0800b5f7   0x1f8  Code  Lc  stm32f4xx_hal_uart.o [1]
UART_Transmit_IT        0x0800b471    0x7a  Code  Lc  stm32f4xx_hal_uart.o [1]
UART_WaitOnFlagUntilTimeout
                        0x0800b38f    0xe2  Code  Lc  stm32f4xx_hal_uart.o [1]
USART1_IRQHandler       0x08010a93     0xa  Code  Gb  stm32f4xx_it.o [1]
WIZCHIP                 0x2000013c    0x28  Data  Gb  wizchip_conf.o [1]
WIZCHIP_READ            0x0800717d    0x76  Code  Gb  w5500.o [1]
WIZCHIP_READ_BUF        0x08007269    0x92  Code  Gb  w5500.o [1]
WIZCHIP_WRITE           0x080071f3    0x76  Code  Gb  w5500.o [1]
WIZCHIP_WRITE_BUF       0x080072fb    0x8e  Code  Gb  w5500.o [1]
_DHCP_                  0x20005276     0x1  Data  Lc  wizchip_conf.o [1]
_DNS_                   0x20005248     0x4  Data  Lc  wizchip_conf.o [1]
_EncodingSb_Mbtowc      0x0800f18b    0x30  Code  Gb  xencoding_sb.o [3]
_EncodingSb_Wctomb      0x0800f171    0x1a  Code  Gb  xencoding_sb.o [3]
_GenldFull              0x0800e2b3   0x24e  Code  Lc  xprintffull.o [3]
_IsdstStr               0x2000008c     0x4  Data  Gb  setlocale.o [3]
_LdtobFull              0x0800deb1   0x3fc  Code  Lc  xprintffull.o [3]
_LitobFull              0x0800dda9   0x106  Code  Lc  xprintffull.o [3]
_LocaleEncoding         0x0800f15d     0xe  Code  Gb  setlocale.o [3]
_LocaleReturnString     0x200000ac    0x50  Data  Lc  setlocale.o [3]
_Locale_Profile         0x20000090    0x1c  Data  Gb  setlocale.o [3]
_Locale_aeabi_lconv     0x20000050    0x38  Data  Gb  localeconv.o [3]
_Locale_lconv           0x20000000    0x50  Data  Gb  localeconv.o [3]
_Mbtowc                 0x0800e615    0x20  Code  Gb  xmbtowc.o [3]
_PrintfFull             0x0800d3f5   0x61e  Code  Gb  xprintffull.o [3]
_Prout                  0x08011025    0x16  Code  Gb  xprout.o [3]
_PutcharsFull           0x0800e501    0x2e  Code  Lc  xprintffull.o [3]
_PutstrFull             0x0800da97   0x30c  Code  Lc  xprintffull.o [3]
_SProut                 0x08002d33     0xa  Code  Gb  xsprout.o [3]
_TzoneStr               0x20000088     0x4  Data  Gb  setlocale.o [3]
_Wctomb                 0x0800e799    0x1a  Code  Gb  xwctomb.o [3]
__aeabi_cdcmple         0x0800e965          Code  Gb  DblCmpLe.o [4]
__aeabi_cdrcmple        0x0800e995          Code  Gb  DblCmpGe.o [4]
__aeabi_d2iz            0x0800eadd          Code  Gb  DblToI32.o [4]
__aeabi_d2uiz           0x0800eb09          Code  Gb  DblToI32.o [4]
__aeabi_ddiv            0x0800ee89          Code  Gb  DblDiv.o [4]
__aeabi_dmul            0x0800ece5          Code  Gb  DblMul.o [4]
__aeabi_dsub            0x0800eb65          Code  Gb  DblSub.o [4]
__aeabi_i2d             0x0800eb35          Code  Gb  I32ToDbl.o [4]
__aeabi_ldiv0           0x0800f1fd          Code  Gb  I64DivZer.o [5]
__aeabi_memset          0x08009e01          Code  Gb  ABImemset.o [5]
__aeabi_ui2d            0x0800eb49          Code  Gb  I32ToDbl.o [4]
__aeabi_uldivmod        0x0800e835          Code  Gb  I64DivMod.o [5]
__cmain                 0x08010f1d          Code  Gb  cmain.o [5]
__data_Aldata           0x200051a4     0x8  Data  Gb  xxmemxmalloc.o [3]
__data_GetMemChunk      0x0800f1d1    0x2c  Code  Gb  xgetmemchunk.o [3]
__exit                  0x080109cd    0x14  Code  Gb  exit.o [6]
__iar_Dnorm             0x0800e923    0x42  Code  Gb  xdnorm.o [4]
__iar_Dscale            0x0800e9c5   0x118  Code  Gb  xdscale.o [4]
__iar_Locale_lconv_init
                        0x0800f0e1    0x3a  Code  Gb  localeconv.o [3]
__iar_Mbcurmax          0x0800e6dd     0xa  Code  Gb  xmbcurmax.o [3]
__iar_Memchr            0x0800e685          Code  Gb  memchr.o [5]
__iar_Memset            0x08009e01          Code  Gb  ABImemset.o [5]
__iar_Memset_word       0x08009e09          Code  Gb  ABImemset.o [5]
__iar_Stdout            0x200000fc    0x40  Data  Gb  xfiles.o [3]
__iar_Strchr            0x0800e635          Code  Gb  strchr.o [5]
__iar_d2uiz             0x0800eb15          Code  Gb  DblToI32.o [4]
__iar_dadd              0x0800f201          Code  Gb  DblAdd.o [4]
__iar_data_init3        0x08010d39    0x28  Code  Gb  data_init.o [5]
__iar_dlib_perthread_access
                        0x0800f2d5     0x2  Code  Gb  xtls.o [3]
__iar_dsub              0x0800eb79          Code  Gb  DblSub.o [4]
__iar_dsubStart         0x0800eb8b          Code  Gb  DblSub.o [4]
__iar_init_vfp          0x08010d85          Code  Gb  fpinit_M.o [4]
__iar_packbits_init3    0x08010917    0xae  Code  Gb  packbits_init.o [5]
__iar_program_start     0x08011189          Code  Gb  cstartup_M.o [5]
__iar_ui2d              0x0800eb4d          Code  Gb  I32ToDbl.o [4]
__iar_unaligned___aeabi_memcpy
                        0x08006521          Code  Gb  ABImemcpy_unaligned.o [5]
__iar_unaligned___aeabi_memcpy4
                        0x08006541          Code  Gb  ABImemcpy_unaligned.o [5]
__iar_unaligned___aeabi_memcpy8
                        0x08006541          Code  Gb  ABImemcpy_unaligned.o [5]
__iar_zero_init3        0x08002aff    0x22  Code  Gb  zero_init3.o [5]
__low_level_init        0x08010f37     0x4  Code  Gb  low_level_init.o [3]
__vector_table          0x08000000          Data  Gb  startup_stm32f407xx.o [1]
_call_main              0x08010f29          Code  Gb  cmain.o [5]
_exit                   0x08010f41          Code  Gb  cexit.o [5]
_main                   0x08010f33          Code  Gb  cmain.o [5]
abort                   0x080109c5     0x6  Code  Gb  abort.o [3]
check_fs                0x08008e73    0x82  Code  Lc  ff.o [1]
chk_chr                 0x0800808f    0x14  Code  Lc  ff.o [1]
chk_lock                0x080080a3    0x90  Code  Lc  ff.o [1]
clear_lock              0x0800828d    0x2c  Code  Lc  ff.o [1]
clmt_clust              0x08008855    0x3e  Code  Lc  ff.o [1]
close                   0x08007785    0x92  Code  Gb  socket.o [1]
clust2sect              0x08008445    0x20  Code  Gb  ff.o [1]
create_chain            0x08008757    0xfe  Code  Lc  ff.o [1]
create_name             0x08008c59   0x12e  Code  Lc  ff.o [1]
ctlnetwork              0x08006c21    0x58  Code  Gb  wizchip_conf.o [1]
ctlwizchip              0x08006ad9   0x148  Code  Gb  wizchip_conf.o [1]
dec_lock                0x08008237    0x56  Code  Lc  ff.o [1]
dir_alloc               0x08008ae7    0x6e  Code  Lc  ff.o [1]
dir_find                0x08008b97    0x70  Code  Lc  ff.o [1]
dir_next                0x0800896f   0x178  Code  Lc  ff.o [1]
dir_register            0x08008c07    0x52  Code  Lc  ff.o [1]
dir_sdi                 0x08008893    0xdc  Code  Lc  ff.o [1]
disk                    0x2000517c     0xc  Data  Gb  ff_gen_drv.o [1]
disk_initialize         0x0800e54d    0x2e  Code  Gb  diskio.o [1]
disk_ioctl              0x0800e5e9    0x24  Code  Gb  diskio.o [1]
disk_read               0x0800e595    0x2a  Code  Gb  diskio.o [1]
disk_status             0x0800e57b    0x1a  Code  Gb  diskio.o [1]
disk_write              0x0800e5bf    0x2a  Code  Gb  diskio.o [1]
div                     0x0800f14d     0xe  Code  Gb  div.o [3]
enq_lock                0x08008133    0x26  Code  Lc  ff.o [1]
exit                    0x08010f3b     0x4  Code  Gb  exit.o [3]
f_close                 0x08009995    0x3c  Code  Gb  ff.o [1]
f_mount                 0x08009389    0x6a  Code  Gb  ff.o [1]
f_open                  0x08009411   0x1fc  Code  Gb  ff.o [1]
f_sync                  0x080098b9    0xdc  Code  Gb  ff.o [1]
f_write                 0x0800960d   0x2ac  Code  Gb  ff.o [1]
find_volume             0x08008ef5   0x44a  Code  Lc  ff.o [1]
follow_path             0x08008d87    0x9c  Code  Lc  ff.o [1]
fputc                   0x08010f01    0x1c  Code  Gb  retarget_iar.o [1]
free                    0x0800e7b5    0x7a  Code  Gb  xxmemxfree.o [3]
gDATABUF                0x20002198   0x800  Data  Gb  main.o [1]
gWIZNETINFO             0x20000164    0x18  Data  Gb  main.o [1]
gWIZNETINFO_Check       0x20005144    0x18  Data  Gb  main.o [1]
getSn_RX_RSR            0x08007401    0x74  Code  Gb  w5500.o [1]
getSn_TX_FSR            0x0800738d    0x74  Code  Gb  w5500.o [1]
get_fat                 0x08008465   0x102  Code  Gb  ff.o [1]
get_fattime             0x0800e611     0x4  Code  Gb  diskio.o [1]
get_ldnumber            0x08008e23    0x50  Code  Lc  ff.o [1]
hadc1                   0x20005038    0x44  Data  Gb  adc.o [1]
hdma_adc1               0x20004e58    0x50  Data  Gb  adc.o [1]
hdma_sdio_rx            0x20004ea8    0x50  Data  Gb  sdio.o [1]
hdma_sdio_tx            0x20004ef8    0x50  Data  Gb  sdio.o [1]
hdma_spi2_rx            0x20004f98    0x50  Data  Gb  spi.o [1]
hdma_spi2_tx            0x20004f48    0x50  Data  Gb  spi.o [1]
hrtc                    0x2000510c    0x20  Data  Gb  rtc.o [1]
hsd                     0x20004d48    0x60  Data  Gb  sdio.o [1]
hspi2                   0x20004e00    0x58  Data  Gb  spi.o [1]
huart1                  0x2000507c    0x40  Data  Gb  usart.o [1]
inc_lock                0x08008159    0xde  Code  Lc  ff.o [1]
ld_clust                0x08008b55    0x2a  Code  Lc  ff.o [1]
led0_task               0x08003745   0x1c6  Code  Gb  main.o [1]
led1_task               0x0800390d   0x10c  Code  Gb  main.o [1]
localeconv              0x0800f11b    0x16  Code  Gb  localeconv.o [3]
loopback_udps           0x08007cb1    0xec  Code  Gb  loopback.o [1]
main                    0x080034bd    0xd0  Code  Gb  main.o [1]
malloc                  0x0800e6e9    0xac  Code  Gb  xxmemxmalloc.o [3]
mem_cmp                 0x0800806b    0x24  Code  Lc  ff.o [1]
mem_cpy                 0x08008039    0x1c  Code  Lc  ff.o [1]
mem_set                 0x08008055    0x16  Code  Lc  ff.o [1]
memchr                  0x0800e685          Code  Gb  memchr.o [5]
move_window             0x0800831f    0x3a  Code  Lc  ff.o [1]
network_init            0x08003a19    0xc2  Code  Gb  main.o [1]
obuf                    0x20004fe8    0x50  Data  Lc  xfiles.o [3]
printf                  0x08006599    0x24  Code  Gb  printf.o [3]
put_fat                 0x08008567   0x16c  Code  Gb  ff.o [1]
putchar                 0x0801103d     0xc  Code  Gb  putchar.o [3]
recvfrom                0x080079ed   0x2b0  Code  Gb  socket.o [1]
reg_wizchip_spi_cbfunc  0x08006a65    0x3a  Code  Gb  wizchip_conf.o [1]
reg_wizchip_spiburst_cbfunc
                        0x08006a9f    0x3a  Code  Gb  wizchip_conf.o [1]
remove_chain            0x080086d3    0x84  Code  Lc  ff.o [1]
retSD                   0x2000526c     0x1  Data  Gb  fatfs.o [1]
semSOCKET_1             0x200050e4    0x28  Data  Gb  main.o [1]
sem_sd_xfer             0x200050bc    0x28  Data  Gb  bsp_driver_sd.o [1]
sendto                  0x08007817   0x1d6  Code  Gb  socket.o [1]
sock_any_port           0x20000194     0x2  Data  Lc  socket.o [1]
sock_io_mode            0x20005268     0x2  Data  Lc  socket.o [1]
sock_is_sending         0x2000526a     0x2  Data  Lc  socket.o [1]
sock_pack_info          0x2000519c     0x8  Data  Gb  socket.o [1]
sock_remained_size      0x2000516c    0x10  Data  Lc  socket.o [1]
socket                  0x080075f1   0x194  Code  Gb  socket.o [1]
sprintf                 0x08008005    0x34  Code  Gb  sprintf.o [3]
st_clust                0x08008b7f    0x18  Code  Lc  ff.o [1]
start_task              0x08003655    0xf0  Code  Gb  main.o [1]
strchr                  0x0800e635          Code  Gb  strchr.o [5]
strlen                  0x0800e64d          Code  Gb  strlen.o [5]
sync_fs                 0x08008359    0xec  Code  Lc  ff.o [1]
sync_window             0x080082bd    0x62  Code  Lc  ff.o [1]
uwTick                  0x20005244     0x4  Data  Lc  stm32f4xx_hal.o [1]
validate                0x0800933f    0x4a  Code  Lc  ff.o [1]
wiz_recv_data           0x08007503    0x8e  Code  Gb  w5500.o [1]
wiz_recv_ignore         0x08007591    0x60  Code  Gb  w5500.o [1]
wiz_send_data           0x08007475    0x8e  Code  Gb  w5500.o [1]
wizchip_bus_readdata    0x080069f1     0x4  Code  Gb  wizchip_conf.o [1]
wizchip_bus_writedata   0x080069f5     0x4  Code  Gb  wizchip_conf.o [1]
wizchip_clrinterrupt    0x08006dcb    0x24  Code  Gb  wizchip_conf.o [1]
wizchip_cris_enter      0x080069cd     0x2  Code  Gb  wizchip_conf.o [1]
wizchip_cris_exit       0x080069cf     0x2  Code  Gb  wizchip_conf.o [1]
wizchip_cs_deselect     0x080069e1    0x10  Code  Gb  wizchip_conf.o [1]
wizchip_cs_select       0x080069d1    0x10  Code  Gb  wizchip_conf.o [1]
wizchip_getinterrupt    0x08006def    0x32  Code  Gb  wizchip_conf.o [1]
wizchip_getinterruptmask
                        0x08006e45    0x2e  Code  Gb  wizchip_conf.o [1]
wizchip_getnetinfo      0x08007075    0x58  Code  Gb  wizchip_conf.o [1]
wizchip_getnetmode      0x0800711b     0xa  Code  Gb  wizchip_conf.o [1]
wizchip_gettimeout      0x08007151    0x2a  Code  Gb  wizchip_conf.o [1]
wizchip_hw_reset        0x08006c79    0x34  Code  Gb  wizchip_conf.o [1]
wizchip_init            0x08006d23    0xa8  Code  Gb  wizchip_conf.o [1]
wizchip_setinterruptmask
                        0x08006e21    0x24  Code  Gb  wizchip_conf.o [1]
wizchip_setnetinfo      0x0800701d    0x58  Code  Gb  wizchip_conf.o [1]
wizchip_setnetmode      0x080070f1    0x2a  Code  Gb  wizchip_conf.o [1]
wizchip_settimeout      0x08007125    0x2c  Code  Gb  wizchip_conf.o [1]
wizchip_spi_readburst   0x08006a21    0x22  Code  Gb  wizchip_conf.o [1]
wizchip_spi_readbyte    0x080069f9    0x16  Code  Gb  wizchip_conf.o [1]
wizchip_spi_writeburst  0x08006a43    0x22  Code  Gb  wizchip_conf.o [1]
wizchip_spi_writebyte   0x08006a0f    0x12  Code  Gb  wizchip_conf.o [1]
wizchip_sw_reset        0x08006cad    0x76  Code  Gb  wizchip_conf.o [1]
wizphy_getphyconf       0x08006f43    0x72  Code  Gb  wizchip_conf.o [1]
wizphy_getphylink       0x08006e73    0x1e  Code  Gb  wizchip_conf.o [1]
wizphy_getphypmode      0x08006e91    0x22  Code  Gb  wizchip_conf.o [1]
wizphy_reset            0x08006eb3    0x38  Code  Gb  wizchip_conf.o [1]
wizphy_setphyconf       0x08006eeb    0x58  Code  Gb  wizchip_conf.o [1]
wizphy_setphypmode      0x08006fb5    0x68  Code  Gb  wizchip_conf.o [1]


[1] = D:\My Projects\elevator_emergency_communicator\stm32_test_component\SDCard_stm32f407\EWARM\STM32CubeMX_UCOSIII_f407_Template Configuration\Obj
[2] = command line
[3] = dl7M_tlf.a
[4] = m7M_tls.a
[5] = rt7M_tl.a
[6] = shb_l.a

  68 788 bytes of readonly  code memory
   1 913 bytes of readonly  data memory
  22 647 bytes of readwrite data memory

Errors: none
Warnings: none
