Component: ARM Compiler 5.06 (build 20) Tool: armlink [4d35a3]

==============================================================================

Section Cross References

    system_stm32f4xx.o(i.SystemCoreClockUpdate) refers to system_stm32f4xx.o(.data) for SystemCoreClock
    system_stm32f4xx.o(i.SystemCoreClockUpdate) refers to system_stm32f4xx.o(.constdata) for AHBPrescTable
    stm32f4xx_hal_adc_ex.o(i.ADC_MultiModeDMAConvCplt) refers to stm32f4xx_hal_adc.o(i.HAL_ADC_ConvCpltCallback) for HAL_ADC_ConvCpltCallback
    stm32f4xx_hal_adc_ex.o(i.ADC_MultiModeDMAError) refers to stm32f4xx_hal_adc.o(i.HAL_ADC_ErrorCallback) for HAL_ADC_ErrorCallback
    stm32f4xx_hal_adc_ex.o(i.ADC_MultiModeDMAHalfConvCplt) refers to stm32f4xx_hal_adc.o(i.HAL_ADC_ConvHalfCpltCallback) for HAL_ADC_ConvHalfCpltCallback
    stm32f4xx_hal_adc_ex.o(i.HAL_ADCEx_InjectedPollForConversion) refers to stm32f4xx_hal.o(i.HAL_GetTick) for HAL_GetTick
    stm32f4xx_hal_adc_ex.o(i.HAL_ADCEx_InjectedStart) refers to system_stm32f4xx.o(.data) for SystemCoreClock
    stm32f4xx_hal_adc_ex.o(i.HAL_ADCEx_InjectedStart_IT) refers to system_stm32f4xx.o(.data) for SystemCoreClock
    stm32f4xx_hal_adc_ex.o(i.HAL_ADCEx_MultiModeStart_DMA) refers to stm32f4xx_hal_dma.o(i.HAL_DMA_Start_IT) for HAL_DMA_Start_IT
    stm32f4xx_hal_adc_ex.o(i.HAL_ADCEx_MultiModeStart_DMA) refers to stm32f4xx_hal_adc_ex.o(i.ADC_MultiModeDMAConvCplt) for ADC_MultiModeDMAConvCplt
    stm32f4xx_hal_adc_ex.o(i.HAL_ADCEx_MultiModeStart_DMA) refers to stm32f4xx_hal_adc_ex.o(i.ADC_MultiModeDMAHalfConvCplt) for ADC_MultiModeDMAHalfConvCplt
    stm32f4xx_hal_adc_ex.o(i.HAL_ADCEx_MultiModeStart_DMA) refers to stm32f4xx_hal_adc_ex.o(i.ADC_MultiModeDMAError) for ADC_MultiModeDMAError
    stm32f4xx_hal_adc_ex.o(i.HAL_ADCEx_MultiModeStart_DMA) refers to system_stm32f4xx.o(.data) for SystemCoreClock
    stm32f4xx_hal_adc_ex.o(i.HAL_ADCEx_MultiModeStop_DMA) refers to stm32f4xx_hal_dma.o(i.HAL_DMA_Abort) for HAL_DMA_Abort
    stm32f4xx_hal.o(i.HAL_DeInit) refers to stm32f4xx_hal.o(i.HAL_MspDeInit) for HAL_MspDeInit
    stm32f4xx_hal.o(i.HAL_Delay) refers to stm32f4xx_hal.o(i.HAL_GetTick) for HAL_GetTick
    stm32f4xx_hal.o(i.HAL_GetTick) refers to stm32f4xx_hal.o(.data) for uwTick
    stm32f4xx_hal.o(i.HAL_IncTick) refers to stm32f4xx_hal.o(.data) for uwTick
    stm32f4xx_hal.o(i.HAL_Init) refers to stm32f4xx_hal_cortex.o(i.HAL_NVIC_SetPriorityGrouping) for HAL_NVIC_SetPriorityGrouping
    stm32f4xx_hal.o(i.HAL_Init) refers to stm32f4xx_hal.o(i.HAL_InitTick) for HAL_InitTick
    stm32f4xx_hal.o(i.HAL_Init) refers to stm32f4xx_hal_msp.o(i.HAL_MspInit) for HAL_MspInit
    stm32f4xx_hal.o(i.HAL_InitTick) refers to stm32f4xx_hal_rcc.o(i.HAL_RCC_GetHCLKFreq) for HAL_RCC_GetHCLKFreq
    stm32f4xx_hal.o(i.HAL_InitTick) refers to stm32f4xx_hal_cortex.o(i.HAL_SYSTICK_Config) for HAL_SYSTICK_Config
    stm32f4xx_hal.o(i.HAL_InitTick) refers to stm32f4xx_hal_cortex.o(i.HAL_NVIC_SetPriority) for HAL_NVIC_SetPriority
    stm32f4xx_hal_cortex.o(i.HAL_NVIC_GetPriorityGrouping) refers to stm32f4xx_hal_cortex.o(i.NVIC_GetPriorityGrouping) for NVIC_GetPriorityGrouping
    stm32f4xx_hal_cortex.o(i.HAL_NVIC_SetPriority) refers to stm32f4xx_hal_cortex.o(i.NVIC_GetPriorityGrouping) for NVIC_GetPriorityGrouping
    stm32f4xx_hal_cortex.o(i.HAL_NVIC_SetPriority) refers to stm32f4xx_hal_cortex.o(i.NVIC_SetPriority) for NVIC_SetPriority
    stm32f4xx_hal_cortex.o(i.HAL_SYSTICK_Config) refers to stm32f4xx_hal_cortex.o(i.NVIC_SetPriority) for NVIC_SetPriority
    stm32f4xx_hal_cortex.o(i.HAL_SYSTICK_IRQHandler) refers to main.o(i.HAL_SYSTICK_Callback) for HAL_SYSTICK_Callback
    stm32f4xx_hal_dma.o(i.HAL_DMA_Abort) refers to stm32f4xx_hal.o(i.HAL_GetTick) for HAL_GetTick
    stm32f4xx_hal_dma.o(i.HAL_DMA_PollForTransfer) refers to stm32f4xx_hal.o(i.HAL_GetTick) for HAL_GetTick
    stm32f4xx_hal_dma.o(i.HAL_DMA_Start) refers to stm32f4xx_hal_dma.o(i.DMA_SetConfig) for DMA_SetConfig
    stm32f4xx_hal_dma.o(i.HAL_DMA_Start_IT) refers to stm32f4xx_hal_dma.o(i.DMA_SetConfig) for DMA_SetConfig
    stm32f4xx_hal_flash_ex.o(i.FLASH_OB_DisableWRP) refers to stm32f4xx_hal_flash.o(i.FLASH_WaitForLastOperation) for FLASH_WaitForLastOperation
    stm32f4xx_hal_flash_ex.o(i.FLASH_OB_EnableWRP) refers to stm32f4xx_hal_flash.o(i.FLASH_WaitForLastOperation) for FLASH_WaitForLastOperation
    stm32f4xx_hal_flash_ex.o(i.FLASH_OB_RDP_LevelConfig) refers to stm32f4xx_hal_flash.o(i.FLASH_WaitForLastOperation) for FLASH_WaitForLastOperation
    stm32f4xx_hal_flash_ex.o(i.FLASH_OB_UserConfig) refers to stm32f4xx_hal_flash.o(i.FLASH_WaitForLastOperation) for FLASH_WaitForLastOperation
    stm32f4xx_hal_flash_ex.o(i.HAL_FLASHEx_Erase) refers to stm32f4xx_hal_flash.o(i.FLASH_WaitForLastOperation) for FLASH_WaitForLastOperation
    stm32f4xx_hal_flash_ex.o(i.HAL_FLASHEx_Erase) refers to stm32f4xx_hal_flash_ex.o(i.FLASH_MassErase) for FLASH_MassErase
[...]
    HAL_SYSTICK_Callback                     0x080060fd   Thumb Code    16  main.o(i.HAL_SYSTICK_Callback)
    HAL_SYSTICK_Config                       0x0800610d   Thumb Code    52  stm32f4xx_hal_cortex.o(i.HAL_SYSTICK_Config)
    HAL_SYSTICK_IRQHandler                   0x08006141   Thumb Code     8  stm32f4xx_hal_cortex.o(i.HAL_SYSTICK_IRQHandler)
    HAL_UART_ErrorCallback                   0x08006149   Thumb Code     2  stm32f4xx_hal_uart.o(i.HAL_UART_ErrorCallback)
    HAL_UART_IRQHandler                      0x0800614b   Thumb Code   288  stm32f4xx_hal_uart.o(i.HAL_UART_IRQHandler)
    HAL_UART_Init                            0x0800626b   Thumb Code   110  stm32f4xx_hal_uart.o(i.HAL_UART_Init)
    HAL_UART_MspInit                         0x080062d9   Thumb Code    92  usart.o(i.HAL_UART_MspInit)
    HAL_UART_RxCpltCallback                  0x08006341   Thumb Code     2  stm32f4xx_hal_uart.o(i.HAL_UART_RxCpltCallback)
    HAL_UART_Transmit                        0x08006343   Thumb Code   240  stm32f4xx_hal_uart.o(i.HAL_UART_Transmit)
    HAL_UART_TxCpltCallback                  0x08006433   Thumb Code     2  stm32f4xx_hal_uart.o(i.HAL_UART_TxCpltCallback)
    MX_ADC1_Init                             0x08006435   Thumb Code    68  adc.o(i.MX_ADC1_Init)
    MX_DMA_Init                              0x08006481   Thumb Code   138  dma.o(i.MX_DMA_Init)
    MX_FATFS_Init                            0x08006511   Thumb Code    16  fatfs.o(i.MX_FATFS_Init)
    MX_GPIO_Init                             0x0800652d   Thumb Code   274  gpio.o(i.MX_GPIO_Init)
    MX_RTC_Init                              0x08006655   Thumb Code   114  rtc.o(i.MX_RTC_Init)
    MX_SDIO_SD_Init                          0x080066d1   Thumb Code    26  sdio.o(i.MX_SDIO_SD_Init)
    MX_SPI2_Init                             0x080066f5   Thumb Code    54  spi.o(i.MX_SPI2_Init)
    MX_USART1_UART_Init                      0x08006735   Thumb Code    40  usart.o(i.MX_USART1_UART_Init)
    Mem_Clr                                  0x08006765   Thumb Code    18  lib_mem.o(i.Mem_Clr)
    Mem_Set                                  0x08006777   Thumb Code    84  lib_mem.o(i.Mem_Set)
    OSCfg_Init                               0x08006805   Thumb Code    86  os_cfg_app.o(i.OSCfg_Init)
    OSIdleTaskHook                           0x08006901   Thumb Code    16  os_cpu_c.o(i.OSIdleTaskHook)
    OSInit                                   0x08006915   Thumb Code   282  os_core.o(i.OSInit)
    OSInitHook                               0x08006a85   Thumb Code    28  os_cpu_c.o(i.OSInitHook)
    OSIntEnter                               0x08006aad   Thumb Code    34  os_core.o(i.OSIntEnter)
    OSIntExit                                0x08006ad9   Thumb Code   188  os_core.o(i.OSIntExit)
    OSMemCreate                              0x08006bb5   Thumb Code   288  os_mem.o(i.OSMemCreate)
    OSMemGet                                 0x08006ce5   Thumb Code   100  os_mem.o(i.OSMemGet)
    OSSched                                  0x08006d49   Thumb Code   130  os_core.o(i.OSSched)
    OSSchedLock                              0x08006de9   Thumb Code   104  os_core.o(i.OSSchedLock)
    OSSchedUnlock                            0x08006e5d   Thumb Code   136  os_core.o(i.OSSchedUnlock)
    OSSemCreate                              0x08006ef1   Thumb Code   172  os_sem.o(i.OSSemCreate)
    OSSemPend                                0x08006fad   Thumb Code   462  os_sem.o(i.OSSemPend)
    OSSemPost                                0x0800718d   Thumb Code   144  os_sem.o(i.OSSemPost)
    OSStart                                  0x08007225   Thumb Code    78  os_core.o(i.OSStart)
    OSStatReset                              0x0800728d   Thumb Code   270  os_stat.o(i.OSStatReset)
    OSStatTaskCPUUsageInit                   0x080073c5   Thumb Code   212  os_stat.o(i.OSStatTaskCPUUsageInit)
    OSStatTaskHook                           0x080074b5   Thumb Code    16  os_cpu_c.o(i.OSStatTaskHook)
    OSTaskCreate                             0x080074c9   Thumb Code   550  os_task.o(i.OSTaskCreate)
    OSTaskCreateHook                         0x08007711   Thumb Code    20  os_cpu_c.o(i.OSTaskCreateHook)
    OSTaskDel                                0x08007729   Thumb Code   424  os_task.o(i.OSTaskDel)
    OSTaskDelHook                            0x080078ed   Thumb Code    20  os_cpu_c.o(i.OSTaskDelHook)
    OSTaskResume                             0x08007905   Thumb Code   112  os_task.o(i.OSTaskResume)
    OSTaskReturnHook                         0x08007981   Thumb Code    20  os_cpu_c.o(i.OSTaskReturnHook)
    OSTaskSemPend                            0x08007999   Thumb Code   520  os_task.o(i.OSTaskSemPend)
    OSTaskStkChk                             0x08007bad   Thumb Code   204  os_task.o(i.OSTaskStkChk)
    OSTaskStkInit                            0x08007c81   Thumb Code   600  os_cpu_c.o(i.OSTaskStkInit)
    OSTaskSuspend                            0x08007edd   Thumb Code    78  os_task.o(i.OSTaskSuspend)
    OSTaskSwHook                             0x08007f3d   Thumb Code   120  os_cpu_c.o(i.OSTaskSwHook)
    OSTimeDly                                0x08007fc5   Thumb Code   266  os_time.o(i.OSTimeDly)
    OSTimeTick                               0x080080dd   Thumb Code    54  os_time.o(i.OSTimeTick)
    OSTimeTickHook                           0x08008121   Thumb Code    16  os_cpu_c.o(i.OSTimeTickHook)
    OS_Dbg_Init                              0x08008135   Thumb Code   146  os_dbg.o(i.OS_Dbg_Init)
    OS_FlagInit                              0x080082e5   Thumb Code    14  os_flag.o(i.OS_FlagInit)
    OS_FlagPost                              0x080082fd   Thumb Code   552  os_flag.o(i.OS_FlagPost)
    OS_FlagTaskRdy                           0x0800852d   Thumb Code    86  os_flag.o(i.OS_FlagTaskRdy)
    OS_IdleTask                              0x08008585   Thumb Code    60  os_core.o(i.OS_IdleTask)
    OS_IdleTaskInit                          0x080085c9   Thumb Code    66  os_core.o(i.OS_IdleTaskInit)
    OS_IntQPost                              0x08008639   Thumb Code   226  os_int.o(i.OS_IntQPost)
    OS_IntQRePost                            0x08008741   Thumb Code   342  os_int.o(i.OS_IntQRePost)
    OS_IntQTask                              0x080088cd   Thumb Code   162  os_int.o(i.OS_IntQTask)
    OS_IntQTaskInit                          0x08008981   Thumb Code   206  os_int.o(i.OS_IntQTaskInit)
    OS_MemDbgListAdd                         0x08008aa9   Thumb Code    34  os_mem.o(i.OS_MemDbgListAdd)
    OS_MemInit                               0x08008ad1   Thumb Code    14  os_mem.o(i.OS_MemInit)
    OS_MsgPoolCreate                         0x08008ae9   Thumb Code    54  os_msg.o(i.OS_MsgPoolCreate)
    OS_MsgPoolInit                           0x08008b21   Thumb Code    70  os_msg.o(i.OS_MsgPoolInit)
    OS_MsgQFreeAll                           0x08008b75   Thumb Code    62  os_msg.o(i.OS_MsgQFreeAll)
    OS_MsgQInit                              0x08008bb9   Thumb Code    14  os_msg.o(i.OS_MsgQInit)
    OS_MsgQPut                               0x08008bc9   Thumb Code   246  os_msg.o(i.OS_MsgQPut)
    OS_MutexInit                             0x08008cc5   Thumb Code    14  os_mutex.o(i.OS_MutexInit)
    OS_Pend                                  0x08008cdd   Thumb Code    98  os_core.o(i.OS_Pend)
    OS_PendDataInit                          0x08008d45   Thumb Code    38  os_core.o(i.OS_PendDataInit)
    OS_PendDbgNameAdd                        0x08008d6d   Thumb Code    66  os_core.o(i.OS_PendDbgNameAdd)
    OS_PendDbgNameRemove                     0x08008dc9   Thumb Code    30  os_core.o(i.OS_PendDbgNameRemove)
    OS_PendListInit                          0x08008ded   Thumb Code    10  os_core.o(i.OS_PendListInit)
    OS_PendListInsertPrio                    0x08008df7   Thumb Code   102  os_core.o(i.OS_PendListInsertPrio)
    OS_PendListRemove                        0x08008e5d   Thumb Code    48  os_core.o(i.OS_PendListRemove)
    OS_PendListRemove1                       0x08008e8d   Thumb Code    66  os_core.o(i.OS_PendListRemove1)
    OS_Post                                  0x08008ecf   Thumb Code   192  os_core.o(i.OS_Post)
    OS_Post1                                 0x08008f8f   Thumb Code    42  os_core.o(i.OS_Post1)
    OS_PrioGetHighest                        0x08008fb9   Thumb Code    36  os_prio.o(i.OS_PrioGetHighest)
    OS_PrioInit                              0x08008fe1   Thumb Code    20  os_prio.o(i.OS_PrioInit)
    OS_PrioInsert                            0x08008ff9   Thumb Code    32  os_prio.o(i.OS_PrioInsert)
    OS_PrioRemove                            0x0800901d   Thumb Code    32  os_prio.o(i.OS_PrioRemove)
    OS_QInit                                 0x08009041   Thumb Code    14  os_q.o(i.OS_QInit)
    OS_QPost                                 0x08009059   Thumb Code   324  os_q.o(i.OS_QPost)
    OS_RdyListInit                           0x080091a5   Thumb Code    32  os_core.o(i.OS_RdyListInit)
    OS_RdyListInsert                         0x080091c9   Thumb Code    40  os_core.o(i.OS_RdyListInsert)
    OS_RdyListInsertHead                     0x080091f5   Thumb Code    58  os_core.o(i.OS_RdyListInsertHead)
    OS_RdyListInsertTail                     0x08009235   Thumb Code    56  os_core.o(i.OS_RdyListInsertTail)
    OS_RdyListRemove                         0x08009271   Thumb Code    86  os_core.o(i.OS_RdyListRemove)
    OS_Sched0                                0x080092cd   Thumb Code    68  os_core.o(i.OS_Sched0)
    OS_SchedLockTimeMeasStart                0x08009321   Thumb Code    20  os_core.o(i.OS_SchedLockTimeMeasStart)
    OS_SchedLockTimeMeasStop                 0x0800933d   Thumb Code    44  os_core.o(i.OS_SchedLockTimeMeasStop)
    OS_SemDbgListAdd                         0x08009379   Thumb Code    38  os_sem.o(i.OS_SemDbgListAdd)
    OS_SemInit                               0x080093a9   Thumb Code    14  os_sem.o(i.OS_SemInit)
    OS_SemPost                               0x080093c1   Thumb Code   350  os_sem.o(i.OS_SemPost)
    OS_StatTask                              0x08009525   Thumb Code   790  os_stat.o(i.OS_StatTask)
    OS_StatTaskInit                          0x08009881   Thumb Code   136  os_stat.o(i.OS_StatTaskInit)
    OS_TaskBlock                             0x0800994d   Thumb Code    56  os_core.o(i.OS_TaskBlock)
    OS_TaskDbgListAdd                        0x08009985   Thumb Code    42  os_task.o(i.OS_TaskDbgListAdd)
    OS_TaskDbgListRemove                     0x080099b5   Thumb Code    64  os_task.o(i.OS_TaskDbgListRemove)
    OS_TaskInit                              0x080099f9   Thumb Code    18  os_task.o(i.OS_TaskInit)
    OS_TaskInitTCB                           0x08009a19   Thumb Code   186  os_task.o(i.OS_TaskInitTCB)
    OS_TaskQPost                             0x08009ae1   Thumb Code   510  os_task.o(i.OS_TaskQPost)
    OS_TaskRdy                               0x08009ced   Thumb Code    28  os_core.o(i.OS_TaskRdy)
    OS_TaskResume                            0x08009d09   Thumb Code   314  os_task.o(i.OS_TaskResume)
    OS_TaskReturn                            0x08009e49   Thumb Code    20  os_task.o(i.OS_TaskReturn)
    OS_TaskSemPost                           0x08009e61   Thumb Code  1210  os_task.o(i.OS_TaskSemPost)
    OS_TaskSuspend                           0x0800a325   Thumb Code   328  os_task.o(i.OS_TaskSuspend)
    OS_TickListInit                          0x0800a475   Thumb Code    32  os_tick.o(i.OS_TickListInit)
    OS_TickListInsert                        0x0800a49d   Thumb Code   430  os_tick.o(i.OS_TickListInsert)
    OS_TickListRemove                        0x0800a659   Thumb Code    56  os_tick.o(i.OS_TickListRemove)
    OS_TickListResetPeak                     0x0800a691   Thumb Code    28  os_tick.o(i.OS_TickListResetPeak)
    OS_TickListUpdate                        0x0800a6b5   Thumb Code   480  os_tick.o(i.OS_TickListUpdate)
    OS_TickTask                              0x0800a8ad   Thumb Code    38  os_tick.o(i.OS_TickTask)
    OS_TickTaskInit                          0x0800a8d9   Thumb Code   128  os_tick.o(i.OS_TickTaskInit)
    OS_TmrInit                               0x0800a991   Thumb Code   206  os_tmr.o(i.OS_TmrInit)
    OS_TmrLink                               0x0800aab9   Thumb Code   196  os_tmr.o(i.OS_TmrLink)
    OS_TmrResetPeak                          0x0800ab89   Thumb Code    28  os_tmr.o(i.OS_TmrResetPeak)
    OS_TmrTask                               0x0800abad   Thumb Code   176  os_tmr.o(i.OS_TmrTask)
    OS_TmrUnlink                             0x0800ac6d   Thumb Code    72  os_tmr.o(i.OS_TmrUnlink)
    RTC_Bcd2ToByte                           0x0800acbd   Thumb Code    22  stm32f4xx_hal_rtc.o(i.RTC_Bcd2ToByte)
    RTC_ByteToBcd2                           0x0800acd3   Thumb Code    26  stm32f4xx_hal_rtc.o(i.RTC_ByteToBcd2)
    RTC_EnterInitMode                        0x0800aced   Thumb Code    62  stm32f4xx_hal_rtc.o(i.RTC_EnterInitMode)
    SDIO_DataConfig                          0x0800ad2b   Thumb Code    44  stm32f4xx_ll_sdmmc.o(i.SDIO_DataConfig)
    SDIO_GetCommandResponse                  0x0800ad57   Thumb Code     8  stm32f4xx_ll_sdmmc.o(i.SDIO_GetCommandResponse)
    SDIO_GetPowerState                       0x0800ad5f   Thumb Code    10  stm32f4xx_ll_sdmmc.o(i.SDIO_GetPowerState)
    SDIO_GetResponse                         0x0800ad69   Thumb Code    20  stm32f4xx_ll_sdmmc.o(i.SDIO_GetResponse)
    SDIO_IRQHandler                          0x0800ad81   Thumb Code    10  stm32f4xx_it.o(i.SDIO_IRQHandler)
    SDIO_Init                                0x0800ad91   Thumb Code    52  stm32f4xx_ll_sdmmc.o(i.SDIO_Init)
    SDIO_PowerState_ON                       0x0800adc5   Thumb Code    10  stm32f4xx_ll_sdmmc.o(i.SDIO_PowerState_ON)
    SDIO_ReadFIFO                            0x0800adcf   Thumb Code     8  stm32f4xx_ll_sdmmc.o(i.SDIO_ReadFIFO)
    SDIO_SendCommand                         0x0800add7   Thumb Code    40  stm32f4xx_ll_sdmmc.o(i.SDIO_SendCommand)
    SD_initialize                            0x0800b73d   Thumb Code    32  sd_diskio.o(i.SD_initialize)
    SD_ioctl                                 0x0800b761   Thumb Code   116  sd_diskio.o(i.SD_ioctl)
    SD_read                                  0x0800b7d9   Thumb Code    42  sd_diskio.o(i.SD_read)
    SD_status                                0x0800b805   Thumb Code    32  sd_diskio.o(i.SD_status)
    SD_write                                 0x0800b829   Thumb Code    42  sd_diskio.o(i.SD_write)
    SysTick_Handler                          0x0800bbdf   Thumb Code    12  stm32f4xx_it.o(i.SysTick_Handler)
    SystemClock_Config                       0x0800bbed   Thumb Code   176  main.o(i.SystemClock_Config)
    SystemInit                               0x0800bca5   Thumb Code    82  system_stm32f4xx.o(i.SystemInit)
    USART1_IRQHandler                        0x0800c19d   Thumb Code    18  stm32f4xx_it.o(i.USART1_IRQHandler)
    WIZCHIP_READ                             0x0800c1b5   Thumb Code   112  w5500.o(i.WIZCHIP_READ)
    WIZCHIP_READ_BUF                         0x0800c229   Thumb Code   136  w5500.o(i.WIZCHIP_READ_BUF)
    WIZCHIP_WRITE                            0x0800c2b5   Thumb Code   112  w5500.o(i.WIZCHIP_WRITE)
    WIZCHIP_WRITE_BUF                        0x0800c329   Thumb Code   132  w5500.o(i.WIZCHIP_WRITE_BUF)
    _is_digit                                0x0800c3b1   Thumb Code    14  __printf_wp.o(i._is_digit)
    _sys_exit                                0x0800c3bf   Thumb Code     8  retarget.o(i._sys_exit)
    close                                    0x0800c3c9   Thumb Code   142  socket.o(i.close)
    ctlnetwork                               0x0800c469   Thumb Code    80  wizchip_conf.o(i.ctlnetwork)
    ctlwizchip                               0x0800c4b9   Thumb Code   276  wizchip_conf.o(i.ctlwizchip)
    fputc                                    0x0800c5d1   Thumb Code    20  retarget.o(i.fputc)
    getSn_RX_RSR                             0x0800c5e9   Thumb Code   108  w5500.o(i.getSn_RX_RSR)
    getSn_TX_FSR                             0x0800c655   Thumb Code   108  w5500.o(i.getSn_TX_FSR)
    led0_task                                0x0800c6c1   Thumb Code   382  main.o(i.led0_task)
    led1_task                                0x0800c9c1   Thumb Code   128  main.o(i.led1_task)
    loopback_udps                            0x0800ca89   Thumb Code   192  loopback.o(i.loopback_udps)
    main                                     0x0800cba5   Thumb Code   276  main.o(i.main)
    network_init                             0x0800cd15   Thumb Code   164  main.o(i.network_init)
    recvfrom                                 0x0800ce69   Thumb Code   606  socket.o(i.recvfrom)
    reg_wizchip_spi_cbfunc                   0x0800d0d5   Thumb Code    40  wizchip_conf.o(i.reg_wizchip_spi_cbfunc)
    reg_wizchip_spiburst_cbfunc              0x0800d109   Thumb Code    38  wizchip_conf.o(i.reg_wizchip_spiburst_cbfunc)
    sendto                                   0x0800d13d   Thumb Code   464  socket.o(i.sendto)
    socket                                   0x0800d311   Thumb Code   378  socket.o(i.socket)
    start_task                               0x0800d4a1   Thumb Code   260  main.o(i.start_task)
    wiz_recv_data                            0x0800d5e1   Thumb Code   132  w5500.o(i.wiz_recv_data)
    wiz_recv_ignore                          0x0800d665   Thumb Code   102  w5500.o(i.wiz_recv_ignore)
    wiz_send_data                            0x0800d6cb   Thumb Code   132  w5500.o(i.wiz_send_data)
    wizchip_bus_readdata                     0x0800d74f   Thumb Code     6  wizchip_conf.o(i.wizchip_bus_readdata)
    wizchip_bus_writedata                    0x0800d755   Thumb Code     4  wizchip_conf.o(i.wizchip_bus_writedata)
    wizchip_clrinterrupt                     0x0800d759   Thumb Code    32  wizchip_conf.o(i.wizchip_clrinterrupt)
    wizchip_cris_enter                       0x0800d779   Thumb Code     2  wizchip_conf.o(i.wizchip_cris_enter)
    wizchip_cris_exit                        0x0800d77b   Thumb Code     2  wizchip_conf.o(i.wizchip_cris_exit)
    wizchip_cs_deselect                      0x0800d77d   Thumb Code    14  wizchip_conf.o(i.wizchip_cs_deselect)
    wizchip_cs_select                        0x0800d791   Thumb Code    14  wizchip_conf.o(i.wizchip_cs_select)
    wizchip_getinterrupt                     0x0800d7a5   Thumb Code    42  wizchip_conf.o(i.wizchip_getinterrupt)
    wizchip_getinterruptmask                 0x0800d7cf   Thumb Code    40  wizchip_conf.o(i.wizchip_getinterruptmask)
    wizchip_getnetinfo                       0x0800d7f9   Thumb Code    82  wizchip_conf.o(i.wizchip_getnetinfo)
    wizchip_getnetmode                       0x0800d855   Thumb Code    10  wizchip_conf.o(i.wizchip_getnetmode)
    wizchip_gettimeout                       0x0800d85f   Thumb Code    40  wizchip_conf.o(i.wizchip_gettimeout)
    wizchip_hw_reset                         0x0800d889   Thumb Code    46  wizchip_conf.o(i.wizchip_hw_reset)
    wizchip_init                             0x0800d8bd   Thumb Code   148  wizchip_conf.o(i.wizchip_init)
    wizchip_setinterruptmask                 0x0800d951   Thumb Code    30  wizchip_conf.o(i.wizchip_setinterruptmask)
    wizchip_setnetinfo                       0x0800d971   Thumb Code    80  wizchip_conf.o(i.wizchip_setnetinfo)
    wizchip_setnetmode                       0x0800d9c9   Thumb Code    38  wizchip_conf.o(i.wizchip_setnetmode)
    wizchip_settimeout                       0x0800d9ef   Thumb Code    38  wizchip_conf.o(i.wizchip_settimeout)
    wizchip_spi_readburst                    0x0800da15   Thumb Code    30  wizchip_conf.o(i.wizchip_spi_readburst)
    wizchip_spi_readbyte                     0x0800da39   Thumb Code    20  wizchip_conf.o(i.wizchip_spi_readbyte)
    wizchip_spi_writeburst                   0x0800da51   Thumb Code    30  wizchip_conf.o(i.wizchip_spi_writeburst)
    wizchip_spi_writebyte                    0x0800da75   Thumb Code    16  wizchip_conf.o(i.wizchip_spi_writebyte)
    wizchip_sw_reset                         0x0800da89   Thumb Code   114  wizchip_conf.o(i.wizchip_sw_reset)
    wizphy_getphyconf                        0x0800dafb   Thumb Code   120  wizchip_conf.o(i.wizphy_getphyconf)
    wizphy_getphylink                        0x0800db73   Thumb Code    26  wizchip_conf.o(i.wizphy_getphylink)
    wizphy_getphypmode                       0x0800db8d   Thumb Code    28  wizchip_conf.o(i.wizphy_getphypmode)
    wizphy_reset                             0x0800dba9   Thumb Code    52  wizchip_conf.o(i.wizphy_reset)
    wizphy_setphyconf                        0x0800dbdd   Thumb Code    88  wizchip_conf.o(i.wizphy_setphyconf)
    wizphy_setphypmode                       0x0800dc35   Thumb Code   100  wizchip_conf.o(i.wizphy_setphypmode)
    _fp_init                                 0x0800dc99   Thumb Code    10  fpinit.o(x$fpl$fpinit)
    __fplib_config_fpu_vfp                   0x0800dca1   Thumb Code     0  fpinit.o(x$fpl$fpinit)
    __fplib_config_pureend_doubles           0x0800dca1   Thumb Code     0  fpinit.o(x$fpl$fpinit)
    APBAHBPrescTable                         0x0800dca2   Data          16  stm32f4xx_hal_rcc.o(.constdata)
    OSCfg_IdleTaskStkBasePtr                 0x0800dcc4   Data           4  os_cfg_app.o(.constdata)
    OSCfg_IdleTaskStkLimit                   0x0800dcc8   Data           4  os_cfg_app.o(.constdata)
    OSCfg_IdleTaskStkSize                    0x0800dccc   Data           4  os_cfg_app.o(.constdata)
    OSCfg_IdleTaskStkSizeRAM                 0x0800dcd0   Data           4  os_cfg_app.o(.constdata)
    OSCfg_IntQBasePtr                        0x0800dcd4   Data           4  os_cfg_app.o(.constdata)
    OSCfg_IntQSize                           0x0800dcd8   Data           2  os_cfg_app.o(.constdata)
    OSCfg_IntQSizeRAM                        0x0800dcdc   Data           4  os_cfg_app.o(.constdata)
    OSCfg_IntQTaskStkBasePtr                 0x0800dce0   Data           4  os_cfg_app.o(.constdata)
    OSCfg_IntQTaskStkLimit                   0x0800dce4   Data           4  os_cfg_app.o(.constdata)
    OSCfg_IntQTaskStkSize                    0x0800dce8   Data           4  os_cfg_app.o(.constdata)
    OSCfg_IntQTaskStkSizeRAM                 0x0800dcec   Data           4  os_cfg_app.o(.constdata)
    OSCfg_ISRStkBasePtr                      0x0800dcf0   Data           4  os_cfg_app.o(.constdata)
    OSCfg_ISRStkSize                         0x0800dcf4   Data           4  os_cfg_app.o(.constdata)
    OSCfg_ISRStkSizeRAM                      0x0800dcf8   Data           4  os_cfg_app.o(.constdata)
    OSCfg_MsgPoolSize                        0x0800dcfc   Data           2  os_cfg_app.o(.constdata)
    OSCfg_MsgPoolSizeRAM                     0x0800dd00   Data           4  os_cfg_app.o(.constdata)
    OSCfg_MsgPoolBasePtr                     0x0800dd04   Data           4  os_cfg_app.o(.constdata)
    OSCfg_StatTaskPrio                       0x0800dd08   Data           1  os_cfg_app.o(.constdata)
    OSCfg_StatTaskRate_Hz                    0x0800dd0c   Data           4  os_cfg_app.o(.constdata)
    OSCfg_StatTaskStkBasePtr                 0x0800dd10   Data           4  os_cfg_app.o(.constdata)
    OSCfg_StatTaskStkLimit                   0x0800dd14   Data           4  os_cfg_app.o(.constdata)
    OSCfg_StatTaskStkSize                    0x0800dd18   Data           4  os_cfg_app.o(.constdata)
    OSCfg_StatTaskStkSizeRAM                 0x0800dd1c   Data           4  os_cfg_app.o(.constdata)
    OSCfg_StkSizeMin                         0x0800dd20   Data           4  os_cfg_app.o(.constdata)
    OSCfg_TickRate_Hz                        0x0800dd24   Data           4  os_cfg_app.o(.constdata)
    OSCfg_TickTaskPrio                       0x0800dd28   Data           1  os_cfg_app.o(.constdata)
    OSCfg_TickTaskStkBasePtr                 0x0800dd2c   Data           4  os_cfg_app.o(.constdata)
    OSCfg_TickTaskStkLimit                   0x0800dd30   Data           4  os_cfg_app.o(.constdata)
    OSCfg_TickTaskStkSize                    0x0800dd34   Data           4  os_cfg_app.o(.constdata)
    OSCfg_TickTaskStkSizeRAM                 0x0800dd38   Data           4  os_cfg_app.o(.constdata)
    OSCfg_TickWheelSize                      0x0800dd3c   Data           2  os_cfg_app.o(.constdata)
    OSCfg_TickWheelSizeRAM                   0x0800dd40   Data           4  os_cfg_app.o(.constdata)
    OSCfg_TmrTaskPrio                        0x0800dd44   Data           1  os_cfg_app.o(.constdata)
    OSCfg_TmrTaskRate_Hz                     0x0800dd48   Data           4  os_cfg_app.o(.constdata)
    OSCfg_TmrTaskStkBasePtr                  0x0800dd4c   Data           4  os_cfg_app.o(.constdata)
    OSCfg_TmrTaskStkLimit                    0x0800dd50   Data           4  os_cfg_app.o(.constdata)
    OSCfg_TmrTaskStkSize                     0x0800dd54   Data           4  os_cfg_app.o(.constdata)
    OSCfg_TmrTaskStkSizeRAM                  0x0800dd58   Data           4  os_cfg_app.o(.constdata)
    OSCfg_TmrWheelSize                       0x0800dd5c   Data           2  os_cfg_app.o(.constdata)
    OSCfg_TmrWheelSizeRAM                    0x0800dd60   Data           4  os_cfg_app.o(.constdata)
    OSCfg_DataSizeRAM                        0x0800dd64   Data           4  os_cfg_app.o(.constdata)
    OSDbg_DbgEn                              0x0800dd68   Data           2  os_dbg.o(.constdata)
    OSDbg_ArgChkEn                           0x0800dd6a   Data           1  os_dbg.o(.constdata)
    OSDbg_AppHooksEn                         0x0800dd6b   Data           1  os_dbg.o(.constdata)
    OSDbg_EndiannessTest                     0x0800dd6c   Data           4  os_dbg.o(.constdata)
    OSDbg_CalledFromISRChkEn                 0x0800dd70   Data           1  os_dbg.o(.constdata)
    OSDbg_FlagEn                             0x0800dd71   Data           1  os_dbg.o(.constdata)
    OSDbg_FlagGrp                            0x0800dd74   Data          40  os_dbg.o(.constdata)
    OSDbg_FlagDelEn                          0x0800dd9c   Data           1  os_dbg.o(.constdata)
    OSDbg_FlagModeClrEn                      0x0800dd9d   Data           1  os_dbg.o(.constdata)
    OSDbg_FlagPendAbortEn                    0x0800dd9e   Data           1  os_dbg.o(.constdata)
    OSDbg_FlagGrpSize                        0x0800dda0   Data           2  os_dbg.o(.constdata)
    OSDbg_FlagWidth                          0x0800dda2   Data           2  os_dbg.o(.constdata)
    OSDbg_IntQ                               0x0800dda4   Data           2  os_dbg.o(.constdata)
    OSDbg_ISRPostDeferredEn                  0x0800dda6   Data           1  os_dbg.o(.constdata)
    OSDbg_Mem                                0x0800dda8   Data          32  os_dbg.o(.constdata)
    OSDbg_MemEn                              0x0800ddc8   Data           1  os_dbg.o(.constdata)
    OSDbg_MemSize                            0x0800ddca   Data           2  os_dbg.o(.constdata)
    OSDbg_MsgEn                              0x0800ddcc   Data           1  os_dbg.o(.constdata)
    OSDbg_MsgSize                            0x0800ddce   Data           2  os_dbg.o(.constdata)
    OSDbg_MsgPoolSize                        0x0800ddd0   Data           2  os_dbg.o(.constdata)
    OSDbg_MsgQSize                           0x0800ddd2   Data           2  os_dbg.o(.constdata)
    OSDbg_Mutex                              0x0800ddd4   Data          44  os_dbg.o(.constdata)
    OSDbg_MutexEn                            0x0800de00   Data           1  os_dbg.o(.constdata)
    OSDbg_MutexDelEn                         0x0800de01   Data           1  os_dbg.o(.constdata)
    OSDbg_MutexPendAbortEn                   0x0800de02   Data           1  os_dbg.o(.constdata)
    OSDbg_MutexSize                          0x0800de04   Data           2  os_dbg.o(.constdata)
    OSDbg_ObjTypeChkEn                       0x0800de06   Data           1  os_dbg.o(.constdata)
    OSDbg_PendMultiEn                        0x0800de07   Data           1  os_dbg.o(.constdata)
    OSDbg_PendDataSize                       0x0800de08   Data           2  os_dbg.o(.constdata)
    OSDbg_PendListSize                       0x0800de0a   Data           2  os_dbg.o(.constdata)
    OSDbg_PendObjSize                        0x0800de0c   Data           2  os_dbg.o(.constdata)
    OSDbg_PrioMax                            0x0800de0e   Data           2  os_dbg.o(.constdata)
    OSDbg_PrioTblSize                        0x0800de10   Data           2  os_dbg.o(.constdata)
    OSDbg_PtrSize                            0x0800de12   Data           2  os_dbg.o(.constdata)
    OSDbg_Q                                  0x0800de14   Data          48  os_dbg.o(.constdata)
    OSDbg_QEn                                0x0800de44   Data           1  os_dbg.o(.constdata)
    OSDbg_QDelEn                             0x0800de45   Data           1  os_dbg.o(.constdata)
    OSDbg_QFlushEn                           0x0800de46   Data           1  os_dbg.o(.constdata)
    OSDbg_QPendAbortEn                       0x0800de47   Data           1  os_dbg.o(.constdata)
    OSDbg_QSize                              0x0800de48   Data           2  os_dbg.o(.constdata)
    OSDbg_SchedRoundRobinEn                  0x0800de4a   Data           1  os_dbg.o(.constdata)
    OSDbg_Sem                                0x0800de4c   Data          40  os_dbg.o(.constdata)
    OSDbg_SemEn                              0x0800de74   Data           1  os_dbg.o(.constdata)
    OSDbg_SemDelEn                           0x0800de75   Data           1  os_dbg.o(.constdata)
    OSDbg_SemPendAbortEn                     0x0800de76   Data           1  os_dbg.o(.constdata)
    OSDbg_SemSetEn                           0x0800de77   Data           1  os_dbg.o(.constdata)
    OSDbg_SemSize                            0x0800de78   Data           2  os_dbg.o(.constdata)
    OSDbg_RdyList                            0x0800de7a   Data           2  os_dbg.o(.constdata)
    OSDbg_RdyListSize                        0x0800de7c   Data           4  os_dbg.o(.constdata)
    OSDbg_StkWidth                           0x0800de80   Data           1  os_dbg.o(.constdata)
    OSDbg_StatTaskEn                         0x0800de81   Data           1  os_dbg.o(.constdata)
    OSDbg_StatTaskStkChkEn                   0x0800de82   Data           1  os_dbg.o(.constdata)
    OSDbg_TaskChangePrioEn                   0x0800de83   Data           1  os_dbg.o(.constdata)
    OSDbg_TaskDelEn                          0x0800de84   Data           1  os_dbg.o(.constdata)
    OSDbg_TaskQEn                            0x0800de85   Data           1  os_dbg.o(.constdata)
    OSDbg_TaskQPendAbortEn                   0x0800de86   Data           1  os_dbg.o(.constdata)
    OSDbg_TaskProfileEn                      0x0800de87   Data           1  os_dbg.o(.constdata)
    OSDbg_TaskRegTblSize                     0x0800de88   Data           2  os_dbg.o(.constdata)
    OSDbg_TaskSemPendAbortEn                 0x0800de8a   Data           1  os_dbg.o(.constdata)
    OSDbg_TaskSuspendEn                      0x0800de8b   Data           1  os_dbg.o(.constdata)
    OSDbg_TCBSize                            0x0800de8c   Data           2  os_dbg.o(.constdata)
    OSDbg_TickSpokeSize                      0x0800de8e   Data           2  os_dbg.o(.constdata)
    OSDbg_TimeDlyHMSMEn                      0x0800de90   Data           1  os_dbg.o(.constdata)
    OSDbg_TimeDlyResumeEn                    0x0800de91   Data           1  os_dbg.o(.constdata)
    OSDbg_TLS_TblSize                        0x0800de92   Data           2  os_dbg.o(.constdata)
    OSDbg_Tmr                                0x0800de94   Data          52  os_dbg.o(.constdata)
    OSDbg_TmrEn                              0x0800dec8   Data           1  os_dbg.o(.constdata)
    OSDbg_TmrDelEn                           0x0800dec9   Data           1  os_dbg.o(.constdata)
    OSDbg_TmrSize                            0x0800deca   Data           2  os_dbg.o(.constdata)
    OSDbg_TmrSpokeSize                       0x0800decc   Data           2  os_dbg.o(.constdata)
    OSDbg_VersionNbr                         0x0800dece   Data           2  os_dbg.o(.constdata)
    OSDbg_DataSize                           0x0800ded0   Data           4  os_dbg.o(.constdata)
    Region$$Table$$Base                      0x0800df10   Number         0  anon$$obj.o(Region$$Table)
    Region$$Table$$Limit                     0x0800df30   Number         0  anon$$obj.o(Region$$Table)
    SystemCoreClock                          0x20000000   Data           4  system_stm32f4xx.o(.data)
    WIZCHIP                                  0x20000008   Data          40  wizchip_conf.o(.data)
    sock_pack_info                           0x2000003c   Data           8  socket.o(.data)
    gWIZNETINFO                              0x20000044   Data          23  main.o(.data)
    __stdout                                 0x2000005c   Data           4  retarget.o(.data)
    __stdin                                  0x20000060   Data           4  retarget.o(.data)
    __stderr                                 0x20000064   Data           4  retarget.o(.data)
    retSD                                    0x20000068   Data           1  fatfs.o(.data)
    SD_Path                                  0x20000069   Data           4  fatfs.o(.data)
    CPU_TS_TmrFreq_Hz                        0x20000070   Data           4  cpu_core.o(.data)
    OSPrioTbl                                0x20000074   Data           8  os_prio.o(.data)
    OS_AppTaskCreateHookPtr                  0x2000007c   Data           4  os_var.o(.data)
    OS_AppTaskDelHookPtr                     0x20000080   Data           4  os_var.o(.data)
    OS_AppTaskReturnHookPtr                  0x20000084   Data           4  os_var.o(.data)
    OS_AppIdleTaskHookPtr                    0x20000088   Data           4  os_var.o(.data)
    OS_AppStatTaskHookPtr                    0x2000008c   Data           4  os_var.o(.data)
    OS_AppTaskSwHookPtr                      0x20000090   Data           4  os_var.o(.data)
    OS_AppTimeTickHookPtr                    0x20000094   Data           4  os_var.o(.data)
    OSIdleTaskCtr                            0x20000098   Data           4  os_var.o(.data)
    OSIntNestingCtr                          0x2000009c   Data           1  os_var.o(.data)
    OSRunning                                0x2000009d   Data           1  os_var.o(.data)
    OSIntQInPtr                              0x200000a0   Data           4  os_var.o(.data)
    OSIntQOutPtr                             0x200000a4   Data           4  os_var.o(.data)
    OSIntQNbrEntries                         0x200000a8   Data           2  os_var.o(.data)
    OSIntQNbrEntriesMax                      0x200000aa   Data           2  os_var.o(.data)
    OSIntQOvfCtr                             0x200000ac   Data           2  os_var.o(.data)
    OSIntQTaskTimeMax                        0x200000b0   Data           4  os_var.o(.data)
    OSFlagDbgListPtr                         0x200000b4   Data           4  os_var.o(.data)
    OSFlagQty                                0x200000b8   Data           2  os_var.o(.data)
    OSMemDbgListPtr                          0x200000bc   Data           4  os_var.o(.data)
    OSMemQty                                 0x200000c0   Data           2  os_var.o(.data)
    OSMutexDbgListPtr                        0x200000c4   Data           4  os_var.o(.data)
    OSMutexQty                               0x200000c8   Data           2  os_var.o(.data)
    OSPrioCur                                0x200000ca   Data           1  os_var.o(.data)
    OSPrioHighRdy                            0x200000cb   Data           1  os_var.o(.data)
    OSPrioSaved                              0x200000cc   Data           1  os_var.o(.data)
    OSQDbgListPtr                            0x200000d0   Data           4  os_var.o(.data)
    OSQQty                                   0x200000d4   Data           2  os_var.o(.data)
    OSSchedLockTimeBegin                     0x200000d8   Data           4  os_var.o(.data)
    OSSchedLockTimeMax                       0x200000dc   Data           4  os_var.o(.data)
    OSSchedLockTimeMaxCur                    0x200000e0   Data           4  os_var.o(.data)
    OSSchedLockNestingCtr                    0x200000e4   Data           1  os_var.o(.data)
    OSSemDbgListPtr                          0x200000e8   Data           4  os_var.o(.data)
    OSSemQty                                 0x200000ec   Data           2  os_var.o(.data)
    OSStatResetFlag                          0x200000ee   Data           1  os_var.o(.data)
    OSStatTaskCPUUsage                       0x200000f0   Data           2  os_var.o(.data)
    OSStatTaskCPUUsageMax                    0x200000f2   Data           2  os_var.o(.data)
    OSStatTaskCtr                            0x200000f4   Data           4  os_var.o(.data)
    OSStatTaskCtrMax                         0x200000f8   Data           4  os_var.o(.data)
    OSStatTaskCtrRun                         0x200000fc   Data           4  os_var.o(.data)
    OSStatTaskRdy                            0x20000100   Data           1  os_var.o(.data)
    OSStatTaskTimeMax                        0x20000104   Data           4  os_var.o(.data)
    OSTaskCtxSwCtr                           0x20000108   Data           4  os_var.o(.data)
    OSTaskDbgListPtr                         0x2000010c   Data           4  os_var.o(.data)
    OSTaskQty                                0x20000110   Data           2  os_var.o(.data)
    OSTaskRegNextAvailID                     0x20000112   Data           1  os_var.o(.data)
    OSTickCtr                                0x20000114   Data           4  os_var.o(.data)
    OSTickTaskTimeMax                        0x20000118   Data           4  os_var.o(.data)
    OSTmrDbgListPtr                          0x2000011c   Data           4  os_var.o(.data)
    OSTmrQty                                 0x20000120   Data           2  os_var.o(.data)
    OSTmrTaskTimeMax                         0x20000124   Data           4  os_var.o(.data)
    OSTmrTickCtr                             0x20000128   Data           4  os_var.o(.data)
    OSTmrUpdateCnt                           0x2000012c   Data           4  os_var.o(.data)
    OSTmrUpdateCtr                           0x20000130   Data           4  os_var.o(.data)
    OSTCBCurPtr                              0x20000134   Data           4  os_var.o(.data)
    OSTCBHighRdyPtr                          0x20000138   Data           4  os_var.o(.data)
    OS_CPU_ExceptStkBase                     0x2000013c   Data           4  os_cpu_c.o(.data)
    SD_Driver                                0x20000144   Data          20  sd_diskio.o(.data)
    semSOCKET_1                              0x20000168   Data          40  main.o(.bss)
    gDATABUF                                 0x20000190   Data        2048  main.o(.bss)
    mem_for_sd                               0x20000990   Data          32  main.o(.bss)
    mem_for_sd_storage                       0x200009b0   Data        1024  main.o(.bss)
    StartTaskTCB                             0x20000db0   Data         196  main.o(.bss)
    START_TASK_STK                           0x20000e74   Data         512  main.o(.bss)
    Led0TaskTCB                              0x20001074   Data         196  main.o(.bss)
    LED0_TASK_STK                            0x20001138   Data        1024  main.o(.bss)
    Led1TaskTCB                              0x20001538   Data         196  main.o(.bss)
    LED1_TASK_STK                            0x200015fc   Data        8192  main.o(.bss)
    hadc1                                    0x200035fc   Data          68  adc.o(.bss)
    hdma_adc1                                0x20003640   Data          80  adc.o(.bss)
    huart1                                   0x20003690   Data          64  usart.o(.bss)
    hspi2                                    0x200036d0   Data          88  spi.o(.bss)
    hdma_spi2_tx                             0x20003728   Data          80  spi.o(.bss)
    hdma_spi2_rx                             0x20003778   Data          80  spi.o(.bss)
    hsd                                      0x200037c8   Data          96  sdio.o(.bss)
    SDCardInfo                               0x20003828   Data          88  sdio.o(.bss)
    hdma_sdio_rx                             0x20003880   Data          80  sdio.o(.bss)
    hdma_sdio_tx                             0x200038d0   Data          80  sdio.o(.bss)
    hrtc                                     0x20003920   Data          32  rtc.o(.bss)
    CPU_Name                                 0x20003940   Data          16  cpu_core.o(.bss)
    OSCfg_IdleTaskStk                        0x20003950   Data         512  os_cfg_app.o(.bss)
    OSCfg_IntQ                               0x20003b50   Data         320  os_cfg_app.o(.bss)
    OSCfg_IntQTaskStk                        0x20003c90   Data         512  os_cfg_app.o(.bss)
    OSCfg_ISRStk                             0x20003e90   Data         512  os_cfg_app.o(.bss)
    OSCfg_MsgPool                            0x20004090   Data        1600  os_cfg_app.o(.bss)
    OSCfg_StatTaskStk                        0x200046d0   Data         512  os_cfg_app.o(.bss)
    OSCfg_TickTaskStk                        0x200048d0   Data         512  os_cfg_app.o(.bss)
    OSCfg_TickWheel                          0x20004ad0   Data         136  os_cfg_app.o(.bss)
    OSCfg_TmrTaskStk                         0x20004b58   Data         512  os_cfg_app.o(.bss)
    OSCfg_TmrWheel                           0x20004d58   Data         136  os_cfg_app.o(.bss)
    OSIdleTaskTCB                            0x20004de0   Data         196  os_var.o(.bss)
    OSIntQTaskTCB                            0x20004ea4   Data         196  os_var.o(.bss)
    OSMsgPool                                0x20004f68   Data          12  os_var.o(.bss)
    OSRdyList                                0x20004f74   Data         768  os_var.o(.bss)
    OSStatTaskTCB                            0x20005274   Data         196  os_var.o(.bss)
    OSTickTaskTCB                            0x20005338   Data         196  os_var.o(.bss)
    OSTmrTaskTCB                             0x200053fc   Data         196  os_var.o(.bss)
    disk                                     0x200054c0   Data          12  ff_gen_drv.o(.bss)
    __libspace_start                         0x200054cc   Data          96  libspace.o(.bss)
    __temporary_stack_top$libspace           0x2000552c   Data           0  libspace.o(.bss)



==============================================================================

Memory Map of the image

  Image Entry point : 0x08000189

  Load Region LR_IROM1 (Base: 0x08000000, Size: 0x0000e088, Max: 0x00100000, ABSOLUTE, COMPRESSED[0x0000df7c])

    Execution Region ER_IROM1 (Base: 0x08000000, Size: 0x0000df30, Max: 0x00100000, ABSOLUTE)

    Base Addr    Size         Type   Attr      Idx    E Section Name        Object

    0x08000000   0x00000188   Data   RO         3209    RESET               startup_stm32f407xx.o
    0x08000188   0x00000008   Code   RO         6472  * !!!main             c_w.l(__main.o)
    0x08000190   0x00000034   Code   RO         6652    !!!scatter          c_w.l(__scatter.o)
    0x080001c4   0x0000005a   Code   RO         6650    !!dczerorl2         c_w.l(__dczerorl2.o)
    0x0800021e   0x00000002   PAD
    0x08000220   0x0000001c   Code   RO         6654    !!handler_zi        c_w.l(__scatter_zi.o)
    0x0800023c   0x00000000   Code   RO         6463    .ARM.Collect$$_printf_percent$$00000000  c_w.l(_printf_percent.o)
    0x0800023c   0x00000006   Code   RO         6462    .ARM.Collect$$_printf_percent$$00000009  c_w.l(_printf_d.o)
    0x08000242   0x00000006   Code   RO         6461    .ARM.Collect$$_printf_percent$$0000000C  c_w.l(_printf_x.o)
    0x08000248   0x00000006   Code   RO         6460    .ARM.Collect$$_printf_percent$$00000014  c_w.l(_printf_s.o)
    0x0800024e   0x00000004   Code   RO         6487    .ARM.Collect$$_printf_percent$$00000017  c_w.l(_printf_percent_end.o)
    0x08000252   0x00000002   Code   RO         6526    .ARM.Collect$$libinit$$00000000  c_w.l(libinit.o)
    0x08000254   0x00000004   Code   RO         6538    .ARM.Collect$$libinit$$00000001  c_w.l(libinit2.o)
    0x08000258   0x00000000   Code   RO         6541    .ARM.Collect$$libinit$$00000004  c_w.l(libinit2.o)
    0x08000258   0x00000000   Code   RO         6544    .ARM.Collect$$libinit$$0000000A  c_w.l(libinit2.o)
    0x08000258   0x00000000   Code   RO         6546    .ARM.Collect$$libinit$$0000000C  c_w.l(libinit2.o)
    0x08000258   0x00000000   Code   RO         6548    .ARM.Collect$$libinit$$0000000E  c_w.l(libinit2.o)
    0x08000258   0x00000000   Code   RO         6551    .ARM.Collect$$libinit$$00000011  c_w.l(libinit2.o)
    0x08000258   0x00000000   Code   RO         6553    .ARM.Collect$$libinit$$00000013  c_w.l(libinit2.o)
    0x08000258   0x00000000   Code   RO         6555    .ARM.Collect$$libinit$$00000015  c_w.l(libinit2.o)
    0x08000258   0x00000000   Code   RO         6557    .ARM.Collect$$libinit$$00000017  c_w.l(libinit2.o)
    0x08000258   0x00000000   Code   RO         6559    .ARM.Collect$$libinit$$00000019  c_w.l(libinit2.o)
    0x08000258   0x00000000   Code   RO         6561    .ARM.Collect$$libinit$$0000001B  c_w.l(libinit2.o)
    0x08000258   0x00000000   Code   RO         6563    .ARM.Collect$$libinit$$0000001D  c_w.l(libinit2.o)
    0x08000258   0x00000000   Code   RO         6565    .ARM.Collect$$libinit$$0000001F  c_w.l(libinit2.o)
    0x08000258   0x00000000   Code   RO         6567    .ARM.Collect$$libinit$$00000021  c_w.l(libinit2.o)
    0x08000258   0x00000000   Code   RO         6569    .ARM.Collect$$libinit$$00000023  c_w.l(libinit2.o)
    0x08000258   0x00000000   Code   RO         6571    .ARM.Collect$$libinit$$00000025  c_w.l(libinit2.o)
    0x08000258   0x00000000   Code   RO         6575    .ARM.Collect$$libinit$$0000002C  c_w.l(libinit2.o)
    0x08000258   0x00000000   Code   RO         6577    .ARM.Collect$$libinit$$0000002E  c_w.l(libinit2.o)
    0x08000258   0x00000000   Code   RO         6579    .ARM.Collect$$libinit$$00000030  c_w.l(libinit2.o)
    0x08000258   0x00000000   Code   RO         6581    .ARM.Collect$$libinit$$00000032  c_w.l(libinit2.o)
    0x08000258   0x00000002   Code   RO         6582    .ARM.Collect$$libinit$$00000033  c_w.l(libinit2.o)
    0x0800025a   0x00000002   Code   RO         6606    .ARM.Collect$$libshutdown$$00000000  c_w.l(libshutdown.o)
    0x0800025c   0x00000000   Code   RO         6632    .ARM.Collect$$libshutdown$$00000002  c_w.l(libshutdown2.o)
    0x0800025c   0x00000000   Code   RO         6634    .ARM.Collect$$libshutdown$$00000004  c_w.l(libshutdown2.o)
    0x0800025c   0x00000000   Code   RO         6637    .ARM.Collect$$libshutdown$$00000007  c_w.l(libshutdown2.o)
    0x0800025c   0x00000000   Code   RO         6640    .ARM.Collect$$libshutdown$$0000000A  c_w.l(libshutdown2.o)
    0x0800025c   0x00000000   Code   RO         6642    .ARM.Collect$$libshutdown$$0000000C  c_w.l(libshutdown2.o)
    0x0800025c   0x00000000   Code   RO         6645    .ARM.Collect$$libshutdown$$0000000F  c_w.l(libshutdown2.o)
    0x0800025c   0x00000002   Code   RO         6646    .ARM.Collect$$libshutdown$$00000010  c_w.l(libshutdown2.o)
    0x0800025e   0x00000000   Code   RO         6476    .ARM.Collect$$rtentry$$00000000  c_w.l(__rtentry.o)
    0x0800025e   0x00000000   Code   RO         6489    .ARM.Collect$$rtentry$$00000002  c_w.l(__rtentry2.o)
    0x0800025e   0x00000006   Code   RO         6501    .ARM.Collect$$rtentry$$00000004  c_w.l(__rtentry4.o)
    0x08000264   0x00000000   Code   RO         6491    .ARM.Collect$$rtentry$$00000009  c_w.l(__rtentry2.o)
    0x08000264   0x00000004   Code   RO         6492    .ARM.Collect$$rtentry$$0000000A  c_w.l(__rtentry2.o)
    0x08000268   0x00000000   Code   RO         6494    .ARM.Collect$$rtentry$$0000000C  c_w.l(__rtentry2.o)
    0x08000268   0x00000008   Code   RO         6495    .ARM.Collect$$rtentry$$0000000D  c_w.l(__rtentry2.o)
    0x08000270   0x00000002   Code   RO         6530    .ARM.Collect$$rtexit$$00000000  c_w.l(rtexit.o)
    0x08000272   0x00000000   Code   RO         6584    .ARM.Collect$$rtexit$$00000002  c_w.l(rtexit2.o)
    0x08000272   0x00000004   Code   RO         6585    .ARM.Collect$$rtexit$$00000003  c_w.l(rtexit2.o)
    0x08000276   0x00000006   Code   RO         6586    .ARM.Collect$$rtexit$$00000004  c_w.l(rtexit2.o)
    0x0800027c   0x00000040   Code   RO         3210    .text               startup_stm32f407xx.o
    0x080002bc   0x00000034   Code   RO         4207    .text               cpu_a.o
    0x080002f0   0x00000002   Code   RO         6403    .text               c_w.l(use_no_semi_2.o)
    0x080002f2   0x000000ee   Code   RO         6405    .text               c_w.l(lludivv7m.o)
    0x080003e0   0x00000018   Code   RO         6409    .text               c_w.l(noretval__2printf.o)
    0x080003f8   0x0000004e   Code   RO         6413    .text               c_w.l(_printf_pad.o)
    0x08000446   0x00000052   Code   RO         6415    .text               c_w.l(_printf_str.o)
    0x08000498   0x00000078   Code   RO         6417    .text               c_w.l(_printf_dec.o)
    0x08000510   0x00000058   Code   RO         6422    .text               c_w.l(_printf_hex_int.o)
    0x08000568   0x00000188   Code   RO         6457    .text               c_w.l(__printf_flags_ss_wp.o)
    0x080006f0   0x00000010   Code   RO         6464    .text               c_w.l(aeabi_memset.o)
    0x08000700   0x00000044   Code   RO         6466    .text               c_w.l(rt_memclr.o)
    0x08000744   0x0000004e   Code   RO         6468    .text               c_w.l(rt_memclr_w.o)
    0x08000792   0x00000006   Code   RO         6470    .text               c_w.l(heapauxi.o)
    0x08000798   0x00000002   Code   RO         6474    .text               c_w.l(use_no_semi.o)
    0x0800079a   0x000000b2   Code   RO         6481    .text               c_w.l(_printf_intcommon.o)
    0x0800084c   0x0000002c   Code   RO         6483    .text               c_w.l(_printf_char.o)
    0x08000878   0x00000024   Code   RO         6485    .text               c_w.l(_printf_char_file.o)
    0x0800089c   0x00000030   Code   RO         6505    .text               c_w.l(_printf_char_common.o)
    0x080008cc   0x00000008   Code   RO         6507    .text               c_w.l(ferror.o)
    0x080008d4   0x0000004a   Code   RO         6511    .text               c_w.l(sys_stackheap_outer.o)
    0x0800091e   0x00000012   Code   RO         6515    .text               c_w.l(exit.o)
    0x08000930   0x00000008   Code   RO         6527    .text               c_w.l(libspace.o)
    0x08000938   0x000000ac   Code   RO         5801    CODE                os_cpu_a.o
    0x080009e4   0x00000178   Code   RO          930    i.ADC_Init          stm32f4xx_hal_adc.o
    0x08000b5c   0x00000008   Code   RO         3985    i.BSP_CPU_ClkFreq   bsp.o
    0x08000b64   0x00000014   Code   RO         3842    i.BSP_SD_GetCardInfo  bsp_driver_sd.o
    0x08000b78   0x00000010   Code   RO         3843    i.BSP_SD_GetStatus  bsp_driver_sd.o
    0x08000b88   0x0000003c   Code   RO         3846    i.BSP_SD_Init       bsp_driver_sd.o
    0x08000bc4   0x0000000c   Code   RO         3847    i.BSP_SD_IsDetected  bsp_driver_sd.o
    0x08000bd0   0x00000044   Code   RO         3849    i.BSP_SD_ReadBlocks_DMA  bsp_driver_sd.o
    0x08000c14   0x00000044   Code   RO         3851    i.BSP_SD_WriteBlocks_DMA  bsp_driver_sd.o
    0x08000c58   0x0000000c   Code   RO         4035    i.CPU_Init          cpu_core.o
    0x08000c64   0x00000030   Code   RO         4036    i.CPU_NameClr       cpu_core.o
    0x08000c94   0x00000008   Code   RO         4038    i.CPU_NameInit      cpu_core.o
    0x08000c9c   0x00000014   Code   RO         4042    i.CPU_TS_Init       cpu_core.o
    0x08000cb0   0x0000000c   Code   RO         4044    i.CPU_TS_TmrFreqSet  cpu_core.o
    0x08000cbc   0x00000034   Code   RO         3987    i.CPU_TS_TmrInit    bsp.o
    0x08000cf0   0x0000000c   Code   RO         3988    i.CPU_TS_TmrRd      bsp.o
    0x08000cfc   0x00000018   Code   RO         3217    i.DMA1_Stream3_IRQHandler  stm32f4xx_it.o
    0x08000d14   0x00000018   Code   RO         3218    i.DMA1_Stream4_IRQHandler  stm32f4xx_it.o
    0x08000d2c   0x00000018   Code   RO         3219    i.DMA2_Stream0_IRQHandler  stm32f4xx_it.o
    0x08000d44   0x00000010   Code   RO         3220    i.DMA2_Stream3_IRQHandler  stm32f4xx_it.o
    0x08000d54   0x00000010   Code   RO         3221    i.DMA2_Stream6_IRQHandler  stm32f4xx_it.o
    0x08000d64   0x0000002c   Code   RO          537    i.DMA_SetConfig     stm32f4xx_hal_dma.o
    0x08000d90   0x00000012   Code   RO         3222    i.EXTI4_IRQHandler  stm32f4xx_it.o
    0x08000da2   0x00000002   PAD
    0x08000da4   0x0000004c   Code   RO         5877    i.FATFS_LinkDriver  ff_gen_drv.o
    0x08000df0   0x00000194   Code   RO          932    i.HAL_ADC_ConfigChannel  stm32f4xx_hal_adc.o
    0x08000f84   0x00000050   Code   RO          941    i.HAL_ADC_Init      stm32f4xx_hal_adc.o
    0x08000fd4   0x00000090   Code   RO         3507    i.HAL_ADC_MspInit   adc.o
    0x08001064   0x0000005e   Code   RO          538    i.HAL_DMA_Abort     stm32f4xx_hal_dma.o
    0x080010c2   0x00000002   PAD
    0x080010c4   0x00002638   Code   RO          542    i.HAL_DMA_IRQHandler  stm32f4xx_hal_dma.o
    0x080036fc   0x0000007c   Code   RO          543    i.HAL_DMA_Init      stm32f4xx_hal_dma.o
    0x08003778   0x0000008e   Code   RO          546    i.HAL_DMA_Start_IT  stm32f4xx_hal_dma.o
    0x08003806   0x0000001a   Code   RO          258    i.HAL_Delay         stm32f4xx_hal.o
    0x08003820   0x00000018   Code   RO         3335    i.HAL_GPIO_EXTI_Callback  main.o
    0x08003838   0x0000001c   Code   RO          745    i.HAL_GPIO_EXTI_IRQHandler  stm32f4xx_hal_gpio.o
    0x08003854   0x00000208   Code   RO          746    i.HAL_GPIO_Init     stm32f4xx_hal_gpio.o
    0x08003a5c   0x0000000c   Code   RO          750    i.HAL_GPIO_WritePin  stm32f4xx_hal_gpio.o
    0x08003a68   0x0000000c   Code   RO          264    i.HAL_GetTick       stm32f4xx_hal.o
    0x08003a74   0x00000010   Code   RO          265    i.HAL_IncTick       stm32f4xx_hal.o
    0x08003a84   0x0000003c   Code   RO          266    i.HAL_Init          stm32f4xx_hal.o
    0x08003ac0   0x00000024   Code   RO          267    i.HAL_InitTick      stm32f4xx_hal.o
    0x08003ae4   0x00000014   Code   RO         3482    i.HAL_MspInit       stm32f4xx_hal_msp.o
    0x08003af8   0x0000001a   Code   RO          399    i.HAL_NVIC_EnableIRQ  stm32f4xx_hal_cortex.o
    0x08003b12   0x0000007c   Code   RO          405    i.HAL_NVIC_SetPriority  stm32f4xx_hal_cortex.o
    0x08003b8e   0x00000002   PAD
    0x08003b90   0x00000028   Code   RO          406    i.HAL_NVIC_SetPriorityGrouping  stm32f4xx_hal_cortex.o
    0x08003bb8   0x000001a4   Code   RO          714    i.HAL_RCCEx_PeriphCLKConfig  stm32f4xx_hal_rcc_ex.o
    0x08003d5c   0x000002b0   Code   RO         1098    i.HAL_RCC_ClockConfig  stm32f4xx_hal_rcc.o
    0x0800400c   0x00000038   Code   RO         1103    i.HAL_RCC_GetHCLKFreq  stm32f4xx_hal_rcc.o
    0x08004044   0x0000002c   Code   RO         1105    i.HAL_RCC_GetPCLK1Freq  stm32f4xx_hal_rcc.o
    0x08004070   0x0000002c   Code   RO         1106    i.HAL_RCC_GetPCLK2Freq  stm32f4xx_hal_rcc.o
    0x0800409c   0x000000b4   Code   RO         1107    i.HAL_RCC_GetSysClockFreq  stm32f4xx_hal_rcc.o
    0x08004150   0x00000404   Code   RO         1110    i.HAL_RCC_OscConfig  stm32f4xx_hal_rcc.o
    0x08004554   0x00000064   Code   RO         2285    i.HAL_RTCEx_SetCalibrationOutPut  stm32f4xx_hal_rtc_ex.o
    0x080045b8   0x000000b4   Code   RO         2503    i.HAL_RTC_Init      stm32f4xx_hal_rtc.o
    0x0800466c   0x00000018   Code   RO         3766    i.HAL_RTC_MspInit   rtc.o
    0x08004684   0x00000114   Code   RO         2509    i.HAL_RTC_SetDate   stm32f4xx_hal_rtc.o
    0x08004798   0x00000134   Code   RO         2510    i.HAL_RTC_SetTime   stm32f4xx_hal_rtc.o
    0x080048cc   0x0000003a   Code   RO         2511    i.HAL_RTC_WaitForSynchro  stm32f4xx_hal_rtc.o
    0x08004906   0x00000082   Code   RO         1903    i.HAL_SD_CheckReadOperation  stm32f4xx_hal_sd.o
    0x08004988   0x0000008e   Code   RO         1904    i.HAL_SD_CheckWriteOperation  stm32f4xx_hal_sd.o
    0x08004a16   0x00000002   Code   RO         3852    i.HAL_SD_DMA_RxCpltCallback  bsp_driver_sd.o
    0x08004a18   0x00000002   Code   RO         3853    i.HAL_SD_DMA_RxErrorCallback  bsp_driver_sd.o
    0x08004a1a   0x00000002   Code   RO         3854    i.HAL_SD_DMA_TxCpltCallback  bsp_driver_sd.o
    0x08004a1c   0x00000002   Code   RO         3855    i.HAL_SD_DMA_TxErrorCallback  bsp_driver_sd.o
    0x08004a1e   0x00000022   Code   RO         1912    i.HAL_SD_GetStatus  stm32f4xx_hal_sd.o
    0x08004a40   0x000002ee   Code   RO         1913    i.HAL_SD_Get_CardInfo  stm32f4xx_hal_sd.o
    0x08004d2e   0x000000c0   Code   RO         1915    i.HAL_SD_IRQHandler  stm32f4xx_hal_sd.o
    0x08004dee   0x0000009c   Code   RO         1916    i.HAL_SD_Init       stm32f4xx_hal_sd.o
    0x08004e8a   0x00000002   PAD
    0x08004e8c   0x00000130   Code   RO         3681    i.HAL_SD_MspInit    sdio.o
    0x08004fbc   0x000001f0   Code   RO         1919    i.HAL_SD_ReadBlocks  stm32f4xx_hal_sd.o
    0x080051ac   0x00000120   Code   RO         1920    i.HAL_SD_ReadBlocks_DMA  stm32f4xx_hal_sd.o
    0x080052cc   0x00000036   Code   RO         1922    i.HAL_SD_StopTransfer  stm32f4xx_hal_sd.o
    0x08005302   0x0000007e   Code   RO         1923    i.HAL_SD_WideBusOperation_Config  stm32f4xx_hal_sd.o
    0x08005380   0x0000011c   Code   RO         1925    i.HAL_SD_WriteBlocks_DMA  stm32f4xx_hal_sd.o
    0x0800549c   0x00000002   Code   RO         3856    i.HAL_SD_XferCpltCallback  bsp_driver_sd.o
    0x0800549e   0x00000002   Code   RO         3857    i.HAL_SD_XferErrorCallback  bsp_driver_sd.o
    0x080054a0   0x00000002   Code   RO         1663    i.HAL_SPI_ErrorCallback  stm32f4xx_hal_spi.o
    0x080054a2   0x00000088   Code   RO         1667    i.HAL_SPI_Init      stm32f4xx_hal_spi.o
    0x0800552a   0x00000002   PAD
    0x0800552c   0x00000100   Code   RO         3639    i.HAL_SPI_MspInit   spi.o
    0x0800562c   0x0000023c   Code   RO         1670    i.HAL_SPI_Receive   stm32f4xx_hal_spi.o
    0x08005868   0x00000110   Code   RO         1671    i.HAL_SPI_Receive_DMA  stm32f4xx_hal_spi.o
    0x08005978   0x00000002   Code   RO         1673    i.HAL_SPI_RxCpltCallback  stm32f4xx_hal_spi.o
    0x0800597a   0x00000002   Code   RO         1674    i.HAL_SPI_RxHalfCpltCallback  stm32f4xx_hal_spi.o
    0x0800597c   0x000001be   Code   RO         1675    i.HAL_SPI_Transmit  stm32f4xx_hal_spi.o
    0x08005b3a   0x00000352   Code   RO         1676    i.HAL_SPI_TransmitReceive  stm32f4xx_hal_spi.o
    0x08005e8c   0x00000158   Code   RO         1677    i.HAL_SPI_TransmitReceive_DMA  stm32f4xx_hal_spi.o
    0x08005fe4   0x000000e8   Code   RO         1679    i.HAL_SPI_Transmit_DMA  stm32f4xx_hal_spi.o
    0x080060cc   0x00000002   Code   RO         1681    i.HAL_SPI_TxCpltCallback  stm32f4xx_hal_spi.o
    0x080060ce   0x00000002   Code   RO         1682    i.HAL_SPI_TxHalfCpltCallback  stm32f4xx_hal_spi.o
    0x080060d0   0x00000002   Code   RO         1683    i.HAL_SPI_TxRxCpltCallback  stm32f4xx_hal_spi.o
    0x080060d2   0x00000002   Code   RO         1684    i.HAL_SPI_TxRxHalfCpltCallback  stm32f4xx_hal_spi.o
    0x080060d4   0x00000028   Code   RO          408    i.HAL_SYSTICK_CLKSourceConfig  stm32f4xx_hal_cortex.o
    0x080060fc   0x00000010   Code   RO         3336    i.HAL_SYSTICK_Callback  main.o
    0x0800610c   0x00000034   Code   RO          410    i.HAL_SYSTICK_Config  stm32f4xx_hal_cortex.o
    0x08006140   0x00000008   Code   RO          411    i.HAL_SYSTICK_IRQHandler  stm32f4xx_hal_cortex.o
    0x08006148   0x00000002   Code   RO         1375    i.HAL_UART_ErrorCallback  stm32f4xx_hal_uart.o
    0x0800614a   0x00000120   Code   RO         1378    i.HAL_UART_IRQHandler  stm32f4xx_hal_uart.o
    0x0800626a   0x0000006e   Code   RO         1379    i.HAL_UART_Init     stm32f4xx_hal_uart.o
    0x080062d8   0x00000068   Code   RO         3597    i.HAL_UART_MspInit  usart.o
    0x08006340   0x00000002   Code   RO         1385    i.HAL_UART_RxCpltCallback  stm32f4xx_hal_uart.o
    0x08006342   0x000000f0   Code   RO         1387    i.HAL_UART_Transmit  stm32f4xx_hal_uart.o
    0x08006432   0x00000002   Code   RO         1390    i.HAL_UART_TxCpltCallback  stm32f4xx_hal_uart.o
    0x08006434   0x0000004c   Code   RO         3508    i.MX_ADC1_Init      adc.o
    0x08006480   0x00000090   Code   RO         3548    i.MX_DMA_Init       dma.o
    0x08006510   0x0000001c   Code   RO         3807    i.MX_FATFS_Init     fatfs.o
    0x0800652c   0x00000128   Code   RO         3572    i.MX_GPIO_Init      gpio.o
    0x08006654   0x0000007c   Code   RO         3767    i.MX_RTC_Init       rtc.o
    0x080066d0   0x00000024   Code   RO         3682    i.MX_SDIO_SD_Init   sdio.o
    0x080066f4   0x00000040   Code   RO         3640    i.MX_SPI2_Init      spi.o
    0x08006734   0x00000030   Code   RO         3598    i.MX_USART1_UART_Init  usart.o
    0x08006764   0x00000012   Code   RO         4351    i.Mem_Clr           lib_mem.o
    0x08006776   0x00000054   Code   RO         4367    i.Mem_Set           lib_mem.o
    0x080067ca   0x00000002   PAD
    0x080067cc   0x00000010   Code   RO          412    i.NVIC_GetPriorityGrouping  stm32f4xx_hal_cortex.o
    0x080067dc   0x00000028   Code   RO          413    i.NVIC_SetPriority  stm32f4xx_hal_cortex.o
    0x08006804   0x000000fc   Code   RO         4620    i.OSCfg_Init        os_cfg_app.o
    0x08006900   0x00000014   Code   RO         5714    i.OSIdleTaskHook    os_cpu_c.o
    0x08006914   0x00000170   Code   RO         4643    i.OSInit            os_core.o
    0x08006a84   0x00000028   Code   RO         5715    i.OSInitHook        os_cpu_c.o
    0x08006aac   0x0000002c   Code   RO         4644    i.OSIntEnter        os_core.o
    0x08006ad8   0x000000dc   Code   RO         4645    i.OSIntExit         os_core.o
    0x08006bb4   0x00000130   Code   RO         5000    i.OSMemCreate       os_mem.o
    0x08006ce4   0x00000064   Code   RO         5001    i.OSMemGet          os_mem.o
    0x08006d48   0x000000a0   Code   RO         4646    i.OSSched           os_core.o
    0x08006de8   0x00000074   Code   RO         4647    i.OSSchedLock       os_core.o
    0x08006e5c   0x00000094   Code   RO         4648    i.OSSchedUnlock     os_core.o
    0x08006ef0   0x000000bc   Code   RO         5253    i.OSSemCreate       os_sem.o
    0x08006fac   0x000001e0   Code   RO         5255    i.OSSemPend         os_sem.o
    0x0800718c   0x00000098   Code   RO         5257    i.OSSemPost         os_sem.o
    0x08007224   0x00000068   Code   RO         4649    i.OSStart           os_core.o
    0x0800728c   0x00000138   Code   RO         5325    i.OSStatReset       os_stat.o
    0x080073c4   0x000000f0   Code   RO         5326    i.OSStatTaskCPUUsageInit  os_stat.o
    0x080074b4   0x00000014   Code   RO         5716    i.OSStatTaskHook    os_cpu_c.o
    0x080074c8   0x00000248   Code   RO         5356    i.OSTaskCreate      os_task.o
    0x08007710   0x00000018   Code   RO         5717    i.OSTaskCreateHook  os_cpu_c.o
    0x08007728   0x000001c4   Code   RO         5357    i.OSTaskDel         os_task.o
    0x080078ec   0x00000018   Code   RO         5718    i.OSTaskDelHook     os_cpu_c.o
    0x08007904   0x0000007c   Code   RO         5365    i.OSTaskResume      os_task.o
    0x08007980   0x00000018   Code   RO         5719    i.OSTaskReturnHook  os_cpu_c.o
    0x08007998   0x00000214   Code   RO         5366    i.OSTaskSemPend     os_task.o
    0x08007bac   0x000000d4   Code   RO         5370    i.OSTaskStkChk      os_task.o
    0x08007c80   0x0000025c   Code   RO         5720    i.OSTaskStkInit     os_cpu_c.o
    0x08007edc   0x00000060   Code   RO         5371    i.OSTaskSuspend     os_task.o
    0x08007f3c   0x00000088   Code   RO         5721    i.OSTaskSwHook      os_cpu_c.o
    0x08007fc4   0x00000118   Code   RO         5565    i.OSTimeDly         os_time.o
    0x080080dc   0x00000044   Code   RO         5570    i.OSTimeTick        os_time.o
    0x08008120   0x00000014   Code   RO         5722    i.OSTimeTickHook    os_cpu_c.o
    0x08008134   0x000001b0   Code   RO         4871    i.OS_Dbg_Init       os_dbg.o
    0x080082e4   0x00000018   Code   RO         4896    i.OS_FlagInit       os_flag.o
    0x080082fc   0x00000230   Code   RO         4897    i.OS_FlagPost       os_flag.o
    0x0800852c   0x00000056   Code   RO         4898    i.OS_FlagTaskRdy    os_flag.o
    0x08008582   0x00000002   PAD
    0x08008584   0x00000044   Code   RO         4651    i.OS_IdleTask       os_core.o
    0x080085c8   0x00000070   Code   RO         4652    i.OS_IdleTaskInit   os_core.o
    0x08008638   0x00000108   Code   RO         4970    i.OS_IntQPost       os_int.o
    0x08008740   0x0000018c   Code   RO         4971    i.OS_IntQRePost     os_int.o
    0x080088cc   0x000000b4   Code   RO         4972    i.OS_IntQTask       os_int.o
    0x08008980   0x00000128   Code   RO         4973    i.OS_IntQTaskInit   os_int.o
    0x08008aa8   0x00000028   Code   RO         5003    i.OS_MemDbgListAdd  os_mem.o
    0x08008ad0   0x00000018   Code   RO         5004    i.OS_MemInit        os_mem.o
    0x08008ae8   0x00000036   Code   RO         5036    i.OS_MsgPoolCreate  os_msg.o
    0x08008b1e   0x00000002   PAD
    0x08008b20   0x00000054   Code   RO         5037    i.OS_MsgPoolInit    os_msg.o
    0x08008b74   0x00000044   Code   RO         5038    i.OS_MsgQFreeAll    os_msg.o
    0x08008bb8   0x0000000e   Code   RO         5040    i.OS_MsgQInit       os_msg.o
    0x08008bc6   0x00000002   PAD
    0x08008bc8   0x000000fc   Code   RO         5041    i.OS_MsgQPut        os_msg.o
    0x08008cc4   0x00000018   Code   RO         5086    i.OS_MutexInit      os_mutex.o
    0x08008cdc   0x00000068   Code   RO         4653    i.OS_Pend           os_core.o
    0x08008d44   0x00000026   Code   RO         4656    i.OS_PendDataInit   os_core.o
    0x08008d6a   0x00000002   PAD
    0x08008d6c   0x0000005c   Code   RO         4657    i.OS_PendDbgNameAdd  os_core.o
    0x08008dc8   0x00000024   Code   RO         4658    i.OS_PendDbgNameRemove  os_core.o
    0x08008dec   0x0000000a   Code   RO         4660    i.OS_PendListInit   os_core.o
    0x08008df6   0x00000066   Code   RO         4662    i.OS_PendListInsertPrio  os_core.o
    0x08008e5c   0x00000030   Code   RO         4663    i.OS_PendListRemove  os_core.o
    0x08008e8c   0x00000042   Code   RO         4664    i.OS_PendListRemove1  os_core.o
    0x08008ece   0x000000c0   Code   RO         4667    i.OS_Post           os_core.o
    0x08008f8e   0x0000002a   Code   RO         4668    i.OS_Post1          os_core.o
    0x08008fb8   0x00000028   Code   RO         5144    i.OS_PrioGetHighest  os_prio.o
    0x08008fe0   0x00000018   Code   RO         5145    i.OS_PrioInit       os_prio.o
    0x08008ff8   0x00000024   Code   RO         5146    i.OS_PrioInsert     os_prio.o
    0x0800901c   0x00000024   Code   RO         5147    i.OS_PrioRemove     os_prio.o
    0x08009040   0x00000018   Code   RO         5190    i.OS_QInit          os_q.o
    0x08009058   0x0000014c   Code   RO         5191    i.OS_QPost          os_q.o
    0x080091a4   0x00000024   Code   RO         4669    i.OS_RdyListInit    os_core.o
    0x080091c8   0x0000002c   Code   RO         4670    i.OS_RdyListInsert  os_core.o
    0x080091f4   0x00000040   Code   RO         4671    i.OS_RdyListInsertHead  os_core.o
    0x08009234   0x0000003c   Code   RO         4672    i.OS_RdyListInsertTail  os_core.o
    0x08009270   0x0000005c   Code   RO         4674    i.OS_RdyListRemove  os_core.o
    0x080092cc   0x00000054   Code   RO         4675    i.OS_Sched0         os_core.o
    0x08009320   0x0000001c   Code   RO         4676    i.OS_SchedLockTimeMeasStart  os_core.o
    0x0800933c   0x0000003c   Code   RO         4677    i.OS_SchedLockTimeMeasStop  os_core.o
    0x08009378   0x00000030   Code   RO         5260    i.OS_SemDbgListAdd  os_sem.o
    0x080093a8   0x00000018   Code   RO         5262    i.OS_SemInit        os_sem.o
    0x080093c0   0x00000164   Code   RO         5263    i.OS_SemPost        os_sem.o
    0x08009524   0x0000035c   Code   RO         5327    i.OS_StatTask       os_stat.o
    0x08009880   0x000000cc   Code   RO         5328    i.OS_StatTaskInit   os_stat.o
    0x0800994c   0x00000038   Code   RO         4678    i.OS_TaskBlock      os_core.o
    0x08009984   0x00000030   Code   RO         5372    i.OS_TaskDbgListAdd  os_task.o
    0x080099b4   0x00000044   Code   RO         5373    i.OS_TaskDbgListRemove  os_task.o
    0x080099f8   0x00000020   Code   RO         5374    i.OS_TaskInit       os_task.o
    0x08009a18   0x000000c8   Code   RO         5375    i.OS_TaskInitTCB    os_task.o
    0x08009ae0   0x0000020c   Code   RO         5376    i.OS_TaskQPost      os_task.o
    0x08009cec   0x0000001c   Code   RO         4679    i.OS_TaskRdy        os_core.o
    0x08009d08   0x00000140   Code   RO         5377    i.OS_TaskResume     os_task.o
    0x08009e48   0x00000018   Code   RO         5378    i.OS_TaskReturn     os_task.o
    0x08009e60   0x000004c4   Code   RO         5379    i.OS_TaskSemPost    os_task.o
    0x0800a324   0x00000150   Code   RO         5380    i.OS_TaskSuspend    os_task.o
    0x0800a474   0x00000028   Code   RO         5517    i.OS_TickListInit   os_tick.o
    0x0800a49c   0x000001bc   Code   RO         5518    i.OS_TickListInsert  os_tick.o
    0x0800a658   0x00000038   Code   RO         5519    i.OS_TickListRemove  os_tick.o
    0x0800a690   0x00000024   Code   RO         5520    i.OS_TickListResetPeak  os_tick.o
    0x0800a6b4   0x000001f8   Code   RO         5521    i.OS_TickListUpdate  os_tick.o
    0x0800a8ac   0x0000002c   Code   RO         5522    i.OS_TickTask       os_tick.o
    0x0800a8d8   0x000000b8   Code   RO         5523    i.OS_TickTaskInit   os_tick.o
    0x0800a990   0x00000128   Code   RO         5616    i.OS_TmrInit        os_tmr.o
    0x0800aab8   0x000000d0   Code   RO         5617    i.OS_TmrLink        os_tmr.o
    0x0800ab88   0x00000024   Code   RO         5618    i.OS_TmrResetPeak   os_tmr.o
    0x0800abac   0x000000c0   Code   RO         5619    i.OS_TmrTask        os_tmr.o
    0x0800ac6c   0x00000050   Code   RO         5620    i.OS_TmrUnlink      os_tmr.o
    0x0800acbc   0x00000016   Code   RO         2512    i.RTC_Bcd2ToByte    stm32f4xx_hal_rtc.o
    0x0800acd2   0x0000001a   Code   RO         2513    i.RTC_ByteToBcd2    stm32f4xx_hal_rtc.o
    0x0800acec   0x0000003e   Code   RO         2514    i.RTC_EnterInitMode  stm32f4xx_hal_rtc.o
    0x0800ad2a   0x0000002c   Code   RO         2171    i.SDIO_DataConfig   stm32f4xx_ll_sdmmc.o
    0x0800ad56   0x00000008   Code   RO         2172    i.SDIO_GetCommandResponse  stm32f4xx_ll_sdmmc.o
    0x0800ad5e   0x0000000a   Code   RO         2175    i.SDIO_GetPowerState  stm32f4xx_ll_sdmmc.o
    0x0800ad68   0x00000018   Code   RO         2176    i.SDIO_GetResponse  stm32f4xx_ll_sdmmc.o
    0x0800ad80   0x00000010   Code   RO         3223    i.SDIO_IRQHandler   stm32f4xx_it.o
    0x0800ad90   0x00000034   Code   RO         2177    i.SDIO_Init         stm32f4xx_ll_sdmmc.o
    0x0800adc4   0x0000000a   Code   RO         2179    i.SDIO_PowerState_ON  stm32f4xx_ll_sdmmc.o
    0x0800adce   0x00000008   Code   RO         2180    i.SDIO_ReadFIFO     stm32f4xx_ll_sdmmc.o
    0x0800add6   0x00000028   Code   RO         2181    i.SDIO_SendCommand  stm32f4xx_ll_sdmmc.o
    0x0800adfe   0x00000036   Code   RO         1928    i.SD_CmdError       stm32f4xx_hal_sd.o
    0x0800ae34   0x00000180   Code   RO         1929    i.SD_CmdResp1Error  stm32f4xx_hal_sd.o
    0x0800afb4   0x00000046   Code   RO         1930    i.SD_CmdResp2Error  stm32f4xx_hal_sd.o
    0x0800affa   0x00000032   Code   RO         1931    i.SD_CmdResp3Error  stm32f4xx_hal_sd.o
    0x0800b02c   0x000000ac   Code   RO         1932    i.SD_CmdResp6Error  stm32f4xx_hal_sd.o
    0x0800b0d8   0x00000066   Code   RO         1933    i.SD_CmdResp7Error  stm32f4xx_hal_sd.o
    0x0800b13e   0x00000020   Code   RO         1934    i.SD_DMA_RxCplt     stm32f4xx_hal_sd.o
    0x0800b15e   0x0000000e   Code   RO         1935    i.SD_DMA_RxError    stm32f4xx_hal_sd.o
    0x0800b16c   0x00000020   Code   RO         1936    i.SD_DMA_TxCplt     stm32f4xx_hal_sd.o
    0x0800b18c   0x0000000e   Code   RO         1937    i.SD_DMA_TxError    stm32f4xx_hal_sd.o
    0x0800b19a   0x00000172   Code   RO         1938    i.SD_FindSCR        stm32f4xx_hal_sd.o
    0x0800b30c   0x0000001e   Code   RO         1939    i.SD_GetState       stm32f4xx_hal_sd.o
    0x0800b32a   0x000000fa   Code   RO         1940    i.SD_Initialize_Cards  stm32f4xx_hal_sd.o
    0x0800b424   0x00000164   Code   RO         1943    i.SD_PowerON        stm32f4xx_hal_sd.o
    0x0800b588   0x00000038   Code   RO         1944    i.SD_Select_Deselect  stm32f4xx_hal_sd.o
    0x0800b5c0   0x00000050   Code   RO         1945    i.SD_SendStatus     stm32f4xx_hal_sd.o
    0x0800b610   0x00000096   Code   RO         1946    i.SD_WideBus_Disable  stm32f4xx_hal_sd.o
    0x0800b6a6   0x00000096   Code   RO         1947    i.SD_WideBus_Enable  stm32f4xx_hal_sd.o
    0x0800b73c   0x00000024   Code   RO         6346    i.SD_initialize     sd_diskio.o
    0x0800b760   0x00000078   Code   RO         6347    i.SD_ioctl          sd_diskio.o
    0x0800b7d8   0x0000002a   Code   RO         6348    i.SD_read           sd_diskio.o
    0x0800b802   0x00000002   PAD
    0x0800b804   0x00000024   Code   RO         6349    i.SD_status         sd_diskio.o
    0x0800b828   0x0000002a   Code   RO         6350    i.SD_write          sd_diskio.o
    0x0800b852   0x000000a2   Code   RO         1686    i.SPI_DMAEndTransmitReceive  stm32f4xx_hal_spi.o
    0x0800b8f4   0x00000022   Code   RO         1687    i.SPI_DMAError      stm32f4xx_hal_spi.o
    0x0800b916   0x0000000e   Code   RO         1688    i.SPI_DMAHalfReceiveCplt  stm32f4xx_hal_spi.o
    0x0800b924   0x0000000e   Code   RO         1689    i.SPI_DMAHalfTransmitCplt  stm32f4xx_hal_spi.o
    0x0800b932   0x0000000e   Code   RO         1690    i.SPI_DMAHalfTransmitReceiveCplt  stm32f4xx_hal_spi.o
    0x0800b940   0x000000d6   Code   RO         1691    i.SPI_DMAReceiveCplt  stm32f4xx_hal_spi.o
    0x0800ba16   0x0000007c   Code   RO         1692    i.SPI_DMATransmitCplt  stm32f4xx_hal_spi.o
    0x0800ba92   0x00000038   Code   RO         1693    i.SPI_DMATransmitReceiveCplt  stm32f4xx_hal_spi.o
    0x0800baca   0x00000114   Code   RO         1698    i.SPI_WaitOnFlagUntilTimeout  stm32f4xx_hal_spi.o
    0x0800bbde   0x0000000c   Code   RO         3224    i.SysTick_Handler   stm32f4xx_it.o
    0x0800bbea   0x00000002   PAD
    0x0800bbec   0x000000b8   Code   RO         3337    i.SystemClock_Config  main.o
    0x0800bca4   0x00000064   Code   RO            5    i.SystemInit        system_stm32f4xx.o
    0x0800bd08   0x00000048   Code   RO         1397    i.UART_EndTransmit_IT  stm32f4xx_hal_uart.o
    0x0800bd50   0x000000bc   Code   RO         1398    i.UART_Receive_IT   stm32f4xx_hal_uart.o
    0x0800be0c   0x00000224   Code   RO         1399    i.UART_SetConfig    stm32f4xx_hal_uart.o
    0x0800c030   0x00000070   Code   RO         1400    i.UART_Transmit_IT  stm32f4xx_hal_uart.o
    0x0800c0a0   0x000000fa   Code   RO         1401    i.UART_WaitOnFlagUntilTimeout  stm32f4xx_hal_uart.o
    0x0800c19a   0x00000002   PAD
    0x0800c19c   0x00000018   Code   RO         3225    i.USART1_IRQHandler  stm32f4xx_it.o
    0x0800c1b4   0x00000074   Code   RO         2630    i.WIZCHIP_READ      w5500.o
    0x0800c228   0x0000008c   Code   RO         2631    i.WIZCHIP_READ_BUF  w5500.o
    0x0800c2b4   0x00000074   Code   RO         2632    i.WIZCHIP_WRITE     w5500.o
    0x0800c328   0x00000088   Code   RO         2633    i.WIZCHIP_WRITE_BUF  w5500.o
    0x0800c3b0   0x0000000e   Code   RO         6450    i._is_digit         c_w.l(__printf_wp.o)
    0x0800c3be   0x00000008   Code   RO         3722    i._sys_exit         retarget.o
    0x0800c3c6   0x00000002   PAD
    0x0800c3c8   0x000000a0   Code   RO         2957    i.close             socket.o
    0x0800c468   0x00000050   Code   RO         2700    i.ctlnetwork        wizchip_conf.o
    0x0800c4b8   0x00000118   Code   RO         2701    i.ctlwizchip        wizchip_conf.o
    0x0800c5d0   0x00000018   Code   RO         3724    i.fputc             retarget.o
    0x0800c5e8   0x0000006c   Code   RO         2634    i.getSn_RX_RSR      w5500.o
    0x0800c654   0x0000006c   Code   RO         2635    i.getSn_TX_FSR      w5500.o
    0x0800c6c0   0x00000300   Code   RO         3338    i.led0_task         main.o
    0x0800c9c0   0x000000c8   Code   RO         3339    i.led1_task         main.o
    0x0800ca88   0x0000011c   Code   RO         3182    i.loopback_udps     loopback.o
    0x0800cba4   0x00000170   Code   RO         3340    i.main              main.o
    0x0800cd14   0x00000154   Code   RO         3341    i.network_init      main.o
    0x0800ce68   0x0000026c   Code   RO         2964    i.recvfrom          socket.o
    0x0800d0d4   0x00000034   Code   RO         2705    i.reg_wizchip_spi_cbfunc  wizchip_conf.o
    0x0800d108   0x00000034   Code   RO         2706    i.reg_wizchip_spiburst_cbfunc  wizchip_conf.o
    0x0800d13c   0x000001d4   Code   RO         2966    i.sendto            socket.o
    0x0800d310   0x00000190   Code   RO         2968    i.socket            socket.o
    0x0800d4a0   0x00000140   Code   RO         3342    i.start_task        main.o
    0x0800d5e0   0x00000084   Code   RO         2636    i.wiz_recv_data     w5500.o
    0x0800d664   0x00000066   Code   RO         2637    i.wiz_recv_ignore   w5500.o
    0x0800d6ca   0x00000084   Code   RO         2638    i.wiz_send_data     w5500.o
    0x0800d74e   0x00000006   Code   RO         2707    i.wizchip_bus_readdata  wizchip_conf.o
    0x0800d754   0x00000004   Code   RO         2708    i.wizchip_bus_writedata  wizchip_conf.o
    0x0800d758   0x00000020   Code   RO         2709    i.wizchip_clrinterrupt  wizchip_conf.o
    0x0800d778   0x00000002   Code   RO         2710    i.wizchip_cris_enter  wizchip_conf.o
    0x0800d77a   0x00000002   Code   RO         2711    i.wizchip_cris_exit  wizchip_conf.o
    0x0800d77c   0x00000014   Code   RO         2712    i.wizchip_cs_deselect  wizchip_conf.o
    0x0800d790   0x00000014   Code   RO         2713    i.wizchip_cs_select  wizchip_conf.o
    0x0800d7a4   0x0000002a   Code   RO         2714    i.wizchip_getinterrupt  wizchip_conf.o
    0x0800d7ce   0x00000028   Code   RO         2715    i.wizchip_getinterruptmask  wizchip_conf.o
    0x0800d7f6   0x00000002   PAD
    0x0800d7f8   0x0000005c   Code   RO         2716    i.wizchip_getnetinfo  wizchip_conf.o
    0x0800d854   0x0000000a   Code   RO         2717    i.wizchip_getnetmode  wizchip_conf.o
    0x0800d85e   0x00000028   Code   RO         2718    i.wizchip_gettimeout  wizchip_conf.o
    0x0800d886   0x00000002   PAD
    0x0800d888   0x00000034   Code   RO         2719    i.wizchip_hw_reset  wizchip_conf.o
    0x0800d8bc   0x00000094   Code   RO         2720    i.wizchip_init      wizchip_conf.o
    0x0800d950   0x0000001e   Code   RO         2721    i.wizchip_setinterruptmask  wizchip_conf.o
    0x0800d96e   0x00000002   PAD
    0x0800d970   0x00000058   Code   RO         2722    i.wizchip_setnetinfo  wizchip_conf.o
    0x0800d9c8   0x00000026   Code   RO         2723    i.wizchip_setnetmode  wizchip_conf.o
    0x0800d9ee   0x00000026   Code   RO         2724    i.wizchip_settimeout  wizchip_conf.o
    0x0800da14   0x00000024   Code   RO         2725    i.wizchip_spi_readburst  wizchip_conf.o
    0x0800da38   0x00000018   Code   RO         2726    i.wizchip_spi_readbyte  wizchip_conf.o
    0x0800da50   0x00000024   Code   RO         2727    i.wizchip_spi_writeburst  wizchip_conf.o
    0x0800da74   0x00000014   Code   RO         2728    i.wizchip_spi_writebyte  wizchip_conf.o
    0x0800da88   0x00000072   Code   RO         2729    i.wizchip_sw_reset  wizchip_conf.o
    0x0800dafa   0x00000078   Code   RO         2730    i.wizphy_getphyconf  wizchip_conf.o
    0x0800db72   0x0000001a   Code   RO         2731    i.wizphy_getphylink  wizchip_conf.o
    0x0800db8c   0x0000001c   Code   RO         2732    i.wizphy_getphypmode  wizchip_conf.o
    0x0800dba8   0x00000034   Code   RO         2734    i.wizphy_reset      wizchip_conf.o
    0x0800dbdc   0x00000058   Code   RO         2735    i.wizphy_setphyconf  wizchip_conf.o
    0x0800dc34   0x00000064   Code   RO         2736    i.wizphy_setphypmode  wizchip_conf.o
    0x0800dc98   0x0000000a   Code   RO         6596    x$fpl$fpinit        fz_wm.l(fpinit.o)
    0x0800dca2   0x00000010   Data   RO         1111    .constdata          stm32f4xx_hal_rcc.o
    0x0800dcb2   0x00000002   PAD
    0x0800dcb4   0x00000010   Data   RO         3344    .constdata          main.o
    0x0800dcc4   0x000000a4   Data   RO         4622    .constdata          os_cfg_app.o
    0x0800dd68   0x0000016c   Data   RO         4872    .constdata          os_dbg.o
    0x0800ded4   0x00000028   Data   RO         6423    .constdata          c_w.l(_printf_hex_int.o)
    0x0800defc   0x00000011   Data   RO         6458    .constdata          c_w.l(__printf_flags_ss_wp.o)
    0x0800df0d   0x00000003   PAD
    0x0800df10   0x00000020   Data   RO         6648    Region$$Table       anon$$obj.o


    Execution Region RW_IRAM1 (Base: 0x20000000, Size: 0x00005b30, Max: 0x00020000, ABSOLUTE, COMPRESSED[0x0000004c])

    Base Addr    Size         Type   Attr      Idx    E Section Name        Object

    0x20000000   0x00000004   Data   RW            7    .data               system_stm32f4xx.o
    0x20000004   0x00000004   Data   RW          272    .data               stm32f4xx_hal.o
    0x20000008   0x0000002d   Data   RW         2737    .data               wizchip_conf.o
    0x20000035   0x00000001   PAD
    0x20000036   0x0000000e   Data   RW         2970    .data               socket.o
    0x20000044   0x00000017   Data   RW         3345    .data               main.o
    0x2000005b   0x00000001   PAD
    0x2000005c   0x0000000c   Data   RW         3725    .data               retarget.o
    0x20000068   0x00000005   Data   RW         3808    .data               fatfs.o
    0x2000006d   0x00000003   PAD
    0x20000070   0x00000004   Data   RW         4048    .data               cpu_core.o
    0x20000074   0x00000008   Data   RW         5148    .data               os_prio.o
    0x2000007c   0x000000c0   Data   RW         5698    .data               os_var.o
    0x2000013c   0x00000004   Data   RW         5725    .data               os_cpu_c.o
    0x20000140   0x00000018   Data   RW         6351    .data               sd_diskio.o
    0x20000158   0x00000010   Zero   RW         2969    .bss                socket.o
    0x20000168   0x00003494   Zero   RW         3343    .bss                main.o
    0x200035fc   0x00000094   Zero   RW         3509    .bss                adc.o
    0x20003690   0x00000040   Zero   RW         3599    .bss                usart.o
    0x200036d0   0x000000f8   Zero   RW         3641    .bss                spi.o
    0x200037c8   0x00000158   Zero   RW         3683    .bss                sdio.o
    0x20003920   0x00000020   Zero   RW         3768    .bss                rtc.o
    0x20003940   0x00000010   Zero   RW         4046    .bss                cpu_core.o
    0x20003950   0x00001490   Zero   RW         4621    .bss                os_cfg_app.o
    0x20004de0   0x000006e0   Zero   RW         5697    .bss                os_var.o
    0x200054c0   0x0000000c   Zero   RW         5879    .bss                ff_gen_drv.o
    0x200054cc   0x00000060   Zero   RW         6528    .bss                c_w.l(libspace.o)
    0x2000552c   0x00000004   PAD
    0x20005530   0x00000200   Zero   RW         3208    HEAP                startup_stm32f407xx.o
    0x20005730   0x00000400   Zero   RW         3207    STACK               startup_stm32f407xx.o


==============================================================================

Image component sizes


      Code (inc. data)   RO Data    RW Data    ZI Data      Debug   Object Name

       220         30          0          0        148       1843   adc.o
        72         14          0          0          0       1654   bsp.o
       256         38          0          0          0       7639   bsp_driver_sd.o
        52          0          0          0          0        364   cpu_a.o
       100         18          0          4         16      12513   cpu_core.o
       144          6          0          0          0        882   dma.o
        28         12          0          5          0       1064   fatfs.o
        76          6          0          0         12       1038   ff_gen_drv.o
       296         22          0          0          0       1147   gpio.o
       102          0          0          0          0       1932   lib_mem.o
       284         92          0          0          0       1580   loopback.o
      2220        798         16         23      13460       9081   main.o
       252        166        164          0       5264      20914   os_cfg_app.o
      2622        372          0          0          0      20727   os_core.o
       172         32          0          0          0        432   os_cpu_a.o
       912         56          0          4          0       7568   os_cpu_c.o
       432        286        364          0          0       4869   os_dbg.o
       670         26          0          0          0       3221   os_flag.o
      1136        200          0          0          0       3750   os_int.o
       468         32          0          0          0       3665   os_mem.o
       472         26          0          0          0       4040   os_msg.o
        24         10          0          0          0        947   os_mutex.o
       136         16          0          8          0       3090   os_prio.o
       356         18          0          0          0       2290   os_q.o
      1248         68          0          0          0       5983   os_sem.o
      1616        208          0          0          0       4179   os_stat.o
      4772        252          0          0          0      14136   os_task.o
      1308        124          0          0          0       5861   os_tick.o
       348         28          0          0          0       1841   os_time.o
       812        134          0          0          0       4452   os_tmr.o
         0          0          0        192       1760      19269   os_var.o
        32          4          0         12          0       2926   retarget.o
       148         18          0          0         32       1659   rtc.o
       276         12          0         24          0       4492   sd_diskio.o
       340         38          0          0        344       1982   sdio.o
      1648         58          0         14         16       5290   socket.o
       320         38          0          0        248       1943   spi.o
        64         26        392          0       1536        968   startup_stm32f407xx.o
       150         16          0          4          0       4422   stm32f4xx_hal.o
       860         38          0          0          0       2743   stm32f4xx_hal_adc.o
       346         22          0          0          0      32230   stm32f4xx_hal_cortex.o
     10188        110          0          0          0       9639   stm32f4xx_hal_dma.o
       560         52          0          0          0       3191   stm32f4xx_hal_gpio.o
        20          0          0          0          0        526   stm32f4xx_hal_msp.o
      2040         66         16          0          0       6275   stm32f4xx_hal_rcc.o
       420         20          0          0          0       1456   stm32f4xx_hal_rcc_ex.o
       932         14          0          0          0       6038   stm32f4xx_hal_rtc.o
       100          0          0          0          0       1217   stm32f4xx_hal_rtc_ex.o
      5018         40          0          0          0      29124   stm32f4xx_hal_sd.o
      3774         48          0          0          0      18823   stm32f4xx_hal_spi.o
      1814         10          0          0          0       9183   stm32f4xx_hal_uart.o
       174         42          0          0          0      44173   stm32f4xx_it.o
       196          4          0          0          0       5940   stm32f4xx_ll_sdmmc.o
       100         18          0          4          0     393389   system_stm32f4xx.o
       152         20          0          0         64       1766   usart.o
      1090         16          0          0          0      10320   w5500.o
      1812        108          0         45          0      25933   wizchip_conf.o

    ----------------------------------------------------------------------
     54214       3928        986        344      22900     797619   Object Totals
         0          0         32          0          0          0   (incl. Generated)
        34          0          2          5          0          0   (incl. Padding)

    ----------------------------------------------------------------------

      Code (inc. data)   RO Data    RW Data    ZI Data      Debug   Library Member Name

        90          0          0          0          0          0   __dczerorl2.o
         8          0          0          0          0         68   __main.o
       392          4         17          0          0         92   __printf_flags_ss_wp.o
        14          0          0          0          0         68   __printf_wp.o
         0          0          0          0          0          0   __rtentry.o
        12          0          0          0          0          0   __rtentry2.o
         6          0          0          0          0          0   __rtentry4.o
        52          8          0          0          0          0   __scatter.o
        28          0          0          0          0          0   __scatter_zi.o
        44          0          0          0          0        108   _printf_char.o
        48          6          0          0          0         96   _printf_char_common.o
        36          4          0          0          0         80   _printf_char_file.o
         6          0          0          0          0          0   _printf_d.o
       120         16          0          0          0         92   _printf_dec.o
        88          4         40          0          0         88   _printf_hex_int.o
       178          0          0          0          0         88   _printf_intcommon.o
        78          0          0          0          0        108   _printf_pad.o
         0          0          0          0          0          0   _printf_percent.o
         4          0          0          0          0          0   _printf_percent_end.o
         6          0          0          0          0          0   _printf_s.o
        82          0          0          0          0         80   _printf_str.o
         6          0          0          0          0          0   _printf_x.o
        16          0          0          0          0         68   aeabi_memset.o
        18          0          0          0          0         80   exit.o
         8          0          0          0          0         68   ferror.o
         6          0          0          0          0        152   heapauxi.o
         2          0          0          0          0          0   libinit.o
         6          0          0          0          0          0   libinit2.o
         2          0          0          0          0          0   libshutdown.o
         2          0          0          0          0          0   libshutdown2.o
         8          4          0          0         96         68   libspace.o
       238          0          0          0          0        100   lludivv7m.o
        24          4          0          0          0         84   noretval__2printf.o
        68          0          0          0          0         68   rt_memclr.o
        78          0          0          0          0         80   rt_memclr_w.o
         2          0          0          0          0          0   rtexit.o
        10          0          0          0          0          0   rtexit2.o
        74          0          0          0          0         80   sys_stackheap_outer.o
         2          0          0          0          0         68   use_no_semi.o
         2          0          0          0          0         68   use_no_semi_2.o
        10          0          0          0          0        116   fpinit.o

    ----------------------------------------------------------------------
      1876         50         60          0        100       2068   Library Totals
         2          0          3          0          4          0   (incl. Padding)

    ----------------------------------------------------------------------

      Code (inc. data)   RO Data    RW Data    ZI Data      Debug   Library Name

      1864         50         57          0         96       1952   c_w.l
        10          0          0          0          0        116   fz_wm.l

    ----------------------------------------------------------------------
      1876         50         60          0        100       2068   Library Totals

    ----------------------------------------------------------------------

==============================================================================


      Code (inc. data)   RO Data    RW Data    ZI Data      Debug   

     56090       3978       1046        344      23000     767399   Grand Totals
     56090       3978       1046         76      23000     767399   ELF Image Totals (compressed)
     56090       3978       1046         76          0          0   ROM Totals

==============================================================================

    Total RO  Size (Code + RO Data)                57136 (  55.80kB)
    Total RW  Size (RW Data + ZI Data)             23344 (  22.80kB)
    Total ROM Size (Code + RO Data + RW Data)      57212 (  55.87kB)

==============================================================================

