Product: MDK-ARM Professional 5.10
Component: ARM Compiler 5.04 update 1 (build 49)
Tool: armlink [5040049]

==============================================================================

Section Cross References

    system_stm32f4xx.o(i.SystemCoreClockUpdate) refers to system_stm32f4xx.o(.data) for SystemCoreClock
    system_stm32f4xx.o(i.SystemCoreClockUpdate) refers to system_stm32f4xx.o(.constdata) for AHBPrescTable
    stm32f4xx_hal_adc_ex.o(i.ADC_MultiModeDMAConvCplt) refers to stm32f4xx_hal_adc.o(i.HAL_ADC_ConvCpltCallback) for HAL_ADC_ConvCpltCallback
    stm32f4xx_hal_adc_ex.o(i.ADC_MultiModeDMAError) refers to stm32f4xx_hal_adc.o(i.HAL_ADC_ErrorCallback) for HAL_ADC_ErrorCallback
    stm32f4xx_hal_adc_ex.o(i.ADC_MultiModeDMAHalfConvCplt) refers to stm32f4xx_hal_adc.o(i.HAL_ADC_ConvHalfCpltCallback) for HAL_ADC_ConvHalfCpltCallback
    stm32f4xx_hal_adc_ex.o(i.HAL_ADCEx_InjectedPollForConversion) refers to stm32f4xx_hal.o(i.HAL_GetTick) for HAL_GetTick
    stm32f4xx_hal_adc_ex.o(i.HAL_ADCEx_InjectedStart) refers to system_stm32f4xx.o(.data) for SystemCoreClock
    stm32f4xx_hal_adc_ex.o(i.HAL_ADCEx_InjectedStart_IT) refers to system_stm32f4xx.o(.data) for SystemCoreClock
    stm32f4xx_hal_adc_ex.o(i.HAL_ADCEx_MultiModeStart_DMA) refers to stm32f4xx_hal_dma.o(i.HAL_DMA_Start_IT) for HAL_DMA_Start_IT
    stm32f4xx_hal_adc_ex.o(i.HAL_ADCEx_MultiModeStart_DMA) refers to stm32f4xx_hal_adc_ex.o(i.ADC_MultiModeDMAConvCplt) for ADC_MultiModeDMAConvCplt
    stm32f4xx_hal_adc_ex.o(i.HAL_ADCEx_MultiModeStart_DMA) refers to stm32f4xx_hal_adc_ex.o(i.ADC_MultiModeDMAHalfConvCplt) for ADC_MultiModeDMAHalfConvCplt
    stm32f4xx_hal_adc_ex.o(i.HAL_ADCEx_MultiModeStart_DMA) refers to stm32f4xx_hal_adc_ex.o(i.ADC_MultiModeDMAError) for ADC_MultiModeDMAError
    stm32f4xx_hal_adc_ex.o(i.HAL_ADCEx_MultiModeStart_DMA) refers to system_stm32f4xx.o(.data) for SystemCoreClock
    stm32f4xx_hal_adc_ex.o(i.HAL_ADCEx_MultiModeStop_DMA) refers to stm32f4xx_hal_dma.o(i.HAL_DMA_Abort) for HAL_DMA_Abort
    stm32f4xx_hal.o(i.HAL_DeInit) refers to stm32f4xx_hal.o(i.HAL_MspDeInit) for HAL_MspDeInit
    stm32f4xx_hal.o(i.HAL_Delay) refers to stm32f4xx_hal.o(i.HAL_GetTick) for HAL_GetTick
    stm32f4xx_hal.o(i.HAL_GetTick) refers to stm32f4xx_hal.o(.data) for uwTick
    stm32f4xx_hal.o(i.HAL_IncTick) refers to stm32f4xx_hal.o(.data) for uwTick
    stm32f4xx_hal.o(i.HAL_Init) refers to stm32f4xx_hal_cortex.o(i.HAL_NVIC_SetPriorityGrouping) for HAL_NVIC_SetPriorityGrouping
    stm32f4xx_hal.o(i.HAL_Init) refers to stm32f4xx_hal.o(i.HAL_InitTick) for HAL_InitTick
    stm32f4xx_hal.o(i.HAL_Init) refers to stm32f4xx_hal_msp.o(i.HAL_MspInit) for HAL_MspInit
    stm32f4xx_hal.o(i.HAL_InitTick) refers to stm32f4xx_hal_rcc.o(i.HAL_RCC_GetHCLKFreq) for HAL_RCC_GetHCLKFreq
    stm32f4xx_hal.o(i.HAL_InitTick) refers to stm32f4xx_hal_cortex.o(i.HAL_SYSTICK_Config) for HAL_SYSTICK_Config
    stm32f4xx_hal.o(i.HAL_InitTick) refers to stm32f4xx_hal_cortex.o(i.HAL_NVIC_SetPriority) for HAL_NVIC_SetPriority
    stm32f4xx_hal_cortex.o(i.HAL_NVIC_GetPriorityGrouping) refers to stm32f4xx_hal_cortex.o(i.NVIC_GetPriorityGrouping) for NVIC_GetPriorityGrouping
    stm32f4xx_hal_cortex.o(i.HAL_NVIC_SetPriority) refers to stm32f4xx_hal_cortex.o(i.NVIC_GetPriorityGrouping) for NVIC_GetPriorityGrouping
    stm32f4xx_hal_cortex.o(i.HAL_NVIC_SetPriority) refers to stm32f4xx_hal_cortex.o(i.NVIC_SetPriority) for NVIC_SetPriority
    stm32f4xx_hal_cortex.o(i.HAL_SYSTICK_Config) refers to stm32f4xx_hal_cortex.o(i.NVIC_SetPriority) for NVIC_SetPriority
    stm32f4xx_hal_cortex.o(i.HAL_SYSTICK_IRQHandler) refers to main.o(i.HAL_SYSTICK_Callback) for HAL_SYSTICK_Callback
    stm32f4xx_hal_dma.o(i.HAL_DMA_Abort) refers to stm32f4xx_hal.o(i.HAL_GetTick) for HAL_GetTick
    stm32f4xx_hal_dma.o(i.HAL_DMA_PollForTransfer) refers to stm32f4xx_hal.o(i.HAL_GetTick) for HAL_GetTick
    stm32f4xx_hal_dma.o(i.HAL_DMA_Start) refers to stm32f4xx_hal_dma.o(i.DMA_SetConfig) for DMA_SetConfig
    stm32f4xx_hal_dma.o(i.HAL_DMA_Start_IT) refers to stm32f4xx_hal_dma.o(i.DMA_SetConfig) for DMA_SetConfig
    stm32f4xx_hal_flash_ex.o(i.FLASH_OB_DisableWRP) refers to stm32f4xx_hal_flash.o(i.FLASH_WaitForLastOperation) for FLASH_WaitForLastOperation
    stm32f4xx_hal_flash_ex.o(i.FLASH_OB_EnableWRP) refers to stm32f4xx_hal_flash.o(i.FLASH_WaitForLastOperation) for FLASH_WaitForLastOperation
    stm32f4xx_hal_flash_ex.o(i.FLASH_OB_RDP_LevelConfig) refers to stm32f4xx_hal_flash.o(i.FLASH_WaitForLastOperation) for FLASH_WaitForLastOperation
    stm32f4xx_hal_flash_ex.o(i.FLASH_OB_UserConfig) refers to stm32f4xx_hal_flash.o(i.FLASH_WaitForLastOperation) for FLASH_WaitForLastOperation
    stm32f4xx_hal_flash_ex.o(i.HAL_FLASHEx_Erase) refers to stm32f4xx_hal_flash.o(i.FLASH_WaitForLastOperation) for FLASH_WaitForLastOperation
    stm32f4xx_hal_flash_ex.o(i.HAL_FLASHEx_Erase) refers to stm32f4xx_hal_flash_ex.o(i.FLASH_MassErase) for FLASH_MassErase
[...]
    ADC_IRQHandler                           0x08000297   Thumb Code     0  startup_stm32f407xx.o(.text)
    CAN1_RX0_IRQHandler                      0x08000297   Thumb Code     0  startup_stm32f407xx.o(.text)
    CAN1_RX1_IRQHandler                      0x08000297   Thumb Code     0  startup_stm32f407xx.o(.text)
    CAN1_SCE_IRQHandler                      0x08000297   Thumb Code     0  startup_stm32f407xx.o(.text)
    CAN1_TX_IRQHandler                       0x08000297   Thumb Code     0  startup_stm32f407xx.o(.text)
    CAN2_RX0_IRQHandler                      0x08000297   Thumb Code     0  startup_stm32f407xx.o(.text)
    CAN2_RX1_IRQHandler                      0x08000297   Thumb Code     0  startup_stm32f407xx.o(.text)
    CAN2_SCE_IRQHandler                      0x08000297   Thumb Code     0  startup_stm32f407xx.o(.text)
    CAN2_TX_IRQHandler                       0x08000297   Thumb Code     0  startup_stm32f407xx.o(.text)
    DCMI_IRQHandler                          0x08000297   Thumb Code     0  startup_stm32f407xx.o(.text)
    DMA1_Stream0_IRQHandler                  0x08000297   Thumb Code     0  startup_stm32f407xx.o(.text)
    DMA1_Stream1_IRQHandler                  0x08000297   Thumb Code     0  startup_stm32f407xx.o(.text)
    DMA1_Stream2_IRQHandler                  0x08000297   Thumb Code     0  startup_stm32f407xx.o(.text)
    DMA1_Stream3_IRQHandler                  0x08000297   Thumb Code     0  startup_stm32f407xx.o(.text)
    DMA1_Stream4_IRQHandler                  0x08000297   Thumb Code     0  startup_stm32f407xx.o(.text)
    DMA1_Stream5_IRQHandler                  0x08000297   Thumb Code     0  startup_stm32f407xx.o(.text)
    DMA1_Stream6_IRQHandler                  0x08000297   Thumb Code     0  startup_stm32f407xx.o(.text)
    DMA1_Stream7_IRQHandler                  0x08000297   Thumb Code     0  startup_stm32f407xx.o(.text)
    DMA2_Stream1_IRQHandler                  0x08000297   Thumb Code     0  startup_stm32f407xx.o(.text)
    DMA2_Stream2_IRQHandler                  0x08000297   Thumb Code     0  startup_stm32f407xx.o(.text)
    DMA2_Stream3_IRQHandler                  0x08000297   Thumb Code     0  startup_stm32f407xx.o(.text)
    DMA2_Stream4_IRQHandler                  0x08000297   Thumb Code     0  startup_stm32f407xx.o(.text)
    DMA2_Stream5_IRQHandler                  0x08000297   Thumb Code     0  startup_stm32f407xx.o(.text)
    DMA2_Stream6_IRQHandler                  0x08000297   Thumb Code     0  startup_stm32f407xx.o(.text)
    DMA2_Stream7_IRQHandler                  0x08000297   Thumb Code     0  startup_stm32f407xx.o(.text)
    ETH_IRQHandler                           0x08000297   Thumb Code     0  startup_stm32f407xx.o(.text)
    ETH_WKUP_IRQHandler                      0x08000297   Thumb Code     0  startup_stm32f407xx.o(.text)
    EXTI0_IRQHandler                         0x08000297   Thumb Code     0  startup_stm32f407xx.o(.text)
    EXTI15_10_IRQHandler                     0x08000297   Thumb Code     0  startup_stm32f407xx.o(.text)
    EXTI1_IRQHandler                         0x08000297   Thumb Code     0  startup_stm32f407xx.o(.text)
    EXTI2_IRQHandler                         0x08000297   Thumb Code     0  startup_stm32f407xx.o(.text)
    EXTI3_IRQHandler                         0x08000297   Thumb Code     0  startup_stm32f407xx.o(.text)
    EXTI4_IRQHandler                         0x08000297   Thumb Code     0  startup_stm32f407xx.o(.text)
    EXTI9_5_IRQHandler                       0x08000297   Thumb Code     0  startup_stm32f407xx.o(.text)
    FLASH_IRQHandler                         0x08000297   Thumb Code     0  startup_stm32f407xx.o(.text)
    FMC_IRQHandler                           0x08000297   Thumb Code     0  startup_stm32f407xx.o(.text)
    FPU_IRQHandler                           0x08000297   Thumb Code     0  startup_stm32f407xx.o(.text)
    HASH_RNG_IRQHandler                      0x08000297   Thumb Code     0  startup_stm32f407xx.o(.text)
    I2C1_ER_IRQHandler                       0x08000297   Thumb Code     0  startup_stm32f407xx.o(.text)
    I2C1_EV_IRQHandler                       0x08000297   Thumb Code     0  startup_stm32f407xx.o(.text)
    I2C2_ER_IRQHandler                       0x08000297   Thumb Code     0  startup_stm32f407xx.o(.text)
    I2C2_EV_IRQHandler                       0x08000297   Thumb Code     0  startup_stm32f407xx.o(.text)
    I2C3_ER_IRQHandler                       0x08000297   Thumb Code     0  startup_stm32f407xx.o(.text)
    I2C3_EV_IRQHandler                       0x08000297   Thumb Code     0  startup_stm32f407xx.o(.text)
    OTG_FS_IRQHandler                        0x08000297   Thumb Code     0  startup_stm32f407xx.o(.text)
    OTG_FS_WKUP_IRQHandler                   0x08000297   Thumb Code     0  startup_stm32f407xx.o(.text)
    OTG_HS_EP1_IN_IRQHandler                 0x08000297   Thumb Code     0  startup_stm32f407xx.o(.text)
    OTG_HS_EP1_OUT_IRQHandler                0x08000297   Thumb Code     0  startup_stm32f407xx.o(.text)
    OTG_HS_IRQHandler                        0x08000297   Thumb Code     0  startup_stm32f407xx.o(.text)
    OTG_HS_WKUP_IRQHandler                   0x08000297   Thumb Code     0  startup_stm32f407xx.o(.text)
    PVD_IRQHandler                           0x08000297   Thumb Code     0  startup_stm32f407xx.o(.text)
    RCC_IRQHandler                           0x08000297   Thumb Code     0  startup_stm32f407xx.o(.text)
    RTC_Alarm_IRQHandler                     0x08000297   Thumb Code     0  startup_stm32f407xx.o(.text)
    RTC_WKUP_IRQHandler                      0x08000297   Thumb Code     0  startup_stm32f407xx.o(.text)
    SDIO_IRQHandler                          0x08000297   Thumb Code     0  startup_stm32f407xx.o(.text)
    SPI1_IRQHandler                          0x08000297   Thumb Code     0  startup_stm32f407xx.o(.text)
    SPI2_IRQHandler                          0x08000297   Thumb Code     0  startup_stm32f407xx.o(.text)
    SPI3_IRQHandler                          0x08000297   Thumb Code     0  startup_stm32f407xx.o(.text)
    TAMP_STAMP_IRQHandler                    0x08000297   Thumb Code     0  startup_stm32f407xx.o(.text)
    TIM1_BRK_TIM9_IRQHandler                 0x08000297   Thumb Code     0  startup_stm32f407xx.o(.text)
    TIM1_CC_IRQHandler                       0x08000297   Thumb Code     0  startup_stm32f407xx.o(.text)
    TIM1_TRG_COM_TIM11_IRQHandler            0x08000297   Thumb Code     0  startup_stm32f407xx.o(.text)
    TIM1_UP_TIM10_IRQHandler                 0x08000297   Thumb Code     0  startup_stm32f407xx.o(.text)
    TIM2_IRQHandler                          0x08000297   Thumb Code     0  startup_stm32f407xx.o(.text)
    TIM3_IRQHandler                          0x08000297   Thumb Code     0  startup_stm32f407xx.o(.text)
    TIM4_IRQHandler                          0x08000297   Thumb Code     0  startup_stm32f407xx.o(.text)
    TIM5_IRQHandler                          0x08000297   Thumb Code     0  startup_stm32f407xx.o(.text)
    TIM6_DAC_IRQHandler                      0x08000297   Thumb Code     0  startup_stm32f407xx.o(.text)
    TIM7_IRQHandler                          0x08000297   Thumb Code     0  startup_stm32f407xx.o(.text)
    TIM8_BRK_TIM12_IRQHandler                0x08000297   Thumb Code     0  startup_stm32f407xx.o(.text)
    TIM8_CC_IRQHandler                       0x08000297   Thumb Code     0  startup_stm32f407xx.o(.text)
    TIM8_TRG_COM_TIM14_IRQHandler            0x08000297   Thumb Code     0  startup_stm32f407xx.o(.text)
    TIM8_UP_TIM13_IRQHandler                 0x08000297   Thumb Code     0  startup_stm32f407xx.o(.text)
    UART4_IRQHandler                         0x08000297   Thumb Code     0  startup_stm32f407xx.o(.text)
    UART5_IRQHandler                         0x08000297   Thumb Code     0  startup_stm32f407xx.o(.text)
    USART2_IRQHandler                        0x08000297   Thumb Code     0  startup_stm32f407xx.o(.text)
    USART3_IRQHandler                        0x08000297   Thumb Code     0  startup_stm32f407xx.o(.text)
    USART6_IRQHandler                        0x08000297   Thumb Code     0  startup_stm32f407xx.o(.text)
    WWDG_IRQHandler                          0x08000297   Thumb Code     0  startup_stm32f407xx.o(.text)
    __user_initial_stackheap                 0x08000299   Thumb Code     0  startup_stm32f407xx.o(.text)
    CPU_IntDis                               0x080002bd   Thumb Code     0  cpu_a.o(.text)
    CPU_IntEn                                0x080002c1   Thumb Code     0  cpu_a.o(.text)
    CPU_SR_Save                              0x080002c5   Thumb Code     0  cpu_a.o(.text)
    CPU_SR_Restore                           0x080002cd   Thumb Code     0  cpu_a.o(.text)
    CPU_WaitForInt                           0x080002d3   Thumb Code     0  cpu_a.o(.text)
    CPU_WaitForExcept                        0x080002d7   Thumb Code     0  cpu_a.o(.text)
    CPU_CntLeadZeros                         0x080002db   Thumb Code     0  cpu_a.o(.text)
    CPU_CntTrailZeros                        0x080002e1   Thumb Code     0  cpu_a.o(.text)
    CPU_RevBits                              0x080002eb   Thumb Code     0  cpu_a.o(.text)
    __use_no_semihosting                     0x080002f1   Thumb Code     2  use_no_semi_2.o(.text)
    __2printf                                0x080002f5   Thumb Code    20  noretval__2printf.o(.text)
    _printf_pre_padding                      0x0800030d   Thumb Code    44  _printf_pad.o(.text)
    _printf_post_padding                     0x08000339   Thumb Code    34  _printf_pad.o(.text)
    _printf_str                              0x0800035b   Thumb Code    82  _printf_str.o(.text)
    _printf_int_dec                          0x080003ad   Thumb Code   100  _printf_dec.o(.text)
    _printf_int_hex                          0x08000421   Thumb Code    84  _printf_hex_int.o(.text)
    _printf_longlong_hex                     0x08000421   Thumb Code     0  _printf_hex_int.o(.text)
    __printf                                 0x08000479   Thumb Code   388  __printf_flags_ss_wp.o(.text)
    __use_two_region_memory                  0x08000601   Thumb Code     2  heapauxi.o(.text)
    __rt_heap_escrow$2region                 0x08000603   Thumb Code     2  heapauxi.o(.text)
    __rt_heap_expand$2region                 0x08000605   Thumb Code     2  heapauxi.o(.text)
    __I$use$semihosting                      0x08000607   Thumb Code     0  use_no_semi.o(.text)
    __use_no_semihosting_swi                 0x08000607   Thumb Code     2  use_no_semi.o(.text)
    _printf_int_common                       0x08000609   Thumb Code   178  _printf_intcommon.o(.text)
    _printf_cs_common                        0x080006bb   Thumb Code    20  _printf_char.o(.text)
    _printf_char                             0x080006cf   Thumb Code    16  _printf_char.o(.text)
    _printf_string                           0x080006df   Thumb Code     8  _printf_char.o(.text)
    _printf_char_file                        0x080006e9   Thumb Code    32  _printf_char_file.o(.text)
    _printf_char_common                      0x08000717   Thumb Code    32  _printf_char_common.o(.text)
    ferror                                   0x0800073d   Thumb Code     8  ferror.o(.text)
    __user_setup_stackheap                   0x08000745   Thumb Code    74  sys_stackheap_outer.o(.text)
    exit                                     0x0800078f   Thumb Code    12  exit.o(.text)
    __user_libspace                          0x0800079d   Thumb Code     8  libspace.o(.text)
    __user_perproc_libspace                  0x0800079d   Thumb Code     0  libspace.o(.text)
    __user_perthread_libspace                0x0800079d   Thumb Code     0  libspace.o(.text)
    OSStartHighRdy                           0x080007a5   Thumb Code     0  os_cpu_a.o(CODE)
    OSCtxSw                                  0x080007c7   Thumb Code     0  os_cpu_a.o(CODE)
    OSIntCtxSw                               0x080007d1   Thumb Code     0  os_cpu_a.o(CODE)
    PendSV_Handler                           0x080007db   Thumb Code     0  os_cpu_a.o(CODE)
    BSP_CPU_ClkFreq                          0x080009c9   Thumb Code     8  bsp.o(i.BSP_CPU_ClkFreq)
    CPU_Init                                 0x080009d1   Thumb Code    12  cpu_core.o(i.CPU_Init)
    CPU_NameClr                              0x080009dd   Thumb Code    42  cpu_core.o(i.CPU_NameClr)
    CPU_TS_TmrFreqSet                        0x08000a29   Thumb Code     6  cpu_core.o(i.CPU_TS_TmrFreqSet)
    CPU_TS_TmrInit                           0x08000a35   Thumb Code    44  bsp.o(i.CPU_TS_TmrInit)
    CPU_TS_TmrRd                             0x08000a69   Thumb Code     6  bsp.o(i.CPU_TS_TmrRd)
    DMA2_Stream0_IRQHandler                  0x08000a75   Thumb Code    10  stm32f4xx_it.o(i.DMA2_Stream0_IRQHandler)
    HAL_ADC_ConfigChannel                    0x08000a85   Thumb Code   386  stm32f4xx_hal_adc.o(i.HAL_ADC_ConfigChannel)
    HAL_ADC_Init                             0x08000c19   Thumb Code    74  stm32f4xx_hal_adc.o(i.HAL_ADC_Init)
    HAL_ADC_MspInit                          0x08000c69   Thumb Code   122  adc.o(i.HAL_ADC_MspInit)
    HAL_DMA_IRQHandler                       0x08000cf9   Thumb Code  9776  stm32f4xx_hal_dma.o(i.HAL_DMA_IRQHandler)
    HAL_DMA_Init                             0x08003331   Thumb Code   120  stm32f4xx_hal_dma.o(i.HAL_DMA_Init)
    HAL_GPIO_Init                            0x080033ad   Thumb Code   472  stm32f4xx_hal_gpio.o(i.HAL_GPIO_Init)
    HAL_GPIO_WritePin                        0x080035b5   Thumb Code    12  stm32f4xx_hal_gpio.o(i.HAL_GPIO_WritePin)
    HAL_GetTick                              0x080035c1   Thumb Code     6  stm32f4xx_hal.o(i.HAL_GetTick)
    HAL_IncTick                              0x080035cd   Thumb Code    12  stm32f4xx_hal.o(i.HAL_IncTick)
    HAL_Init                                 0x080035dd   Thumb Code    54  stm32f4xx_hal.o(i.HAL_Init)
    HAL_InitTick                             0x08003619   Thumb Code    36  stm32f4xx_hal.o(i.HAL_InitTick)
    HAL_MspInit                              0x0800363d   Thumb Code    20  stm32f4xx_hal_msp.o(i.HAL_MspInit)
    HAL_NVIC_EnableIRQ                       0x08003651   Thumb Code    26  stm32f4xx_hal_cortex.o(i.HAL_NVIC_EnableIRQ)
    HAL_NVIC_SetPriority                     0x0800366b   Thumb Code   124  stm32f4xx_hal_cortex.o(i.HAL_NVIC_SetPriority)
    HAL_NVIC_SetPriorityGrouping             0x080036e9   Thumb Code    32  stm32f4xx_hal_cortex.o(i.HAL_NVIC_SetPriorityGrouping)
    HAL_RCC_ClockConfig                      0x08003711   Thumb Code   680  stm32f4xx_hal_rcc.o(i.HAL_RCC_ClockConfig)
    HAL_RCC_GetHCLKFreq                      0x080039c1   Thumb Code    42  stm32f4xx_hal_rcc.o(i.HAL_RCC_GetHCLKFreq)
    HAL_RCC_GetPCLK1Freq                     0x080039f9   Thumb Code    36  stm32f4xx_hal_rcc.o(i.HAL_RCC_GetPCLK1Freq)
    HAL_RCC_GetPCLK2Freq                     0x08003a25   Thumb Code    36  stm32f4xx_hal_rcc.o(i.HAL_RCC_GetPCLK2Freq)
    HAL_RCC_GetSysClockFreq                  0x08003a51   Thumb Code   168  stm32f4xx_hal_rcc.o(i.HAL_RCC_GetSysClockFreq)
    HAL_RCC_OscConfig                        0x08003b05   Thumb Code  1028  stm32f4xx_hal_rcc.o(i.HAL_RCC_OscConfig)
    HAL_SPI_Init                             0x08003f09   Thumb Code   136  stm32f4xx_hal_spi.o(i.HAL_SPI_Init)
    HAL_SPI_MspInit                          0x08003f91   Thumb Code   104  spi.o(i.HAL_SPI_MspInit)
    HAL_SPI_Receive                          0x08004009   Thumb Code   572  stm32f4xx_hal_spi.o(i.HAL_SPI_Receive)
    HAL_SPI_Transmit                         0x08004245   Thumb Code   446  stm32f4xx_hal_spi.o(i.HAL_SPI_Transmit)
    HAL_SPI_TransmitReceive                  0x08004403   Thumb Code   850  stm32f4xx_hal_spi.o(i.HAL_SPI_TransmitReceive)
    HAL_SYSTICK_CLKSourceConfig              0x08004755   Thumb Code    40  stm32f4xx_hal_cortex.o(i.HAL_SYSTICK_CLKSourceConfig)
    HAL_SYSTICK_Callback                     0x0800477d   Thumb Code    16  main.o(i.HAL_SYSTICK_Callback)
    HAL_SYSTICK_Config                       0x0800478d   Thumb Code    52  stm32f4xx_hal_cortex.o(i.HAL_SYSTICK_Config)
    HAL_SYSTICK_IRQHandler                   0x080047c1   Thumb Code     8  stm32f4xx_hal_cortex.o(i.HAL_SYSTICK_IRQHandler)
    HAL_UART_ErrorCallback                   0x080047c9   Thumb Code     2  stm32f4xx_hal_uart.o(i.HAL_UART_ErrorCallback)
    HAL_UART_IRQHandler                      0x080047cb   Thumb Code   288  stm32f4xx_hal_uart.o(i.HAL_UART_IRQHandler)
    HAL_UART_Init                            0x080048eb   Thumb Code   110  stm32f4xx_hal_uart.o(i.HAL_UART_Init)
    HAL_UART_MspInit                         0x08004959   Thumb Code    92  usart.o(i.HAL_UART_MspInit)
    HAL_UART_RxCpltCallback                  0x080049c1   Thumb Code     2  stm32f4xx_hal_uart.o(i.HAL_UART_RxCpltCallback)
    HAL_UART_Transmit                        0x080049c3   Thumb Code   240  stm32f4xx_hal_uart.o(i.HAL_UART_Transmit)
    HAL_UART_TxCpltCallback                  0x08004ab3   Thumb Code     2  stm32f4xx_hal_uart.o(i.HAL_UART_TxCpltCallback)
    MX_ADC1_Init                             0x08004ab5   Thumb Code    68  adc.o(i.MX_ADC1_Init)
    MX_DMA_Init                              0x08004b01   Thumb Code    48  dma.o(i.MX_DMA_Init)
    MX_GPIO_Init                             0x08004b35   Thumb Code   186  gpio.o(i.MX_GPIO_Init)
    MX_SPI2_Init                             0x08004bfd   Thumb Code    54  spi.o(i.MX_SPI2_Init)
    MX_USART1_UART_Init                      0x08004c3d   Thumb Code    40  usart.o(i.MX_USART1_UART_Init)
    Mem_Clr                                  0x08004c6d   Thumb Code    18  lib_mem.o(i.Mem_Clr)
    Mem_Set                                  0x08004c7f   Thumb Code    84  lib_mem.o(i.Mem_Set)
    OSCfg_Init                               0x08004d0d   Thumb Code    86  os_cfg_app.o(i.OSCfg_Init)
    OSIdleTaskHook                           0x08004e09   Thumb Code    16  os_cpu_c.o(i.OSIdleTaskHook)
    OSInit                                   0x08004e1d   Thumb Code   300  os_core.o(i.OSInit)
    OSInitHook                               0x08004fa9   Thumb Code    28  os_cpu_c.o(i.OSInitHook)
    OSIntEnter                               0x08004fd1   Thumb Code    34  os_core.o(i.OSIntEnter)
    OSIntExit                                0x08004ffd   Thumb Code   188  os_core.o(i.OSIntExit)
    OSSched                                  0x080050d9   Thumb Code   130  os_core.o(i.OSSched)
    OSSchedLock                              0x08005179   Thumb Code   104  os_core.o(i.OSSchedLock)
    OSSchedRoundRobinCfg                     0x080051ed   Thumb Code    88  os_core.o(i.OSSchedRoundRobinCfg)
    OSSchedUnlock                            0x08005251   Thumb Code   136  os_core.o(i.OSSchedUnlock)
    OSStart                                  0x080052e5   Thumb Code    78  os_core.o(i.OSStart)
    OSStatReset                              0x0800534d   Thumb Code   270  os_stat.o(i.OSStatReset)
    OSStatTaskCPUUsageInit                   0x08005485   Thumb Code   212  os_stat.o(i.OSStatTaskCPUUsageInit)
    OSStatTaskHook                           0x08005575   Thumb Code    16  os_cpu_c.o(i.OSStatTaskHook)
    OSTaskCreate                             0x08005589   Thumb Code   566  os_task.o(i.OSTaskCreate)
    OSTaskCreateHook                         0x080057e5   Thumb Code    20  os_cpu_c.o(i.OSTaskCreateHook)
    OSTaskDel                                0x080057fd   Thumb Code   424  os_task.o(i.OSTaskDel)
    OSTaskDelHook                            0x080059c1   Thumb Code    20  os_cpu_c.o(i.OSTaskDelHook)
    OSTaskResume                             0x080059d9   Thumb Code   112  os_task.o(i.OSTaskResume)
    OSTaskReturnHook                         0x08005a55   Thumb Code    20  os_cpu_c.o(i.OSTaskReturnHook)
    OSTaskSemPend                            0x08005a6d   Thumb Code   520  os_task.o(i.OSTaskSemPend)
    OSTaskStkChk                             0x08005c81   Thumb Code   204  os_task.o(i.OSTaskStkChk)
    OSTaskStkInit                            0x08005d55   Thumb Code   600  os_cpu_c.o(i.OSTaskStkInit)
    OSTaskSuspend                            0x08005fb1   Thumb Code    78  os_task.o(i.OSTaskSuspend)
    OSTaskSwHook                             0x08006011   Thumb Code   120  os_cpu_c.o(i.OSTaskSwHook)
    OSTimeDly                                0x08006099   Thumb Code   266  os_time.o(i.OSTimeDly)
    OSTimeTick                               0x080061b1   Thumb Code    54  os_time.o(i.OSTimeTick)
    OSTimeTickHook                           0x080061f5   Thumb Code    16  os_cpu_c.o(i.OSTimeTickHook)
    OS_Dbg_Init                              0x08006209   Thumb Code   146  os_dbg.o(i.OS_Dbg_Init)
    OS_FlagInit                              0x080063b9   Thumb Code    14  os_flag.o(i.OS_FlagInit)
    OS_FlagPost                              0x080063d1   Thumb Code   552  os_flag.o(i.OS_FlagPost)
    OS_FlagTaskRdy                           0x08006601   Thumb Code    86  os_flag.o(i.OS_FlagTaskRdy)
    OS_IdleTask                              0x08006659   Thumb Code    60  os_core.o(i.OS_IdleTask)
    OS_IdleTaskInit                          0x0800669d   Thumb Code    66  os_core.o(i.OS_IdleTaskInit)
    OS_IntQPost                              0x0800670d   Thumb Code   216  os_int.o(i.OS_IntQPost)
    OS_IntQRePost                            0x08006809   Thumb Code   360  os_int.o(i.OS_IntQRePost)
    OS_IntQTask                              0x080069ad   Thumb Code   162  os_int.o(i.OS_IntQTask)
    OS_IntQTaskInit                          0x08006a61   Thumb Code   206  os_int.o(i.OS_IntQTaskInit)
    OS_MemInit                               0x08006b89   Thumb Code    14  os_mem.o(i.OS_MemInit)
    OS_MsgPoolCreate                         0x08006ba1   Thumb Code    54  os_msg.o(i.OS_MsgPoolCreate)
    OS_MsgPoolInit                           0x08006bd9   Thumb Code    70  os_msg.o(i.OS_MsgPoolInit)
    OS_MsgQFreeAll                           0x08006c2d   Thumb Code    62  os_msg.o(i.OS_MsgQFreeAll)
    OS_MsgQInit                              0x08006c71   Thumb Code    14  os_msg.o(i.OS_MsgQInit)
    OS_MsgQPut                               0x08006c81   Thumb Code   246  os_msg.o(i.OS_MsgQPut)
    OS_MutexInit                             0x08006d7d   Thumb Code    14  os_mutex.o(i.OS_MutexInit)
    OS_Pend                                  0x08006d95   Thumb Code    98  os_core.o(i.OS_Pend)
    OS_PendDataInit                          0x08006dfd   Thumb Code    38  os_core.o(i.OS_PendDataInit)
    OS_PendDbgNameAdd                        0x08006e25   Thumb Code    66  os_core.o(i.OS_PendDbgNameAdd)
    OS_PendDbgNameRemove                     0x08006e81   Thumb Code    30  os_core.o(i.OS_PendDbgNameRemove)
    OS_PendListInsertPrio                    0x08006ea5   Thumb Code   102  os_core.o(i.OS_PendListInsertPrio)
    OS_PendListRemove                        0x08006f0b   Thumb Code    48  os_core.o(i.OS_PendListRemove)
    OS_PendListRemove1                       0x08006f3b   Thumb Code    66  os_core.o(i.OS_PendListRemove1)
    OS_Post                                  0x08006f7d   Thumb Code   192  os_core.o(i.OS_Post)
    OS_Post1                                 0x0800703d   Thumb Code    42  os_core.o(i.OS_Post1)
    OS_PrioGetHighest                        0x08007069   Thumb Code    36  os_prio.o(i.OS_PrioGetHighest)
    OS_PrioInit                              0x08007091   Thumb Code    20  os_prio.o(i.OS_PrioInit)
    OS_PrioInsert                            0x080070a9   Thumb Code    32  os_prio.o(i.OS_PrioInsert)
    OS_PrioRemove                            0x080070cd   Thumb Code    32  os_prio.o(i.OS_PrioRemove)
    OS_QInit                                 0x080070f1   Thumb Code    14  os_q.o(i.OS_QInit)
    OS_QPost                                 0x08007109   Thumb Code   324  os_q.o(i.OS_QPost)
    OS_RdyListInit                           0x08007255   Thumb Code    32  os_core.o(i.OS_RdyListInit)
    OS_RdyListInsert                         0x08007279   Thumb Code    40  os_core.o(i.OS_RdyListInsert)
    OS_RdyListInsertHead                     0x080072a5   Thumb Code    58  os_core.o(i.OS_RdyListInsertHead)
    OS_RdyListInsertTail                     0x080072e5   Thumb Code    56  os_core.o(i.OS_RdyListInsertTail)
    OS_RdyListMoveHeadToTail                 0x08007321   Thumb Code    68  os_core.o(i.OS_RdyListMoveHeadToTail)
    OS_RdyListRemove                         0x08007365   Thumb Code    86  os_core.o(i.OS_RdyListRemove)
    OS_Sched0                                0x080073c1   Thumb Code    68  os_core.o(i.OS_Sched0)
    OS_SchedLockTimeMeasStart                0x08007415   Thumb Code    20  os_core.o(i.OS_SchedLockTimeMeasStart)
    OS_SchedLockTimeMeasStop                 0x08007431   Thumb Code    44  os_core.o(i.OS_SchedLockTimeMeasStop)
    OS_SchedRoundRobin                       0x0800746d   Thumb Code   190  os_core.o(i.OS_SchedRoundRobin)
    OS_SemInit                               0x0800753d   Thumb Code    14  os_sem.o(i.OS_SemInit)
    OS_SemPost                               0x08007555   Thumb Code   350  os_sem.o(i.OS_SemPost)
    OS_StatTask                              0x080076b9   Thumb Code   790  os_stat.o(i.OS_StatTask)
    OS_StatTaskInit                          0x08007a15   Thumb Code   136  os_stat.o(i.OS_StatTaskInit)
    OS_TaskBlock                             0x08007ae1   Thumb Code    56  os_core.o(i.OS_TaskBlock)
    OS_TaskDbgListAdd                        0x08007b19   Thumb Code    42  os_task.o(i.OS_TaskDbgListAdd)
    OS_TaskDbgListRemove                     0x08007b49   Thumb Code    64  os_task.o(i.OS_TaskDbgListRemove)
    OS_TaskInit                              0x08007b8d   Thumb Code    18  os_task.o(i.OS_TaskInit)
    OS_TaskInitTCB                           0x08007bad   Thumb Code   186  os_task.o(i.OS_TaskInitTCB)
    OS_TaskQPost                             0x08007c75   Thumb Code   510  os_task.o(i.OS_TaskQPost)
    OS_TaskRdy                               0x08007e81   Thumb Code    28  os_core.o(i.OS_TaskRdy)
    OS_TaskResume                            0x08007e9d   Thumb Code   314  os_task.o(i.OS_TaskResume)
    OS_TaskReturn                            0x08007fdd   Thumb Code    20  os_task.o(i.OS_TaskReturn)
    OS_TaskSemPost                           0x08007ff5   Thumb Code  1210  os_task.o(i.OS_TaskSemPost)
    OS_TaskSuspend                           0x080084b9   Thumb Code   328  os_task.o(i.OS_TaskSuspend)
    OS_TickListInit                          0x08008609   Thumb Code    32  os_tick.o(i.OS_TickListInit)
    OS_TickListInsert                        0x08008631   Thumb Code   430  os_tick.o(i.OS_TickListInsert)
    OS_TickListRemove                        0x080087ed   Thumb Code    56  os_tick.o(i.OS_TickListRemove)
    OS_TickListResetPeak                     0x08008825   Thumb Code    28  os_tick.o(i.OS_TickListResetPeak)
    OS_TickListUpdate                        0x08008849   Thumb Code   480  os_tick.o(i.OS_TickListUpdate)
    OS_TickTask                              0x08008a41   Thumb Code    38  os_tick.o(i.OS_TickTask)
    OS_TickTaskInit                          0x08008a6d   Thumb Code   128  os_tick.o(i.OS_TickTaskInit)
    OS_TmrInit                               0x08008b25   Thumb Code   206  os_tmr.o(i.OS_TmrInit)
    OS_TmrLink                               0x08008c4d   Thumb Code   196  os_tmr.o(i.OS_TmrLink)
    OS_TmrResetPeak                          0x08008d1d   Thumb Code    28  os_tmr.o(i.OS_TmrResetPeak)
    OS_TmrTask                               0x08008d41   Thumb Code   176  os_tmr.o(i.OS_TmrTask)
    OS_TmrUnlink                             0x08008e01   Thumb Code    72  os_tmr.o(i.OS_TmrUnlink)
    SysTick_Handler                          0x08008f65   Thumb Code    12  stm32f4xx_it.o(i.SysTick_Handler)
    SystemClock_Config                       0x08008f71   Thumb Code   158  main.o(i.SystemClock_Config)
    SystemInit                               0x08009019   Thumb Code    82  system_stm32f4xx.o(i.SystemInit)
    USART1_IRQHandler                        0x08009511   Thumb Code    10  stm32f4xx_it.o(i.USART1_IRQHandler)
    WIZCHIP_READ                             0x08009521   Thumb Code   112  w5500.o(i.WIZCHIP_READ)
    WIZCHIP_READ_BUF                         0x08009595   Thumb Code   136  w5500.o(i.WIZCHIP_READ_BUF)
    WIZCHIP_WRITE                            0x08009621   Thumb Code   112  w5500.o(i.WIZCHIP_WRITE)
    WIZCHIP_WRITE_BUF                        0x08009695   Thumb Code   132  w5500.o(i.WIZCHIP_WRITE_BUF)
    _is_digit                                0x0800971d   Thumb Code    14  __printf_wp.o(i._is_digit)
    _sys_exit                                0x0800972b   Thumb Code     8  main.o(i._sys_exit)
    close                                    0x08009735   Thumb Code   142  socket.o(i.close)
    ctlnetwork                               0x080097d5   Thumb Code    80  wizchip_conf.o(i.ctlnetwork)
    ctlwizchip                               0x08009825   Thumb Code   276  wizchip_conf.o(i.ctlwizchip)
    disconnect                               0x0800993d   Thumb Code   180  socket.o(i.disconnect)
    fputc                                    0x080099f9   Thumb Code    20  main.o(i.fputc)
    getSn_RX_RSR                             0x08009a11   Thumb Code   108  w5500.o(i.getSn_RX_RSR)
    getSn_TX_FSR                             0x08009a7d   Thumb Code   108  w5500.o(i.getSn_TX_FSR)
    led0_task                                0x08009ae9   Thumb Code   190  main.o(i.led0_task)
    led1_task                                0x08009c1d   Thumb Code    52  main.o(i.led1_task)
    listen                                   0x08009c55   Thumb Code   176  socket.o(i.listen)
    loopback_tcps                            0x08009d05   Thumb Code   366  loopback.o(i.loopback_tcps)
    loopback_udps                            0x08009ed9   Thumb Code   192  loopback.o(i.loopback_udps)
    main                                     0x08009ff5   Thumb Code   228  main.o(i.main)
    network_init                             0x0800a0f9   Thumb Code   156  main.o(i.network_init)
    recv                                     0x0800a245   Thumb Code   282  socket.o(i.recv)
    recvfrom                                 0x0800a365   Thumb Code   606  socket.o(i.recvfrom)
    reg_wizchip_spi_cbfunc                   0x0800a5d1   Thumb Code    40  wizchip_conf.o(i.reg_wizchip_spi_cbfunc)
    reg_wizchip_spiburst_cbfunc              0x0800a605   Thumb Code    38  wizchip_conf.o(i.reg_wizchip_spiburst_cbfunc)
    send                                     0x0800a639   Thumb Code   374  socket.o(i.send)
    sendto                                   0x0800a7b9   Thumb Code   464  socket.o(i.sendto)
    socket                                   0x0800a98d   Thumb Code   378  socket.o(i.socket)
    start_task                               0x0800ab1d   Thumb Code   270  main.o(i.start_task)
    wiz_recv_data                            0x0800ac69   Thumb Code   132  w5500.o(i.wiz_recv_data)
    wiz_recv_ignore                          0x0800aced   Thumb Code   102  w5500.o(i.wiz_recv_ignore)
    wiz_send_data                            0x0800ad53   Thumb Code   132  w5500.o(i.wiz_send_data)
    wizchip_bus_readdata                     0x0800add7   Thumb Code     6  wizchip_conf.o(i.wizchip_bus_readdata)
    wizchip_bus_writedata                    0x0800addd   Thumb Code     4  wizchip_conf.o(i.wizchip_bus_writedata)
    wizchip_clrinterrupt                     0x0800ade1   Thumb Code    32  wizchip_conf.o(i.wizchip_clrinterrupt)
    wizchip_cris_enter                       0x0800ae01   Thumb Code     2  wizchip_conf.o(i.wizchip_cris_enter)
    wizchip_cris_exit                        0x0800ae03   Thumb Code     2  wizchip_conf.o(i.wizchip_cris_exit)
    wizchip_cs_deselect                      0x0800ae05   Thumb Code    14  wizchip_conf.o(i.wizchip_cs_deselect)
    wizchip_cs_select                        0x0800ae19   Thumb Code    14  wizchip_conf.o(i.wizchip_cs_select)
    wizchip_getinterrupt                     0x0800ae2d   Thumb Code    42  wizchip_conf.o(i.wizchip_getinterrupt)
    wizchip_getinterruptmask                 0x0800ae57   Thumb Code    40  wizchip_conf.o(i.wizchip_getinterruptmask)
    wizchip_getnetinfo                       0x0800ae81   Thumb Code    82  wizchip_conf.o(i.wizchip_getnetinfo)
    wizchip_getnetmode                       0x0800aedd   Thumb Code    10  wizchip_conf.o(i.wizchip_getnetmode)
    wizchip_gettimeout                       0x0800aee7   Thumb Code    40  wizchip_conf.o(i.wizchip_gettimeout)
    wizchip_init                             0x0800af0f   Thumb Code   144  wizchip_conf.o(i.wizchip_init)
    wizchip_setinterruptmask                 0x0800af9f   Thumb Code    30  wizchip_conf.o(i.wizchip_setinterruptmask)
    wizchip_setnetinfo                       0x0800afbd   Thumb Code    80  wizchip_conf.o(i.wizchip_setnetinfo)
    wizchip_setnetmode                       0x0800b015   Thumb Code    38  wizchip_conf.o(i.wizchip_setnetmode)
    wizchip_settimeout                       0x0800b03b   Thumb Code    38  wizchip_conf.o(i.wizchip_settimeout)
    wizchip_spi_readburst                    0x0800b061   Thumb Code    20  wizchip_conf.o(i.wizchip_spi_readburst)
    wizchip_spi_readbyte                     0x0800b079   Thumb Code    18  wizchip_conf.o(i.wizchip_spi_readbyte)
    wizchip_spi_writeburst                   0x0800b091   Thumb Code    20  wizchip_conf.o(i.wizchip_spi_writeburst)
    wizchip_spi_writebyte                    0x0800b0a9   Thumb Code    16  wizchip_conf.o(i.wizchip_spi_writebyte)
    wizchip_sw_reset                         0x0800b0bd   Thumb Code   114  wizchip_conf.o(i.wizchip_sw_reset)
    wizphy_getphyconf                        0x0800b12f   Thumb Code   120  wizchip_conf.o(i.wizphy_getphyconf)
    wizphy_getphylink                        0x0800b1a7   Thumb Code    26  wizchip_conf.o(i.wizphy_getphylink)
    wizphy_getphypmode                       0x0800b1c1   Thumb Code    28  wizchip_conf.o(i.wizphy_getphypmode)
    wizphy_reset                             0x0800b1dd   Thumb Code    52  wizchip_conf.o(i.wizphy_reset)
    wizphy_setphyconf                        0x0800b211   Thumb Code    88  wizchip_conf.o(i.wizphy_setphyconf)
    wizphy_setphypmode                       0x0800b269   Thumb Code   100  wizchip_conf.o(i.wizphy_setphypmode)
    _fp_init                                 0x0800b2cd   Thumb Code    10  fpinit.o(x$fpl$fpinit)
    __fplib_config_fpu_vfp                   0x0800b2d5   Thumb Code     0  fpinit.o(x$fpl$fpinit)
    __fplib_config_pureend_doubles           0x0800b2d5   Thumb Code     0  fpinit.o(x$fpl$fpinit)
    APBAHBPrescTable                         0x0800b2d6   Data          16  stm32f4xx_hal_rcc.o(.constdata)
    OSCfg_IdleTaskStkBasePtr                 0x0800b2f8   Data           4  os_cfg_app.o(.constdata)
    OSCfg_IdleTaskStkLimit                   0x0800b2fc   Data           4  os_cfg_app.o(.constdata)
    OSCfg_IdleTaskStkSize                    0x0800b300   Data           4  os_cfg_app.o(.constdata)
    OSCfg_IdleTaskStkSizeRAM                 0x0800b304   Data           4  os_cfg_app.o(.constdata)
    OSCfg_IntQBasePtr                        0x0800b308   Data           4  os_cfg_app.o(.constdata)
    OSCfg_IntQSize                           0x0800b30c   Data           2  os_cfg_app.o(.constdata)
    OSCfg_IntQSizeRAM                        0x0800b310   Data           4  os_cfg_app.o(.constdata)
    OSCfg_IntQTaskStkBasePtr                 0x0800b314   Data           4  os_cfg_app.o(.constdata)
    OSCfg_IntQTaskStkLimit                   0x0800b318   Data           4  os_cfg_app.o(.constdata)
    OSCfg_IntQTaskStkSize                    0x0800b31c   Data           4  os_cfg_app.o(.constdata)
    OSCfg_IntQTaskStkSizeRAM                 0x0800b320   Data           4  os_cfg_app.o(.constdata)
    OSCfg_ISRStkBasePtr                      0x0800b324   Data           4  os_cfg_app.o(.constdata)
    OSCfg_ISRStkSize                         0x0800b328   Data           4  os_cfg_app.o(.constdata)
    OSCfg_ISRStkSizeRAM                      0x0800b32c   Data           4  os_cfg_app.o(.constdata)
    OSCfg_MsgPoolSize                        0x0800b330   Data           2  os_cfg_app.o(.constdata)
    OSCfg_MsgPoolSizeRAM                     0x0800b334   Data           4  os_cfg_app.o(.constdata)
    OSCfg_MsgPoolBasePtr                     0x0800b338   Data           4  os_cfg_app.o(.constdata)
    OSCfg_StatTaskPrio                       0x0800b33c   Data           1  os_cfg_app.o(.constdata)
    OSCfg_StatTaskRate_Hz                    0x0800b340   Data           4  os_cfg_app.o(.constdata)
    OSCfg_StatTaskStkBasePtr                 0x0800b344   Data           4  os_cfg_app.o(.constdata)
    OSCfg_StatTaskStkLimit                   0x0800b348   Data           4  os_cfg_app.o(.constdata)
    OSCfg_StatTaskStkSize                    0x0800b34c   Data           4  os_cfg_app.o(.constdata)
    OSCfg_StatTaskStkSizeRAM                 0x0800b350   Data           4  os_cfg_app.o(.constdata)
    OSCfg_StkSizeMin                         0x0800b354   Data           4  os_cfg_app.o(.constdata)
    OSCfg_TickRate_Hz                        0x0800b358   Data           4  os_cfg_app.o(.constdata)
    OSCfg_TickTaskPrio                       0x0800b35c   Data           1  os_cfg_app.o(.constdata)
    OSCfg_TickTaskStkBasePtr                 0x0800b360   Data           4  os_cfg_app.o(.constdata)
    OSCfg_TickTaskStkLimit                   0x0800b364   Data           4  os_cfg_app.o(.constdata)
    OSCfg_TickTaskStkSize                    0x0800b368   Data           4  os_cfg_app.o(.constdata)
    OSCfg_TickTaskStkSizeRAM                 0x0800b36c   Data           4  os_cfg_app.o(.constdata)
    OSCfg_TickWheelSize                      0x0800b370   Data           2  os_cfg_app.o(.constdata)
    OSCfg_TickWheelSizeRAM                   0x0800b374   Data           4  os_cfg_app.o(.constdata)
    OSCfg_TmrTaskPrio                        0x0800b378   Data           1  os_cfg_app.o(.constdata)
    OSCfg_TmrTaskRate_Hz                     0x0800b37c   Data           4  os_cfg_app.o(.constdata)
    OSCfg_TmrTaskStkBasePtr                  0x0800b380   Data           4  os_cfg_app.o(.constdata)
    OSCfg_TmrTaskStkLimit                    0x0800b384   Data           4  os_cfg_app.o(.constdata)
    OSCfg_TmrTaskStkSize                     0x0800b388   Data           4  os_cfg_app.o(.constdata)
    OSCfg_TmrTaskStkSizeRAM                  0x0800b38c   Data           4  os_cfg_app.o(.constdata)
    OSCfg_TmrWheelSize                       0x0800b390   Data           2  os_cfg_app.o(.constdata)
    OSCfg_TmrWheelSizeRAM                    0x0800b394   Data           4  os_cfg_app.o(.constdata)
    OSCfg_DataSizeRAM                        0x0800b398   Data           4  os_cfg_app.o(.constdata)
    OSDbg_DbgEn                              0x0800b39c   Data           2  os_dbg.o(.constdata)
    OSDbg_ArgChkEn                           0x0800b39e   Data           1  os_dbg.o(.constdata)
    OSDbg_AppHooksEn                         0x0800b39f   Data           1  os_dbg.o(.constdata)
    OSDbg_EndiannessTest                     0x0800b3a0   Data           4  os_dbg.o(.constdata)
    OSDbg_CalledFromISRChkEn                 0x0800b3a4   Data           1  os_dbg.o(.constdata)
    OSDbg_FlagEn                             0x0800b3a5   Data           1  os_dbg.o(.constdata)
    OSDbg_FlagGrp                            0x0800b3a8   Data          40  os_dbg.o(.constdata)
    OSDbg_FlagDelEn                          0x0800b3d0   Data           1  os_dbg.o(.constdata)
    OSDbg_FlagModeClrEn                      0x0800b3d1   Data           1  os_dbg.o(.constdata)
    OSDbg_FlagPendAbortEn                    0x0800b3d2   Data           1  os_dbg.o(.constdata)
    OSDbg_FlagGrpSize                        0x0800b3d4   Data           2  os_dbg.o(.constdata)
    OSDbg_FlagWidth                          0x0800b3d6   Data           2  os_dbg.o(.constdata)
    OSDbg_IntQ                               0x0800b3d8   Data           2  os_dbg.o(.constdata)
    OSDbg_ISRPostDeferredEn                  0x0800b3da   Data           1  os_dbg.o(.constdata)
    OSDbg_Mem                                0x0800b3dc   Data          32  os_dbg.o(.constdata)
    OSDbg_MemEn                              0x0800b3fc   Data           1  os_dbg.o(.constdata)
    OSDbg_MemSize                            0x0800b3fe   Data           2  os_dbg.o(.constdata)
    OSDbg_MsgEn                              0x0800b400   Data           1  os_dbg.o(.constdata)
    OSDbg_MsgSize                            0x0800b402   Data           2  os_dbg.o(.constdata)
    OSDbg_MsgPoolSize                        0x0800b404   Data           2  os_dbg.o(.constdata)
    OSDbg_MsgQSize                           0x0800b406   Data           2  os_dbg.o(.constdata)
    OSDbg_Mutex                              0x0800b408   Data          44  os_dbg.o(.constdata)
    OSDbg_MutexEn                            0x0800b434   Data           1  os_dbg.o(.constdata)
    OSDbg_MutexDelEn                         0x0800b435   Data           1  os_dbg.o(.constdata)
    OSDbg_MutexPendAbortEn                   0x0800b436   Data           1  os_dbg.o(.constdata)
    OSDbg_MutexSize                          0x0800b438   Data           2  os_dbg.o(.constdata)
    OSDbg_ObjTypeChkEn                       0x0800b43a   Data           1  os_dbg.o(.constdata)
    OSDbg_PendMultiEn                        0x0800b43b   Data           1  os_dbg.o(.constdata)
    OSDbg_PendDataSize                       0x0800b43c   Data           2  os_dbg.o(.constdata)
    OSDbg_PendListSize                       0x0800b43e   Data           2  os_dbg.o(.constdata)
    OSDbg_PendObjSize                        0x0800b440   Data           2  os_dbg.o(.constdata)
    OSDbg_PrioMax                            0x0800b442   Data           2  os_dbg.o(.constdata)
    OSDbg_PrioTblSize                        0x0800b444   Data           2  os_dbg.o(.constdata)
    OSDbg_PtrSize                            0x0800b446   Data           2  os_dbg.o(.constdata)
    OSDbg_Q                                  0x0800b448   Data          48  os_dbg.o(.constdata)
    OSDbg_QEn                                0x0800b478   Data           1  os_dbg.o(.constdata)
    OSDbg_QDelEn                             0x0800b479   Data           1  os_dbg.o(.constdata)
    OSDbg_QFlushEn                           0x0800b47a   Data           1  os_dbg.o(.constdata)
    OSDbg_QPendAbortEn                       0x0800b47b   Data           1  os_dbg.o(.constdata)
    OSDbg_QSize                              0x0800b47c   Data           2  os_dbg.o(.constdata)
    OSDbg_SchedRoundRobinEn                  0x0800b47e   Data           1  os_dbg.o(.constdata)
    OSDbg_Sem                                0x0800b480   Data          40  os_dbg.o(.constdata)
    OSDbg_SemEn                              0x0800b4a8   Data           1  os_dbg.o(.constdata)
    OSDbg_SemDelEn                           0x0800b4a9   Data           1  os_dbg.o(.constdata)
    OSDbg_SemPendAbortEn                     0x0800b4aa   Data           1  os_dbg.o(.constdata)
    OSDbg_SemSetEn                           0x0800b4ab   Data           1  os_dbg.o(.constdata)
    OSDbg_SemSize                            0x0800b4ac   Data           2  os_dbg.o(.constdata)
    OSDbg_RdyList                            0x0800b4ae   Data           2  os_dbg.o(.constdata)
    OSDbg_RdyListSize                        0x0800b4b0   Data           4  os_dbg.o(.constdata)
    OSDbg_StkWidth                           0x0800b4b4   Data           1  os_dbg.o(.constdata)
    OSDbg_StatTaskEn                         0x0800b4b5   Data           1  os_dbg.o(.constdata)
    OSDbg_StatTaskStkChkEn                   0x0800b4b6   Data           1  os_dbg.o(.constdata)
    OSDbg_TaskChangePrioEn                   0x0800b4b7   Data           1  os_dbg.o(.constdata)
    OSDbg_TaskDelEn                          0x0800b4b8   Data           1  os_dbg.o(.constdata)
    OSDbg_TaskQEn                            0x0800b4b9   Data           1  os_dbg.o(.constdata)
    OSDbg_TaskQPendAbortEn                   0x0800b4ba   Data           1  os_dbg.o(.constdata)
    OSDbg_TaskProfileEn                      0x0800b4bb   Data           1  os_dbg.o(.constdata)
    OSDbg_TaskRegTblSize                     0x0800b4bc   Data           2  os_dbg.o(.constdata)
    OSDbg_TaskSemPendAbortEn                 0x0800b4be   Data           1  os_dbg.o(.constdata)
    OSDbg_TaskSuspendEn                      0x0800b4bf   Data           1  os_dbg.o(.constdata)
    OSDbg_TCBSize                            0x0800b4c0   Data           2  os_dbg.o(.constdata)
    OSDbg_TickSpokeSize                      0x0800b4c2   Data           2  os_dbg.o(.constdata)
    OSDbg_TimeDlyHMSMEn                      0x0800b4c4   Data           1  os_dbg.o(.constdata)
    OSDbg_TimeDlyResumeEn                    0x0800b4c5   Data           1  os_dbg.o(.constdata)
    OSDbg_TLS_TblSize                        0x0800b4c6   Data           2  os_dbg.o(.constdata)
    OSDbg_Tmr                                0x0800b4c8   Data          52  os_dbg.o(.constdata)
    OSDbg_TmrEn                              0x0800b4fc   Data           1  os_dbg.o(.constdata)
    OSDbg_TmrDelEn                           0x0800b4fd   Data           1  os_dbg.o(.constdata)
    OSDbg_TmrSize                            0x0800b4fe   Data           2  os_dbg.o(.constdata)
    OSDbg_TmrSpokeSize                       0x0800b500   Data           2  os_dbg.o(.constdata)
    OSDbg_VersionNbr                         0x0800b502   Data           2  os_dbg.o(.constdata)
    OSDbg_DataSize                           0x0800b504   Data           4  os_dbg.o(.constdata)
    Region$$Table$$Base                      0x0800b544   Number         0  anon$$obj.o(Region$$Table)
    Region$$Table$$Limit                     0x0800b564   Number         0  anon$$obj.o(Region$$Table)
    SystemCoreClock                          0x20000000   Data           4  system_stm32f4xx.o(.data)
    WIZCHIP                                  0x20000008   Data          40  wizchip_conf.o(.data)
    sock_pack_info                           0x2000003c   Data           8  socket.o(.data)
    gWIZNETINFO                              0x20000044   Data          23  main.o(.data)
    __stdout                                 0x2000005c   Data           4  main.o(.data)
    CPU_TS_TmrFreq_Hz                        0x20000060   Data           4  cpu_core.o(.data)
    OSPrioTbl                                0x20000064   Data           8  os_prio.o(.data)
    OS_AppTaskCreateHookPtr                  0x2000006c   Data           4  os_var.o(.data)
    OS_AppTaskDelHookPtr                     0x20000070   Data           4  os_var.o(.data)
    OS_AppTaskReturnHookPtr                  0x20000074   Data           4  os_var.o(.data)
    OS_AppIdleTaskHookPtr                    0x20000078   Data           4  os_var.o(.data)
    OS_AppStatTaskHookPtr                    0x2000007c   Data           4  os_var.o(.data)
    OS_AppTaskSwHookPtr                      0x20000080   Data           4  os_var.o(.data)
    OS_AppTimeTickHookPtr                    0x20000084   Data           4  os_var.o(.data)
    OSIdleTaskCtr                            0x20000088   Data           4  os_var.o(.data)
    OSIntNestingCtr                          0x2000008c   Data           1  os_var.o(.data)
    OSRunning                                0x2000008d   Data           1  os_var.o(.data)
    OSIntQInPtr                              0x20000090   Data           4  os_var.o(.data)
    OSIntQOutPtr                             0x20000094   Data           4  os_var.o(.data)
    OSIntQNbrEntries                         0x20000098   Data           2  os_var.o(.data)
    OSIntQNbrEntriesMax                      0x2000009a   Data           2  os_var.o(.data)
    OSIntQOvfCtr                             0x2000009c   Data           2  os_var.o(.data)
    OSIntQTaskTimeMax                        0x200000a0   Data           4  os_var.o(.data)
    OSFlagDbgListPtr                         0x200000a4   Data           4  os_var.o(.data)
    OSFlagQty                                0x200000a8   Data           2  os_var.o(.data)
    OSMemDbgListPtr                          0x200000ac   Data           4  os_var.o(.data)
    OSMemQty                                 0x200000b0   Data           2  os_var.o(.data)
    OSMutexDbgListPtr                        0x200000b4   Data           4  os_var.o(.data)
    OSMutexQty                               0x200000b8   Data           2  os_var.o(.data)
    OSPrioCur                                0x200000ba   Data           1  os_var.o(.data)
    OSPrioHighRdy                            0x200000bb   Data           1  os_var.o(.data)
    OSPrioSaved                              0x200000bc   Data           1  os_var.o(.data)
    OSQDbgListPtr                            0x200000c0   Data           4  os_var.o(.data)
    OSQQty                                   0x200000c4   Data           2  os_var.o(.data)
    OSSchedLockTimeBegin                     0x200000c8   Data           4  os_var.o(.data)
    OSSchedLockTimeMax                       0x200000cc   Data           4  os_var.o(.data)
    OSSchedLockTimeMaxCur                    0x200000d0   Data           4  os_var.o(.data)
    OSSchedLockNestingCtr                    0x200000d4   Data           1  os_var.o(.data)
    OSSchedRoundRobinDfltTimeQuanta          0x200000d8   Data           4  os_var.o(.data)
    OSSchedRoundRobinEn                      0x200000dc   Data           1  os_var.o(.data)
    OSSemDbgListPtr                          0x200000e0   Data           4  os_var.o(.data)
    OSSemQty                                 0x200000e4   Data           2  os_var.o(.data)
    OSStatResetFlag                          0x200000e6   Data           1  os_var.o(.data)
    OSStatTaskCPUUsage                       0x200000e8   Data           2  os_var.o(.data)
    OSStatTaskCPUUsageMax                    0x200000ea   Data           2  os_var.o(.data)
    OSStatTaskCtr                            0x200000ec   Data           4  os_var.o(.data)
    OSStatTaskCtrMax                         0x200000f0   Data           4  os_var.o(.data)
    OSStatTaskCtrRun                         0x200000f4   Data           4  os_var.o(.data)
    OSStatTaskRdy                            0x200000f8   Data           1  os_var.o(.data)
    OSStatTaskTimeMax                        0x200000fc   Data           4  os_var.o(.data)
    OSTaskCtxSwCtr                           0x20000100   Data           4  os_var.o(.data)
    OSTaskDbgListPtr                         0x20000104   Data           4  os_var.o(.data)
    OSTaskQty                                0x20000108   Data           2  os_var.o(.data)
    OSTaskRegNextAvailID                     0x2000010a   Data           1  os_var.o(.data)
    OSTickCtr                                0x2000010c   Data           4  os_var.o(.data)
    OSTickTaskTimeMax                        0x20000110   Data           4  os_var.o(.data)
    OSTmrDbgListPtr                          0x20000114   Data           4  os_var.o(.data)
    OSTmrQty                                 0x20000118   Data           2  os_var.o(.data)
    OSTmrTaskTimeMax                         0x2000011c   Data           4  os_var.o(.data)
    OSTmrTickCtr                             0x20000120   Data           4  os_var.o(.data)
    OSTmrUpdateCnt                           0x20000124   Data           4  os_var.o(.data)
    OSTmrUpdateCtr                           0x20000128   Data           4  os_var.o(.data)
    OSTCBCurPtr                              0x2000012c   Data           4  os_var.o(.data)
    OSTCBHighRdyPtr                          0x20000130   Data           4  os_var.o(.data)
    OS_CPU_ExceptStkBase                     0x20000134   Data           4  os_cpu_c.o(.data)
    gDATABUF                                 0x20000148   Data        2048  main.o(.bss)
    StartTaskTCB                             0x20000948   Data         196  main.o(.bss)
    START_TASK_STK                           0x20000a0c   Data        2048  main.o(.bss)
    Led0TaskTCB                              0x2000120c   Data         196  main.o(.bss)
    LED0_TASK_STK                            0x200012d0   Data        1024  main.o(.bss)
    Led1TaskTCB                              0x200016d0   Data         196  main.o(.bss)
    LED1_TASK_STK                            0x20001794   Data        1024  main.o(.bss)
    hadc1                                    0x20001b94   Data          68  adc.o(.bss)
    hdma_adc1                                0x20001bd8   Data          80  adc.o(.bss)
    huart1                                   0x20001c28   Data          64  usart.o(.bss)
    hspi2                                    0x20001c68   Data          88  spi.o(.bss)
    CPU_Name                                 0x20001cc0   Data          16  cpu_core.o(.bss)
    OSCfg_IdleTaskStk                        0x20001cd0   Data         512  os_cfg_app.o(.bss)
    OSCfg_IntQ                               0x20001ed0   Data         320  os_cfg_app.o(.bss)
    OSCfg_IntQTaskStk                        0x20002010   Data         512  os_cfg_app.o(.bss)
    OSCfg_ISRStk                             0x20002210   Data         512  os_cfg_app.o(.bss)
    OSCfg_MsgPool                            0x20002410   Data        1600  os_cfg_app.o(.bss)
    OSCfg_StatTaskStk                        0x20002a50   Data         512  os_cfg_app.o(.bss)
    OSCfg_TickTaskStk                        0x20002c50   Data         512  os_cfg_app.o(.bss)
    OSCfg_TickWheel                          0x20002e50   Data         136  os_cfg_app.o(.bss)
    OSCfg_TmrTaskStk                         0x20002ed8   Data         512  os_cfg_app.o(.bss)
    OSCfg_TmrWheel                           0x200030d8   Data         136  os_cfg_app.o(.bss)
    OSIdleTaskTCB                            0x20003160   Data         196  os_var.o(.bss)
    OSIntQTaskTCB                            0x20003224   Data         196  os_var.o(.bss)
    OSMsgPool                                0x200032e8   Data          12  os_var.o(.bss)
    OSRdyList                                0x200032f4   Data         768  os_var.o(.bss)
    OSStatTaskTCB                            0x200035f4   Data         196  os_var.o(.bss)
    OSTickTaskTCB                            0x200036b8   Data         196  os_var.o(.bss)
    OSTmrTaskTCB                             0x2000377c   Data         196  os_var.o(.bss)
    __libspace_start                         0x20003840   Data          96  libspace.o(.bss)
    __temporary_stack_top$libspace           0x200038a0   Data           0  libspace.o(.bss)



==============================================================================

Memory Map of the image

  Image Entry point : 0x08000189

  Load Region LR_IROM1 (Base: 0x08000000, Size: 0x0000b69c, Max: 0x00100000, ABSOLUTE, COMPRESSED[0x0000b5a0])

    Execution Region ER_IROM1 (Base: 0x08000000, Size: 0x0000b564, Max: 0x00100000, ABSOLUTE)

    Base Addr    Size         Type   Attr      Idx    E Section Name        Object

    0x08000000   0x00000188   Data   RO         2461    RESET               startup_stm32f407xx.o
    0x08000188   0x00000008   Code   RO         4849  * !!!main             c_w.l(__main.o)
    0x08000190   0x00000034   Code   RO         5028    !!!scatter          c_w.l(__scatter.o)
    0x080001c4   0x0000005a   Code   RO         5026    !!dczerorl2         c_w.l(__dczerorl2.o)
    0x0800021e   0x00000002   PAD
    0x08000220   0x0000001c   Code   RO         5030    !!handler_zi        c_w.l(__scatter_zi.o)
    0x0800023c   0x00000000   Code   RO         4846    .ARM.Collect$$_printf_percent$$00000000  c_w.l(_printf_percent.o)
    0x0800023c   0x00000006   Code   RO         4845    .ARM.Collect$$_printf_percent$$00000009  c_w.l(_printf_d.o)
    0x08000242   0x00000006   Code   RO         4844    .ARM.Collect$$_printf_percent$$0000000C  c_w.l(_printf_x.o)
    0x08000248   0x00000006   Code   RO         4843    .ARM.Collect$$_printf_percent$$00000014  c_w.l(_printf_s.o)
    0x0800024e   0x00000004   Code   RO         4864    .ARM.Collect$$_printf_percent$$00000017  c_w.l(_printf_percent_end.o)
    0x08000252   0x00000002   Code   RO         4903    .ARM.Collect$$libinit$$00000000  c_w.l(libinit.o)
    0x08000254   0x00000004   Code   RO         4915    .ARM.Collect$$libinit$$00000001  c_w.l(libinit2.o)
    0x08000258   0x00000000   Code   RO         4919    .ARM.Collect$$libinit$$00000008  c_w.l(libinit2.o)
    0x08000258   0x00000000   Code   RO         4921    .ARM.Collect$$libinit$$0000000A  c_w.l(libinit2.o)
    0x08000258   0x00000000   Code   RO         4923    .ARM.Collect$$libinit$$0000000C  c_w.l(libinit2.o)
    0x08000258   0x00000000   Code   RO         4926    .ARM.Collect$$libinit$$0000000F  c_w.l(libinit2.o)
    0x08000258   0x00000000   Code   RO         4928    .ARM.Collect$$libinit$$00000011  c_w.l(libinit2.o)
    0x08000258   0x00000000   Code   RO         4930    .ARM.Collect$$libinit$$00000013  c_w.l(libinit2.o)
    0x08000258   0x00000000   Code   RO         4932    .ARM.Collect$$libinit$$00000015  c_w.l(libinit2.o)
    0x08000258   0x00000000   Code   RO         4934    .ARM.Collect$$libinit$$00000017  c_w.l(libinit2.o)
    0x08000258   0x00000000   Code   RO         4936    .ARM.Collect$$libinit$$00000019  c_w.l(libinit2.o)
    0x08000258   0x00000000   Code   RO         4938    .ARM.Collect$$libinit$$0000001B  c_w.l(libinit2.o)
    0x08000258   0x00000000   Code   RO         4940    .ARM.Collect$$libinit$$0000001D  c_w.l(libinit2.o)
    0x08000258   0x00000000   Code   RO         4942    .ARM.Collect$$libinit$$0000001F  c_w.l(libinit2.o)
    0x08000258   0x00000000   Code   RO         4944    .ARM.Collect$$libinit$$00000021  c_w.l(libinit2.o)
    0x08000258   0x00000000   Code   RO         4946    .ARM.Collect$$libinit$$00000023  c_w.l(libinit2.o)
    0x08000258   0x00000000   Code   RO         4950    .ARM.Collect$$libinit$$0000002A  c_w.l(libinit2.o)
    0x08000258   0x00000000   Code   RO         4952    .ARM.Collect$$libinit$$0000002C  c_w.l(libinit2.o)
    0x08000258   0x00000000   Code   RO         4954    .ARM.Collect$$libinit$$0000002E  c_w.l(libinit2.o)
    0x08000258   0x00000000   Code   RO         4956    .ARM.Collect$$libinit$$00000030  c_w.l(libinit2.o)
    0x08000258   0x00000002   Code   RO         4957    .ARM.Collect$$libinit$$00000031  c_w.l(libinit2.o)
    0x0800025a   0x00000002   Code   RO         4983    .ARM.Collect$$libshutdown$$00000000  c_w.l(libshutdown.o)
    0x0800025c   0x00000000   Code   RO         5011    .ARM.Collect$$libshutdown$$00000003  c_w.l(libshutdown2.o)
    0x0800025c   0x00000000   Code   RO         5014    .ARM.Collect$$libshutdown$$00000006  c_w.l(libshutdown2.o)
    0x0800025c   0x00000000   Code   RO         5017    .ARM.Collect$$libshutdown$$00000009  c_w.l(libshutdown2.o)
    0x0800025c   0x00000000   Code   RO         5019    .ARM.Collect$$libshutdown$$0000000B  c_w.l(libshutdown2.o)
    0x0800025c   0x00000000   Code   RO         5022    .ARM.Collect$$libshutdown$$0000000E  c_w.l(libshutdown2.o)
    0x0800025c   0x00000002   Code   RO         5023    .ARM.Collect$$libshutdown$$0000000F  c_w.l(libshutdown2.o)
    0x0800025e   0x00000000   Code   RO         4853    .ARM.Collect$$rtentry$$00000000  c_w.l(rtentry.o)
    0x0800025e   0x00000000   Code   RO         4866    .ARM.Collect$$rtentry$$00000002  c_w.l(rtentry2.o)
    0x0800025e   0x00000006   Code   RO         4878    .ARM.Collect$$rtentry$$00000004  c_w.l(rtentry4.o)
    0x08000264   0x00000000   Code   RO         4868    .ARM.Collect$$rtentry$$00000009  c_w.l(rtentry2.o)
    0x08000264   0x00000004   Code   RO         4869    .ARM.Collect$$rtentry$$0000000A  c_w.l(rtentry2.o)
    0x08000268   0x00000000   Code   RO         4871    .ARM.Collect$$rtentry$$0000000C  c_w.l(rtentry2.o)
    0x08000268   0x00000008   Code   RO         4872    .ARM.Collect$$rtentry$$0000000D  c_w.l(rtentry2.o)
    0x08000270   0x00000002   Code   RO         4907    .ARM.Collect$$rtexit$$00000000  c_w.l(rtexit.o)
    0x08000272   0x00000000   Code   RO         4959    .ARM.Collect$$rtexit$$00000002  c_w.l(rtexit2.o)
    0x08000272   0x00000004   Code   RO         4960    .ARM.Collect$$rtexit$$00000003  c_w.l(rtexit2.o)
    0x08000276   0x00000006   Code   RO         4961    .ARM.Collect$$rtexit$$00000004  c_w.l(rtexit2.o)
    0x0800027c   0x00000040   Code   RO         2462    .text               startup_stm32f407xx.o
    0x080002bc   0x00000034   Code   RO         3094    .text               cpu_a.o
    0x080002f0   0x00000002   Code   RO         4786    .text               c_w.l(use_no_semi_2.o)
    0x080002f2   0x00000002   PAD
    0x080002f4   0x00000018   Code   RO         4792    .text               c_w.l(noretval__2printf.o)
    0x0800030c   0x0000004e   Code   RO         4796    .text               c_w.l(_printf_pad.o)
    0x0800035a   0x00000052   Code   RO         4798    .text               c_w.l(_printf_str.o)
    0x080003ac   0x00000074   Code   RO         4800    .text               c_w.l(_printf_dec.o)
    0x08000420   0x00000058   Code   RO         4805    .text               c_w.l(_printf_hex_int.o)
    0x08000478   0x00000188   Code   RO         4840    .text               c_w.l(__printf_flags_ss_wp.o)
    0x08000600   0x00000006   Code   RO         4847    .text               c_w.l(heapauxi.o)
    0x08000606   0x00000002   Code   RO         4851    .text               c_w.l(use_no_semi.o)
    0x08000608   0x000000b2   Code   RO         4858    .text               c_w.l(_printf_intcommon.o)
    0x080006ba   0x0000002c   Code   RO         4860    .text               c_w.l(_printf_char.o)
    0x080006e6   0x00000002   PAD
    0x080006e8   0x00000024   Code   RO         4862    .text               c_w.l(_printf_char_file.o)
    0x0800070c   0x00000030   Code   RO         4882    .text               c_w.l(_printf_char_common.o)
    0x0800073c   0x00000008   Code   RO         4884    .text               c_w.l(ferror.o)
    0x08000744   0x0000004a   Code   RO         4888    .text               c_w.l(sys_stackheap_outer.o)
    0x0800078e   0x0000000c   Code   RO         4892    .text               c_w.l(exit.o)
    0x0800079a   0x00000002   PAD
    0x0800079c   0x00000008   Code   RO         4904    .text               c_w.l(libspace.o)
    0x080007a4   0x000000ac   Code   RO         4712    CODE                os_cpu_a.o
    0x08000850   0x00000178   Code   RO          918    i.ADC_Init          stm32f4xx_hal_adc.o
    0x080009c8   0x00000008   Code   RO         2868    i.BSP_CPU_ClkFreq   bsp.o
    0x080009d0   0x0000000c   Code   RO         2922    i.CPU_Init          cpu_core.o
    0x080009dc   0x00000030   Code   RO         2923    i.CPU_NameClr       cpu_core.o
    0x08000a0c   0x00000008   Code   RO         2925    i.CPU_NameInit      cpu_core.o
    0x08000a14   0x00000014   Code   RO         2929    i.CPU_TS_Init       cpu_core.o
    0x08000a28   0x0000000c   Code   RO         2931    i.CPU_TS_TmrFreqSet  cpu_core.o
    0x08000a34   0x00000034   Code   RO         2870    i.CPU_TS_TmrInit    bsp.o
    0x08000a68   0x0000000c   Code   RO         2871    i.CPU_TS_TmrRd      bsp.o
    0x08000a74   0x00000010   Code   RO         2469    i.DMA2_Stream0_IRQHandler  stm32f4xx_it.o
    0x08000a84   0x00000194   Code   RO          920    i.HAL_ADC_ConfigChannel  stm32f4xx_hal_adc.o
    0x08000c18   0x00000050   Code   RO          929    i.HAL_ADC_Init      stm32f4xx_hal_adc.o
    0x08000c68   0x00000090   Code   RO         2695    i.HAL_ADC_MspInit   adc.o
    0x08000cf8   0x00002638   Code   RO          530    i.HAL_DMA_IRQHandler  stm32f4xx_hal_dma.o
    0x08003330   0x0000007c   Code   RO          531    i.HAL_DMA_Init      stm32f4xx_hal_dma.o
    0x080033ac   0x00000208   Code   RO          734    i.HAL_GPIO_Init     stm32f4xx_hal_gpio.o
    0x080035b4   0x0000000c   Code   RO          738    i.HAL_GPIO_WritePin  stm32f4xx_hal_gpio.o
    0x080035c0   0x0000000c   Code   RO          252    i.HAL_GetTick       stm32f4xx_hal.o
    0x080035cc   0x00000010   Code   RO          253    i.HAL_IncTick       stm32f4xx_hal.o
    0x080035dc   0x0000003c   Code   RO          254    i.HAL_Init          stm32f4xx_hal.o
    0x08003618   0x00000024   Code   RO          255    i.HAL_InitTick      stm32f4xx_hal.o
    0x0800363c   0x00000014   Code   RO         2670    i.HAL_MspInit       stm32f4xx_hal_msp.o
    0x08003650   0x0000001a   Code   RO          387    i.HAL_NVIC_EnableIRQ  stm32f4xx_hal_cortex.o
    0x0800366a   0x0000007c   Code   RO          393    i.HAL_NVIC_SetPriority  stm32f4xx_hal_cortex.o
    0x080036e6   0x00000002   PAD
    0x080036e8   0x00000028   Code   RO          394    i.HAL_NVIC_SetPriorityGrouping  stm32f4xx_hal_cortex.o
    0x08003710   0x000002b0   Code   RO         1086    i.HAL_RCC_ClockConfig  stm32f4xx_hal_rcc.o
    0x080039c0   0x00000038   Code   RO         1091    i.HAL_RCC_GetHCLKFreq  stm32f4xx_hal_rcc.o
    0x080039f8   0x0000002c   Code   RO         1093    i.HAL_RCC_GetPCLK1Freq  stm32f4xx_hal_rcc.o
    0x08003a24   0x0000002c   Code   RO         1094    i.HAL_RCC_GetPCLK2Freq  stm32f4xx_hal_rcc.o
    0x08003a50   0x000000b4   Code   RO         1095    i.HAL_RCC_GetSysClockFreq  stm32f4xx_hal_rcc.o
    0x08003b04   0x00000404   Code   RO         1098    i.HAL_RCC_OscConfig  stm32f4xx_hal_rcc.o
    0x08003f08   0x00000088   Code   RO         1655    i.HAL_SPI_Init      stm32f4xx_hal_spi.o
    0x08003f90   0x00000078   Code   RO         2827    i.HAL_SPI_MspInit   spi.o
    0x08004008   0x0000023c   Code   RO         1658    i.HAL_SPI_Receive   stm32f4xx_hal_spi.o
    0x08004244   0x000001be   Code   RO         1663    i.HAL_SPI_Transmit  stm32f4xx_hal_spi.o
    0x08004402   0x00000352   Code   RO         1664    i.HAL_SPI_TransmitReceive  stm32f4xx_hal_spi.o
    0x08004754   0x00000028   Code   RO          396    i.HAL_SYSTICK_CLKSourceConfig  stm32f4xx_hal_cortex.o
    0x0800477c   0x00000010   Code   RO         2509    i.HAL_SYSTICK_Callback  main.o
    0x0800478c   0x00000034   Code   RO          398    i.HAL_SYSTICK_Config  stm32f4xx_hal_cortex.o
    0x080047c0   0x00000008   Code   RO          399    i.HAL_SYSTICK_IRQHandler  stm32f4xx_hal_cortex.o
    0x080047c8   0x00000002   Code   RO         1363    i.HAL_UART_ErrorCallback  stm32f4xx_hal_uart.o
    0x080047ca   0x00000120   Code   RO         1366    i.HAL_UART_IRQHandler  stm32f4xx_hal_uart.o
    0x080048ea   0x0000006e   Code   RO         1367    i.HAL_UART_Init     stm32f4xx_hal_uart.o
    0x08004958   0x00000068   Code   RO         2785    i.HAL_UART_MspInit  usart.o
    0x080049c0   0x00000002   Code   RO         1373    i.HAL_UART_RxCpltCallback  stm32f4xx_hal_uart.o
    0x080049c2   0x000000f0   Code   RO         1375    i.HAL_UART_Transmit  stm32f4xx_hal_uart.o
    0x08004ab2   0x00000002   Code   RO         1378    i.HAL_UART_TxCpltCallback  stm32f4xx_hal_uart.o
    0x08004ab4   0x0000004c   Code   RO         2696    i.MX_ADC1_Init      adc.o
    0x08004b00   0x00000034   Code   RO         2736    i.MX_DMA_Init       dma.o
    0x08004b34   0x000000c8   Code   RO         2760    i.MX_GPIO_Init      gpio.o
    0x08004bfc   0x00000040   Code   RO         2828    i.MX_SPI2_Init      spi.o
    0x08004c3c   0x00000030   Code   RO         2786    i.MX_USART1_UART_Init  usart.o
    0x08004c6c   0x00000012   Code   RO         3238    i.Mem_Clr           lib_mem.o
    0x08004c7e   0x00000054   Code   RO         3254    i.Mem_Set           lib_mem.o
    0x08004cd2   0x00000002   PAD
    0x08004cd4   0x00000010   Code   RO          400    i.NVIC_GetPriorityGrouping  stm32f4xx_hal_cortex.o
    0x08004ce4   0x00000028   Code   RO          401    i.NVIC_SetPriority  stm32f4xx_hal_cortex.o
    0x08004d0c   0x000000fc   Code   RO         3507    i.OSCfg_Init        os_cfg_app.o
    0x08004e08   0x00000014   Code   RO         4625    i.OSIdleTaskHook    os_cpu_c.o
    0x08004e1c   0x0000018c   Code   RO         3530    i.OSInit            os_core.o
    0x08004fa8   0x00000028   Code   RO         4626    i.OSInitHook        os_cpu_c.o
    0x08004fd0   0x0000002c   Code   RO         3531    i.OSIntEnter        os_core.o
    0x08004ffc   0x000000dc   Code   RO         3532    i.OSIntExit         os_core.o
    0x080050d8   0x000000a0   Code   RO         3533    i.OSSched           os_core.o
    0x08005178   0x00000074   Code   RO         3534    i.OSSchedLock       os_core.o
    0x080051ec   0x00000064   Code   RO         3535    i.OSSchedRoundRobinCfg  os_core.o
    0x08005250   0x00000094   Code   RO         3537    i.OSSchedUnlock     os_core.o
    0x080052e4   0x00000068   Code   RO         3538    i.OSStart           os_core.o
    0x0800534c   0x00000138   Code   RO         4230    i.OSStatReset       os_stat.o
    0x08005484   0x000000f0   Code   RO         4231    i.OSStatTaskCPUUsageInit  os_stat.o
    0x08005574   0x00000014   Code   RO         4627    i.OSStatTaskHook    os_cpu_c.o
    0x08005588   0x0000025c   Code   RO         4261    i.OSTaskCreate      os_task.o
    0x080057e4   0x00000018   Code   RO         4628    i.OSTaskCreateHook  os_cpu_c.o
    0x080057fc   0x000001c4   Code   RO         4262    i.OSTaskDel         os_task.o
    0x080059c0   0x00000018   Code   RO         4629    i.OSTaskDelHook     os_cpu_c.o
    0x080059d8   0x0000007c   Code   RO         4270    i.OSTaskResume      os_task.o
    0x08005a54   0x00000018   Code   RO         4630    i.OSTaskReturnHook  os_cpu_c.o
    0x08005a6c   0x00000214   Code   RO         4271    i.OSTaskSemPend     os_task.o
    0x08005c80   0x000000d4   Code   RO         4275    i.OSTaskStkChk      os_task.o
    0x08005d54   0x0000025c   Code   RO         4631    i.OSTaskStkInit     os_cpu_c.o
    0x08005fb0   0x00000060   Code   RO         4276    i.OSTaskSuspend     os_task.o
    0x08006010   0x00000088   Code   RO         4632    i.OSTaskSwHook      os_cpu_c.o
    0x08006098   0x00000118   Code   RO         4476    i.OSTimeDly         os_time.o
    0x080061b0   0x00000044   Code   RO         4481    i.OSTimeTick        os_time.o
    0x080061f4   0x00000014   Code   RO         4633    i.OSTimeTickHook    os_cpu_c.o
    0x08006208   0x000001b0   Code   RO         3776    i.OS_Dbg_Init       os_dbg.o
    0x080063b8   0x00000018   Code   RO         3801    i.OS_FlagInit       os_flag.o
    0x080063d0   0x00000230   Code   RO         3802    i.OS_FlagPost       os_flag.o
    0x08006600   0x00000056   Code   RO         3803    i.OS_FlagTaskRdy    os_flag.o
    0x08006656   0x00000002   PAD
    0x08006658   0x00000044   Code   RO         3540    i.OS_IdleTask       os_core.o
    0x0800669c   0x00000070   Code   RO         3541    i.OS_IdleTaskInit   os_core.o
    0x0800670c   0x000000fc   Code   RO         3875    i.OS_IntQPost       os_int.o
    0x08006808   0x000001a4   Code   RO         3876    i.OS_IntQRePost     os_int.o
    0x080069ac   0x000000b4   Code   RO         3877    i.OS_IntQTask       os_int.o
    0x08006a60   0x00000128   Code   RO         3878    i.OS_IntQTaskInit   os_int.o
    0x08006b88   0x00000018   Code   RO         3909    i.OS_MemInit        os_mem.o
    0x08006ba0   0x00000036   Code   RO         3941    i.OS_MsgPoolCreate  os_msg.o
    0x08006bd6   0x00000002   PAD
    0x08006bd8   0x00000054   Code   RO         3942    i.OS_MsgPoolInit    os_msg.o
    0x08006c2c   0x00000044   Code   RO         3943    i.OS_MsgQFreeAll    os_msg.o
    0x08006c70   0x0000000e   Code   RO         3945    i.OS_MsgQInit       os_msg.o
    0x08006c7e   0x00000002   PAD
    0x08006c80   0x000000fc   Code   RO         3946    i.OS_MsgQPut        os_msg.o
    0x08006d7c   0x00000018   Code   RO         3991    i.OS_MutexInit      os_mutex.o
    0x08006d94   0x00000068   Code   RO         3542    i.OS_Pend           os_core.o
    0x08006dfc   0x00000026   Code   RO         3545    i.OS_PendDataInit   os_core.o
    0x08006e22   0x00000002   PAD
    0x08006e24   0x0000005c   Code   RO         3546    i.OS_PendDbgNameAdd  os_core.o
    0x08006e80   0x00000024   Code   RO         3547    i.OS_PendDbgNameRemove  os_core.o
    0x08006ea4   0x00000066   Code   RO         3551    i.OS_PendListInsertPrio  os_core.o
    0x08006f0a   0x00000030   Code   RO         3552    i.OS_PendListRemove  os_core.o
    0x08006f3a   0x00000042   Code   RO         3553    i.OS_PendListRemove1  os_core.o
    0x08006f7c   0x000000c0   Code   RO         3556    i.OS_Post           os_core.o
    0x0800703c   0x0000002a   Code   RO         3557    i.OS_Post1          os_core.o
    0x08007066   0x00000002   PAD
    0x08007068   0x00000028   Code   RO         4049    i.OS_PrioGetHighest  os_prio.o
    0x08007090   0x00000018   Code   RO         4050    i.OS_PrioInit       os_prio.o
    0x080070a8   0x00000024   Code   RO         4051    i.OS_PrioInsert     os_prio.o
    0x080070cc   0x00000024   Code   RO         4052    i.OS_PrioRemove     os_prio.o
    0x080070f0   0x00000018   Code   RO         4095    i.OS_QInit          os_q.o
    0x08007108   0x0000014c   Code   RO         4096    i.OS_QPost          os_q.o
    0x08007254   0x00000024   Code   RO         3558    i.OS_RdyListInit    os_core.o
    0x08007278   0x0000002c   Code   RO         3559    i.OS_RdyListInsert  os_core.o
    0x080072a4   0x00000040   Code   RO         3560    i.OS_RdyListInsertHead  os_core.o
    0x080072e4   0x0000003c   Code   RO         3561    i.OS_RdyListInsertTail  os_core.o
    0x08007320   0x00000044   Code   RO         3562    i.OS_RdyListMoveHeadToTail  os_core.o
    0x08007364   0x0000005c   Code   RO         3563    i.OS_RdyListRemove  os_core.o
    0x080073c0   0x00000054   Code   RO         3564    i.OS_Sched0         os_core.o
    0x08007414   0x0000001c   Code   RO         3565    i.OS_SchedLockTimeMeasStart  os_core.o
    0x08007430   0x0000003c   Code   RO         3566    i.OS_SchedLockTimeMeasStop  os_core.o
    0x0800746c   0x000000d0   Code   RO         3567    i.OS_SchedRoundRobin  os_core.o
    0x0800753c   0x00000018   Code   RO         4167    i.OS_SemInit        os_sem.o
    0x08007554   0x00000164   Code   RO         4168    i.OS_SemPost        os_sem.o
    0x080076b8   0x0000035c   Code   RO         4232    i.OS_StatTask       os_stat.o
    0x08007a14   0x000000cc   Code   RO         4233    i.OS_StatTaskInit   os_stat.o
    0x08007ae0   0x00000038   Code   RO         3568    i.OS_TaskBlock      os_core.o
    0x08007b18   0x00000030   Code   RO         4278    i.OS_TaskDbgListAdd  os_task.o
    0x08007b48   0x00000044   Code   RO         4279    i.OS_TaskDbgListRemove  os_task.o
    0x08007b8c   0x00000020   Code   RO         4280    i.OS_TaskInit       os_task.o
    0x08007bac   0x000000c8   Code   RO         4281    i.OS_TaskInitTCB    os_task.o
    0x08007c74   0x0000020c   Code   RO         4282    i.OS_TaskQPost      os_task.o
    0x08007e80   0x0000001c   Code   RO         3569    i.OS_TaskRdy        os_core.o
    0x08007e9c   0x00000140   Code   RO         4283    i.OS_TaskResume     os_task.o
    0x08007fdc   0x00000018   Code   RO         4284    i.OS_TaskReturn     os_task.o
    0x08007ff4   0x000004c4   Code   RO         4285    i.OS_TaskSemPost    os_task.o
    0x080084b8   0x00000150   Code   RO         4286    i.OS_TaskSuspend    os_task.o
    0x08008608   0x00000028   Code   RO         4428    i.OS_TickListInit   os_tick.o
    0x08008630   0x000001bc   Code   RO         4429    i.OS_TickListInsert  os_tick.o
    0x080087ec   0x00000038   Code   RO         4430    i.OS_TickListRemove  os_tick.o
    0x08008824   0x00000024   Code   RO         4431    i.OS_TickListResetPeak  os_tick.o
    0x08008848   0x000001f8   Code   RO         4432    i.OS_TickListUpdate  os_tick.o
    0x08008a40   0x0000002c   Code   RO         4433    i.OS_TickTask       os_tick.o
    0x08008a6c   0x000000b8   Code   RO         4434    i.OS_TickTaskInit   os_tick.o
    0x08008b24   0x00000128   Code   RO         4527    i.OS_TmrInit        os_tmr.o
    0x08008c4c   0x000000d0   Code   RO         4528    i.OS_TmrLink        os_tmr.o
    0x08008d1c   0x00000024   Code   RO         4529    i.OS_TmrResetPeak   os_tmr.o
    0x08008d40   0x000000c0   Code   RO         4530    i.OS_TmrTask        os_tmr.o
    0x08008e00   0x00000050   Code   RO         4531    i.OS_TmrUnlink      os_tmr.o
    0x08008e50   0x00000114   Code   RO         1686    i.SPI_WaitOnFlagUntilTimeout  stm32f4xx_hal_spi.o
    0x08008f64   0x0000000c   Code   RO         2470    i.SysTick_Handler   stm32f4xx_it.o
    0x08008f70   0x000000a8   Code   RO         2510    i.SystemClock_Config  main.o
    0x08009018   0x00000064   Code   RO            5    i.SystemInit        system_stm32f4xx.o
    0x0800907c   0x00000048   Code   RO         1385    i.UART_EndTransmit_IT  stm32f4xx_hal_uart.o
    0x080090c4   0x000000bc   Code   RO         1386    i.UART_Receive_IT   stm32f4xx_hal_uart.o
    0x08009180   0x00000224   Code   RO         1387    i.UART_SetConfig    stm32f4xx_hal_uart.o
    0x080093a4   0x00000070   Code   RO         1388    i.UART_Transmit_IT  stm32f4xx_hal_uart.o
    0x08009414   0x000000fa   Code   RO         1389    i.UART_WaitOnFlagUntilTimeout  stm32f4xx_hal_uart.o
    0x0800950e   0x00000002   PAD
    0x08009510   0x00000010   Code   RO         2471    i.USART1_IRQHandler  stm32f4xx_it.o
    0x08009520   0x00000074   Code   RO         1888    i.WIZCHIP_READ      w5500.o
    0x08009594   0x0000008c   Code   RO         1889    i.WIZCHIP_READ_BUF  w5500.o
    0x08009620   0x00000074   Code   RO         1890    i.WIZCHIP_WRITE     w5500.o
    0x08009694   0x00000088   Code   RO         1891    i.WIZCHIP_WRITE_BUF  w5500.o
    0x0800971c   0x0000000e   Code   RO         4833    i._is_digit         c_w.l(__printf_wp.o)
    0x0800972a   0x00000008   Code   RO         2511    i._sys_exit         main.o
    0x08009732   0x00000002   PAD
    0x08009734   0x000000a0   Code   RO         2209    i.close             socket.o
    0x080097d4   0x00000050   Code   RO         1958    i.ctlnetwork        wizchip_conf.o
    0x08009824   0x00000118   Code   RO         1959    i.ctlwizchip        wizchip_conf.o
    0x0800993c   0x000000bc   Code   RO         2212    i.disconnect        socket.o
    0x080099f8   0x00000018   Code   RO         2512    i.fputc             main.o
    0x08009a10   0x0000006c   Code   RO         1892    i.getSn_RX_RSR      w5500.o
    0x08009a7c   0x0000006c   Code   RO         1893    i.getSn_TX_FSR      w5500.o
    0x08009ae8   0x00000134   Code   RO         2513    i.led0_task         main.o
    0x08009c1c   0x00000038   Code   RO         2514    i.led1_task         main.o
    0x08009c54   0x000000b0   Code   RO         2214    i.listen            socket.o
    0x08009d04   0x000001d4   Code   RO         2433    i.loopback_tcps     loopback.o
    0x08009ed8   0x0000011c   Code   RO         2434    i.loopback_udps     loopback.o
    0x08009ff4   0x00000104   Code   RO         2515    i.main              main.o
    0x0800a0f8   0x0000014c   Code   RO         2516    i.network_init      main.o
    0x0800a244   0x00000120   Code   RO         2215    i.recv              socket.o
    0x0800a364   0x0000026c   Code   RO         2216    i.recvfrom          socket.o
    0x0800a5d0   0x00000034   Code   RO         1963    i.reg_wizchip_spi_cbfunc  wizchip_conf.o
    0x0800a604   0x00000034   Code   RO         1964    i.reg_wizchip_spiburst_cbfunc  wizchip_conf.o
    0x0800a638   0x00000180   Code   RO         2217    i.send              socket.o
    0x0800a7b8   0x000001d4   Code   RO         2218    i.sendto            socket.o
    0x0800a98c   0x00000190   Code   RO         2220    i.socket            socket.o
    0x0800ab1c   0x0000014c   Code   RO         2517    i.start_task        main.o
    0x0800ac68   0x00000084   Code   RO         1894    i.wiz_recv_data     w5500.o
    0x0800acec   0x00000066   Code   RO         1895    i.wiz_recv_ignore   w5500.o
    0x0800ad52   0x00000084   Code   RO         1896    i.wiz_send_data     w5500.o
    0x0800add6   0x00000006   Code   RO         1965    i.wizchip_bus_readdata  wizchip_conf.o
    0x0800addc   0x00000004   Code   RO         1966    i.wizchip_bus_writedata  wizchip_conf.o
    0x0800ade0   0x00000020   Code   RO         1967    i.wizchip_clrinterrupt  wizchip_conf.o
    0x0800ae00   0x00000002   Code   RO         1968    i.wizchip_cris_enter  wizchip_conf.o
    0x0800ae02   0x00000002   Code   RO         1969    i.wizchip_cris_exit  wizchip_conf.o
    0x0800ae04   0x00000014   Code   RO         1970    i.wizchip_cs_deselect  wizchip_conf.o
    0x0800ae18   0x00000014   Code   RO         1971    i.wizchip_cs_select  wizchip_conf.o
    0x0800ae2c   0x0000002a   Code   RO         1972    i.wizchip_getinterrupt  wizchip_conf.o
    0x0800ae56   0x00000028   Code   RO         1973    i.wizchip_getinterruptmask  wizchip_conf.o
    0x0800ae7e   0x00000002   PAD
    0x0800ae80   0x0000005c   Code   RO         1974    i.wizchip_getnetinfo  wizchip_conf.o
    0x0800aedc   0x0000000a   Code   RO         1975    i.wizchip_getnetmode  wizchip_conf.o
    0x0800aee6   0x00000028   Code   RO         1976    i.wizchip_gettimeout  wizchip_conf.o
    0x0800af0e   0x00000090   Code   RO         1977    i.wizchip_init      wizchip_conf.o
    0x0800af9e   0x0000001e   Code   RO         1978    i.wizchip_setinterruptmask  wizchip_conf.o
    0x0800afbc   0x00000058   Code   RO         1979    i.wizchip_setnetinfo  wizchip_conf.o
    0x0800b014   0x00000026   Code   RO         1980    i.wizchip_setnetmode  wizchip_conf.o
    0x0800b03a   0x00000026   Code   RO         1981    i.wizchip_settimeout  wizchip_conf.o
    0x0800b060   0x00000018   Code   RO         1982    i.wizchip_spi_readburst  wizchip_conf.o
    0x0800b078   0x00000018   Code   RO         1983    i.wizchip_spi_readbyte  wizchip_conf.o
    0x0800b090   0x00000018   Code   RO         1984    i.wizchip_spi_writeburst  wizchip_conf.o
    0x0800b0a8   0x00000014   Code   RO         1985    i.wizchip_spi_writebyte  wizchip_conf.o
    0x0800b0bc   0x00000072   Code   RO         1986    i.wizchip_sw_reset  wizchip_conf.o
    0x0800b12e   0x00000078   Code   RO         1987    i.wizphy_getphyconf  wizchip_conf.o
    0x0800b1a6   0x0000001a   Code   RO         1988    i.wizphy_getphylink  wizchip_conf.o
    0x0800b1c0   0x0000001c   Code   RO         1989    i.wizphy_getphypmode  wizchip_conf.o
    0x0800b1dc   0x00000034   Code   RO         1991    i.wizphy_reset      wizchip_conf.o
    0x0800b210   0x00000058   Code   RO         1992    i.wizphy_setphyconf  wizchip_conf.o
    0x0800b268   0x00000064   Code   RO         1993    i.wizphy_setphypmode  wizchip_conf.o
    0x0800b2cc   0x0000000a   Code   RO         4971    x$fpl$fpinit        fz_wm.l(fpinit.o)
    0x0800b2d6   0x00000010   Data   RO         1099    .constdata          stm32f4xx_hal_rcc.o
    0x0800b2e6   0x00000002   PAD
    0x0800b2e8   0x00000010   Data   RO         2519    .constdata          main.o
    0x0800b2f8   0x000000a4   Data   RO         3509    .constdata          os_cfg_app.o
    0x0800b39c   0x0000016c   Data   RO         3777    .constdata          os_dbg.o
    0x0800b508   0x00000028   Data   RO         4806    .constdata          c_w.l(_printf_hex_int.o)
    0x0800b530   0x00000011   Data   RO         4841    .constdata          c_w.l(__printf_flags_ss_wp.o)
    0x0800b541   0x00000003   PAD
    0x0800b544   0x00000020   Data   RO         5024    Region$$Table       anon$$obj.o


    Execution Region RW_IRAM1 (Base: 0x20000000, Size: 0x00003ea0, Max: 0x00020000, ABSOLUTE, COMPRESSED[0x0000003c])

    Base Addr    Size         Type   Attr      Idx    E Section Name        Object

    0x20000000   0x00000004   Data   RW            7    .data               system_stm32f4xx.o
    0x20000004   0x00000004   Data   RW          260    .data               stm32f4xx_hal.o
    0x20000008   0x0000002d   Data   RW         1994    .data               wizchip_conf.o
    0x20000035   0x00000001   PAD
    0x20000036   0x0000000e   Data   RW         2222    .data               socket.o
    0x20000044   0x0000001c   Data   RW         2520    .data               main.o
    0x20000060   0x00000004   Data   RW         2935    .data               cpu_core.o
    0x20000064   0x00000008   Data   RW         4053    .data               os_prio.o
    0x2000006c   0x000000c8   Data   RW         4609    .data               os_var.o
    0x20000134   0x00000004   Data   RW         4636    .data               os_cpu_c.o
    0x20000138   0x00000010   Zero   RW         2221    .bss                socket.o
    0x20000148   0x00001a4c   Zero   RW         2518    .bss                main.o
    0x20001b94   0x00000094   Zero   RW         2697    .bss                adc.o
    0x20001c28   0x00000040   Zero   RW         2787    .bss                usart.o
    0x20001c68   0x00000058   Zero   RW         2829    .bss                spi.o
    0x20001cc0   0x00000010   Zero   RW         2933    .bss                cpu_core.o
    0x20001cd0   0x00001490   Zero   RW         3508    .bss                os_cfg_app.o
    0x20003160   0x000006e0   Zero   RW         4608    .bss                os_var.o
    0x20003840   0x00000060   Zero   RW         4905    .bss                c_w.l(libspace.o)
    0x200038a0   0x00000200   Zero   RW         2460    HEAP                startup_stm32f407xx.o
    0x20003aa0   0x00000400   Zero   RW         2459    STACK               startup_stm32f407xx.o


==============================================================================

Image component sizes


      Code (inc. data)   RO Data    RW Data    ZI Data      Debug   Object Name

       220         30          0          0        148       1999   adc.o
        72         14          0          0          0       1786   bsp.o
        52          0          0          0          0        408   cpu_a.o
       100         18          0          4         16      12897   cpu_core.o
        52          4          0          0          0        898   dma.o
       200         14          0          0          0       1135   gpio.o
       102          0          0          0          0       2004   lib_mem.o
       752        194          0          0          0       2800   loopback.o
      1504        406         16         28       6732      48794   main.o
       252        166        164          0       5264      21218   os_cfg_app.o
      3016        412          0          0          0      23528   os_core.o
       172         32          0          0          0        476   os_cpu_a.o
       912         56          0          4          0       8032   os_cpu_c.o
       432        286        364          0          0       5001   os_dbg.o
       670         26          0          0          0       3321   os_flag.o
      1148        204          0          0          0       3858   os_int.o
        24         10          0          0          0       1033   os_mem.o
       472         26          0          0          0       4244   os_msg.o
        24         10          0          0          0       1035   os_mutex.o
       136         16          0          8          0       3354   os_prio.o
       356         18          0          0          0       2374   os_q.o
       380         16          0          0          0       2402   os_sem.o
      1616        208          0          0          0       4347   os_stat.o
      4792        256          0          0          0      14512   os_task.o
      1308        124          0          0          0       6145   os_tick.o
       348         28          0          0          0       1933   os_time.o
       812        134          0          0          0       4676   os_tmr.o
         0          0          0        200       1760      19493   os_var.o
      2684         82          0         14         16       8890   socket.o
       184         26          0          0         88       1921   spi.o
        64         26        392          0       1536       1012   startup_stm32f407xx.o
       124         16          0          4          0       4054   stm32f4xx_hal.o
       860         38          0          0          0       2899   stm32f4xx_hal_adc.o
       346         22          0          0          0      32566   stm32f4xx_hal_cortex.o
      9908        110          0          0          0       7344   stm32f4xx_hal_dma.o
       532         48          0          0          0       2624   stm32f4xx_hal_gpio.o
        20          0          0          0          0        566   stm32f4xx_hal_msp.o
      2040         66         16          0          0       6591   stm32f4xx_hal_rcc.o
      2280          0          0          0          0       6234   stm32f4xx_hal_spi.o
      1814         10          0          0          0       9551   stm32f4xx_hal_uart.o
        44         12          0          0          0       1712   stm32f4xx_it.o
       100         18          0          4          0     350329   system_stm32f4xx.o
       152         20          0          0         64       1918   usart.o
      1090         16          0          0          0      10480   w5500.o
      1732        100          0         45          0      26462   wizchip_conf.o

    ----------------------------------------------------------------------
     43918       3318        986        312      15624     678856   Object Totals
         0          0         32          0          0          0   (incl. Generated)
        20          0          2          1          0          0   (incl. Padding)

    ----------------------------------------------------------------------

      Code (inc. data)   RO Data    RW Data    ZI Data      Debug   Library Member Name

        90          0          0          0          0          0   __dczerorl2.o
         8          0          0          0          0         68   __main.o
       392          4         17          0          0         92   __printf_flags_ss_wp.o
        14          0          0          0          0         68   __printf_wp.o
        52          8          0          0          0          0   __scatter.o
        28          0          0          0          0          0   __scatter_zi.o
        44          0          0          0          0        108   _printf_char.o
        48          6          0          0          0         96   _printf_char_common.o
        36          4          0          0          0         80   _printf_char_file.o
         6          0          0          0          0          0   _printf_d.o
       116         16          0          0          0         92   _printf_dec.o
        88          4         40          0          0         88   _printf_hex_int.o
       178          0          0          0          0         88   _printf_intcommon.o
        78          0          0          0          0        108   _printf_pad.o
         0          0          0          0          0          0   _printf_percent.o
         4          0          0          0          0          0   _printf_percent_end.o
         6          0          0          0          0          0   _printf_s.o
        82          0          0          0          0         80   _printf_str.o
         6          0          0          0          0          0   _printf_x.o
        12          0          0          0          0         72   exit.o
         8          0          0          0          0         68   ferror.o
         6          0          0          0          0        152   heapauxi.o
         2          0          0          0          0          0   libinit.o
         6          0          0          0          0          0   libinit2.o
         2          0          0          0          0          0   libshutdown.o
         2          0          0          0          0          0   libshutdown2.o
         8          4          0          0         96         68   libspace.o
        24          4          0          0          0         84   noretval__2printf.o
         0          0          0          0          0          0   rtentry.o
        12          0          0          0          0          0   rtentry2.o
         6          0          0          0          0          0   rtentry4.o
         2          0          0          0          0          0   rtexit.o
        10          0          0          0          0          0   rtexit2.o
        74          0          0          0          0         80   sys_stackheap_outer.o
         2          0          0          0          0         68   use_no_semi.o
         2          0          0          0          0         68   use_no_semi_2.o
        10          0          0          0          0        116   fpinit.o

    ----------------------------------------------------------------------
      1472         50         60          0         96       1744   Library Totals
         8          0          3          0          0          0   (incl. Padding)

    ----------------------------------------------------------------------

      Code (inc. data)   RO Data    RW Data    ZI Data      Debug   Library Name

      1454         50         57          0         96       1628   c_w.l
        10          0          0          0          0        116   fz_wm.l

    ----------------------------------------------------------------------
      1472         50         60          0         96       1744   Library Totals

    ----------------------------------------------------------------------

==============================================================================


      Code (inc. data)   RO Data    RW Data    ZI Data      Debug   

     45390       3368       1046        312      15720     658220   Grand Totals
     45390       3368       1046         60      15720     658220   ELF Image Totals (compressed)
     45390       3368       1046         60          0          0   ROM Totals

==============================================================================

    Total RO  Size (Code + RO Data)                46436 (  45.35kB)
    Total RW  Size (RW Data + ZI Data)             16032 (  15.66kB)
    Total ROM Size (Code + RO Data + RW Data)      46496 (  45.41kB)

==============================================================================

