<html>
<body>
<pre>
<h1>µVision Build Log</h1>
<h2>Project:</h2>
D:\My Projects\elevator_emergency_communicator\stm32_test_component\W5500_stm32f407\STM32CubeMX_UCOSIII_f407_Template\MDK-ARM\STM32CubeMX_UCOSIII_f407_Template.uvprojx
Project File Date:  08/13/2015

<h2>Output:</h2>
Build target 'STM32CubeMX_UCOSIII_f407_Template Configuration'
compiling wizchip_conf.c...
compiling main.c...
linking...
Program Size: Code=45390 RO-data=1046 RW-data=312 ZI-data=15720  
FromELF: creating hex file...
"..\obj\STM32CubeMX_UCOSIII_f407_Template Configuration.axf" - 0 Error(s), 0 Warning(s).
Load "..\\obj\\STM32CubeMX_UCOSIII_f407_Template Configuration.axf" 
* JLink Info: Device "STM32F407ZG" selected (1024 KB flash, 128 KB RAM).
Set JLink Project File to "D:\My Projects\elevator_emergency_communicator\stm32_test_component\W5500_stm32f407\STM32CubeMX_UCOSIII_f407_Template\MDK-ARM\JLinkSettings.ini"
* JLink Info: Device "STM32F407ZG" selected (1024 KB flash, 128 KB RAM).
 
JLink info:
------------
DLL: V4.80g, compiled Feb 13 2014 20:50:02
Firmware: J-Link ARM V8 compiled Jan 31 2018 18:34:52
Hardware: V8.00
S/N : 20080643 
Feature(s) : RDI,FlashDL,FlashBP,JFlash,GDBFull 
 
* JLink Info: Found SWD-DP with ID 0x2BA01477
* JLink Info: Found SWD-DP with ID 0x2BA01477
* JLink Info: Found Cortex-M4 r0p1, Little endian.
* JLink Info: FPUnit: 6 code (BP) slots and 2 literal slots
* JLink Info: TPIU fitted.
* JLink Info: ETM fitted.
ROMTableAddr = 0xE00FF003
 
Target info:
------------
Device: STM32F407ZGTx
VTarget = 3.131V
State of Pins: 
TCK: 0, TDI: 1, TDO: 1, TMS: 0, TRES: 1, TRST: 1
Hardware-Breakpoints: 6
Software-Breakpoints: 8192
Watchpoints:          4
JTAG speed: 4000 kHz
 
Erase Done.
Programming Done.
Verify OK.
</pre>
</body>
</html>
ing os_dbg.c...
compiling os_flag.c...
compiling os_int.c...
compiling os_mem.c...
compiling os_msg.c...
compiling os_mutex.c...
compiling os_pend_multi.c...
compiling os_prio.c...
compiling os_q.c...
compiling os_sem.c...
compiling os_stat.c...
compiling os_task.c...
compiling os_tick.c...
compiling os_time.c...
compiling os_tmr.c...
compiling os_var.c...
compiling os_cpu_c.c...
compiling os_app_hooks.c...
"..\obj\STM32CubeMX_UCOSIII_f407_Template Configuration.axf" - 2 Error(s), 0 Warning(s).
Target not created
